Archive member included because of file (symbol)

/opt/gcc-arm-none-eabi/bin/../lib/gcc/arm-none-eabi/4.7.3/../../../../arm-none-eabi/lib/armv7e-m/softfp/libg_s.a(lib_a-puts.o)
                              .obj/proj0.o (puts)
/opt/gcc-arm-none-eabi/bin/../lib/gcc/arm-none-eabi/4.7.3/../../../../arm-none-eabi/lib/armv7e-m/softfp/libg_s.a(lib_a-findfp.o)
                              /opt/gcc-arm-none-eabi/bin/../lib/gcc/arm-none-eabi/4.7.3/../../../../arm-none-eabi/lib/armv7e-m/softfp/libg_s.a(lib_a-puts.o) (__sinit)
/opt/gcc-arm-none-eabi/bin/../lib/gcc/arm-none-eabi/4.7.3/../../../../arm-none-eabi/lib/armv7e-m/softfp/libg_s.a(lib_a-fwalk.o)
                              /opt/gcc-arm-none-eabi/bin/../lib/gcc/arm-none-eabi/4.7.3/../../../../arm-none-eabi/lib/armv7e-m/softfp/libg_s.a(lib_a-findfp.o) (_fwalk)
/opt/gcc-arm-none-eabi/bin/../lib/gcc/arm-none-eabi/4.7.3/../../../../arm-none-eabi/lib/armv7e-m/softfp/libg_s.a(lib_a-impure.o)
                              /opt/gcc-arm-none-eabi/bin/../lib/gcc/arm-none-eabi/4.7.3/../../../../arm-none-eabi/lib/armv7e-m/softfp/libg_s.a(lib_a-findfp.o) (_global_impure_ptr)
/opt/gcc-arm-none-eabi/bin/../lib/gcc/arm-none-eabi/4.7.3/../../../../arm-none-eabi/lib/armv7e-m/softfp/libg_s.a(lib_a-mallocr.o)
                              /opt/gcc-arm-none-eabi/bin/../lib/gcc/arm-none-eabi/4.7.3/../../../../arm-none-eabi/lib/armv7e-m/softfp/libg_s.a(lib_a-findfp.o) (_malloc_r)
/opt/gcc-arm-none-eabi/bin/../lib/gcc/arm-none-eabi/4.7.3/../../../../arm-none-eabi/lib/armv7e-m/softfp/libg_s.a(lib_a-memset.o)
                              /opt/gcc-arm-none-eabi/bin/../lib/gcc/arm-none-eabi/4.7.3/../../../../arm-none-eabi/lib/armv7e-m/softfp/libg_s.a(lib_a-findfp.o) (memset)
/opt/gcc-arm-none-eabi/bin/../lib/gcc/arm-none-eabi/4.7.3/../../../../arm-none-eabi/lib/armv7e-m/softfp/libg_s.a(lib_a-putc.o)
                              /opt/gcc-arm-none-eabi/bin/../lib/gcc/arm-none-eabi/4.7.3/../../../../arm-none-eabi/lib/armv7e-m/softfp/libg_s.a(lib_a-puts.o) (_putc_r)
/opt/gcc-arm-none-eabi/bin/../lib/gcc/arm-none-eabi/4.7.3/../../../../arm-none-eabi/lib/armv7e-m/softfp/libg_s.a(lib_a-sbrkr.o)
                              /opt/gcc-arm-none-eabi/bin/../lib/gcc/arm-none-eabi/4.7.3/../../../../arm-none-eabi/lib/armv7e-m/softfp/libg_s.a(lib_a-mallocr.o) (_sbrk_r)
/opt/gcc-arm-none-eabi/bin/../lib/gcc/arm-none-eabi/4.7.3/../../../../arm-none-eabi/lib/armv7e-m/softfp/libg_s.a(lib_a-stdio.o)
                              /opt/gcc-arm-none-eabi/bin/../lib/gcc/arm-none-eabi/4.7.3/../../../../arm-none-eabi/lib/armv7e-m/softfp/libg_s.a(lib_a-findfp.o) (__sread)
/opt/gcc-arm-none-eabi/bin/../lib/gcc/arm-none-eabi/4.7.3/../../../../arm-none-eabi/lib/armv7e-m/softfp/libg_s.a(lib_a-wbuf.o)
                              /opt/gcc-arm-none-eabi/bin/../lib/gcc/arm-none-eabi/4.7.3/../../../../arm-none-eabi/lib/armv7e-m/softfp/libg_s.a(lib_a-putc.o) (__swbuf_r)
/opt/gcc-arm-none-eabi/bin/../lib/gcc/arm-none-eabi/4.7.3/../../../../arm-none-eabi/lib/armv7e-m/softfp/libg_s.a(lib_a-writer.o)
                              /opt/gcc-arm-none-eabi/bin/../lib/gcc/arm-none-eabi/4.7.3/../../../../arm-none-eabi/lib/armv7e-m/softfp/libg_s.a(lib_a-stdio.o) (_write_r)
/opt/gcc-arm-none-eabi/bin/../lib/gcc/arm-none-eabi/4.7.3/../../../../arm-none-eabi/lib/armv7e-m/softfp/libg_s.a(lib_a-wsetup.o)
                              /opt/gcc-arm-none-eabi/bin/../lib/gcc/arm-none-eabi/4.7.3/../../../../arm-none-eabi/lib/armv7e-m/softfp/libg_s.a(lib_a-wbuf.o) (__swsetup_r)
/opt/gcc-arm-none-eabi/bin/../lib/gcc/arm-none-eabi/4.7.3/../../../../arm-none-eabi/lib/armv7e-m/softfp/libg_s.a(lib_a-closer.o)
                              /opt/gcc-arm-none-eabi/bin/../lib/gcc/arm-none-eabi/4.7.3/../../../../arm-none-eabi/lib/armv7e-m/softfp/libg_s.a(lib_a-stdio.o) (_close_r)
/opt/gcc-arm-none-eabi/bin/../lib/gcc/arm-none-eabi/4.7.3/../../../../arm-none-eabi/lib/armv7e-m/softfp/libg_s.a(lib_a-fflush.o)
                              /opt/gcc-arm-none-eabi/bin/../lib/gcc/arm-none-eabi/4.7.3/../../../../arm-none-eabi/lib/armv7e-m/softfp/libg_s.a(lib_a-findfp.o) (_fflush_r)
/opt/gcc-arm-none-eabi/bin/../lib/gcc/arm-none-eabi/4.7.3/../../../../arm-none-eabi/lib/armv7e-m/softfp/libg_s.a(lib_a-freer.o)
                              /opt/gcc-arm-none-eabi/bin/../lib/gcc/arm-none-eabi/4.7.3/../../../../arm-none-eabi/lib/armv7e-m/softfp/libg_s.a(lib_a-wsetup.o) (_free_r)
/opt/gcc-arm-none-eabi/bin/../lib/gcc/arm-none-eabi/4.7.3/../../../../arm-none-eabi/lib/armv7e-m/softfp/libg_s.a(lib_a-lseekr.o)
                              /opt/gcc-arm-none-eabi/bin/../lib/gcc/arm-none-eabi/4.7.3/../../../../arm-none-eabi/lib/armv7e-m/softfp/libg_s.a(lib_a-stdio.o) (_lseek_r)
/opt/gcc-arm-none-eabi/bin/../lib/gcc/arm-none-eabi/4.7.3/../../../../arm-none-eabi/lib/armv7e-m/softfp/libg_s.a(lib_a-makebuf.o)
                              /opt/gcc-arm-none-eabi/bin/../lib/gcc/arm-none-eabi/4.7.3/../../../../arm-none-eabi/lib/armv7e-m/softfp/libg_s.a(lib_a-wsetup.o) (__smakebuf_r)
/opt/gcc-arm-none-eabi/bin/../lib/gcc/arm-none-eabi/4.7.3/../../../../arm-none-eabi/lib/armv7e-m/softfp/libg_s.a(lib_a-readr.o)
                              /opt/gcc-arm-none-eabi/bin/../lib/gcc/arm-none-eabi/4.7.3/../../../../arm-none-eabi/lib/armv7e-m/softfp/libg_s.a(lib_a-stdio.o) (_read_r)
/opt/gcc-arm-none-eabi/bin/../lib/gcc/arm-none-eabi/4.7.3/../../../../arm-none-eabi/lib/armv7e-m/softfp/libg_s.a(lib_a-reent.o)
                              /opt/gcc-arm-none-eabi/bin/../lib/gcc/arm-none-eabi/4.7.3/../../../../arm-none-eabi/lib/armv7e-m/softfp/libg_s.a(lib_a-sbrkr.o) (errno)
/opt/gcc-arm-none-eabi/bin/../lib/gcc/arm-none-eabi/4.7.3/../../../../arm-none-eabi/lib/armv7e-m/softfp/libg_s.a(lib_a-fstatr.o)
                              /opt/gcc-arm-none-eabi/bin/../lib/gcc/arm-none-eabi/4.7.3/../../../../arm-none-eabi/lib/armv7e-m/softfp/libg_s.a(lib_a-makebuf.o) (_fstat_r)
/opt/gcc-arm-none-eabi/bin/../lib/gcc/arm-none-eabi/4.7.3/../../../../arm-none-eabi/lib/armv7e-m/softfp/libg_s.a(lib_a-isattyr.o)
                              /opt/gcc-arm-none-eabi/bin/../lib/gcc/arm-none-eabi/4.7.3/../../../../arm-none-eabi/lib/armv7e-m/softfp/libg_s.a(lib_a-makebuf.o) (_isatty_r)

Allocating common symbols
Common symbol       size              file

errno               0x4               /opt/gcc-arm-none-eabi/bin/../lib/gcc/arm-none-eabi/4.7.3/../../../../arm-none-eabi/lib/armv7e-m/softfp/libg_s.a(lib_a-reent.o)

Discarded input sections

 .text          0x00000000        0x0 .obj/proj0.o
 .data          0x00000000        0x0 .obj/proj0.o
 .bss           0x00000000        0x0 .obj/proj0.o
 .text          0x00000000        0x0 .obj/stellariscommon.o
 .data          0x00000000        0x0 .obj/stellariscommon.o
 .bss           0x00000000        0x0 .obj/stellariscommon.o
 .text.SetupSysTick
                0x00000000       0x54 .obj/stellariscommon.o
 .text          0x00000000        0x0 .obj/startup.o
 .data          0x00000000        0x0 .obj/startup.o
 .bss           0x00000000        0x0 .obj/startup.o
 .text          0x00000000        0x0 .obj/syscalls.o
 .data          0x00000000        0x0 .obj/syscalls.o
 .bss           0x00000000        0x0 .obj/syscalls.o
 .text._open    0x00000000       0x1c .obj/syscalls.o
 .text          0x00000000        0x0 /opt/gcc-arm-none-eabi/bin/../lib/gcc/arm-none-eabi/4.7.3/../../../../arm-none-eabi/lib/armv7e-m/softfp/libg_s.a(lib_a-puts.o)
 .data          0x00000000        0x0 /opt/gcc-arm-none-eabi/bin/../lib/gcc/arm-none-eabi/4.7.3/../../../../arm-none-eabi/lib/armv7e-m/softfp/libg_s.a(lib_a-puts.o)
 .bss           0x00000000        0x0 /opt/gcc-arm-none-eabi/bin/../lib/gcc/arm-none-eabi/4.7.3/../../../../arm-none-eabi/lib/armv7e-m/softfp/libg_s.a(lib_a-puts.o)
 .text._puts_r  0x00000000       0x32 /opt/gcc-arm-none-eabi/bin/../lib/gcc/arm-none-eabi/4.7.3/../../../../arm-none-eabi/lib/armv7e-m/softfp/libg_s.a(lib_a-puts.o)
 .text          0x00000000        0x0 /opt/gcc-arm-none-eabi/bin/../lib/gcc/arm-none-eabi/4.7.3/../../../../arm-none-eabi/lib/armv7e-m/softfp/libg_s.a(lib_a-findfp.o)
 .data          0x00000000        0x0 /opt/gcc-arm-none-eabi/bin/../lib/gcc/arm-none-eabi/4.7.3/../../../../arm-none-eabi/lib/armv7e-m/softfp/libg_s.a(lib_a-findfp.o)
 .bss           0x00000000        0x0 /opt/gcc-arm-none-eabi/bin/../lib/gcc/arm-none-eabi/4.7.3/../../../../arm-none-eabi/lib/armv7e-m/softfp/libg_s.a(lib_a-findfp.o)
 .text.__fp_lock
                0x00000000        0x4 /opt/gcc-arm-none-eabi/bin/../lib/gcc/arm-none-eabi/4.7.3/../../../../arm-none-eabi/lib/armv7e-m/softfp/libg_s.a(lib_a-findfp.o)
 .text.__fp_unlock
                0x00000000        0x4 /opt/gcc-arm-none-eabi/bin/../lib/gcc/arm-none-eabi/4.7.3/../../../../arm-none-eabi/lib/armv7e-m/softfp/libg_s.a(lib_a-findfp.o)
 .text._cleanup
                0x00000000        0xc /opt/gcc-arm-none-eabi/bin/../lib/gcc/arm-none-eabi/4.7.3/../../../../arm-none-eabi/lib/armv7e-m/softfp/libg_s.a(lib_a-findfp.o)
 .text.__sfp_lock_acquire
                0x00000000        0x2 /opt/gcc-arm-none-eabi/bin/../lib/gcc/arm-none-eabi/4.7.3/../../../../arm-none-eabi/lib/armv7e-m/softfp/libg_s.a(lib_a-findfp.o)
 .text.__sfp_lock_release
                0x00000000        0x2 /opt/gcc-arm-none-eabi/bin/../lib/gcc/arm-none-eabi/4.7.3/../../../../arm-none-eabi/lib/armv7e-m/softfp/libg_s.a(lib_a-findfp.o)
 .text.__sinit_lock_acquire
                0x00000000        0x2 /opt/gcc-arm-none-eabi/bin/../lib/gcc/arm-none-eabi/4.7.3/../../../../arm-none-eabi/lib/armv7e-m/softfp/libg_s.a(lib_a-findfp.o)
 .text.__sinit_lock_release
                0x00000000        0x2 /opt/gcc-arm-none-eabi/bin/../lib/gcc/arm-none-eabi/4.7.3/../../../../arm-none-eabi/lib/armv7e-m/softfp/libg_s.a(lib_a-findfp.o)
 .text.__fp_lock_all
                0x00000000       0x14 /opt/gcc-arm-none-eabi/bin/../lib/gcc/arm-none-eabi/4.7.3/../../../../arm-none-eabi/lib/armv7e-m/softfp/libg_s.a(lib_a-findfp.o)
 .text.__fp_unlock_all
                0x00000000       0x14 /opt/gcc-arm-none-eabi/bin/../lib/gcc/arm-none-eabi/4.7.3/../../../../arm-none-eabi/lib/armv7e-m/softfp/libg_s.a(lib_a-findfp.o)
 .text          0x00000000        0x0 /opt/gcc-arm-none-eabi/bin/../lib/gcc/arm-none-eabi/4.7.3/../../../../arm-none-eabi/lib/armv7e-m/softfp/libg_s.a(lib_a-fwalk.o)
 .data          0x00000000        0x0 /opt/gcc-arm-none-eabi/bin/../lib/gcc/arm-none-eabi/4.7.3/../../../../arm-none-eabi/lib/armv7e-m/softfp/libg_s.a(lib_a-fwalk.o)
 .bss           0x00000000        0x0 /opt/gcc-arm-none-eabi/bin/../lib/gcc/arm-none-eabi/4.7.3/../../../../arm-none-eabi/lib/armv7e-m/softfp/libg_s.a(lib_a-fwalk.o)
 .text._fwalk   0x00000000       0x40 /opt/gcc-arm-none-eabi/bin/../lib/gcc/arm-none-eabi/4.7.3/../../../../arm-none-eabi/lib/armv7e-m/softfp/libg_s.a(lib_a-fwalk.o)
 .text._fwalk_reent
                0x00000000       0x44 /opt/gcc-arm-none-eabi/bin/../lib/gcc/arm-none-eabi/4.7.3/../../../../arm-none-eabi/lib/armv7e-m/softfp/libg_s.a(lib_a-fwalk.o)
 .ARM.attributes
                0x00000000       0x34 /opt/gcc-arm-none-eabi/bin/../lib/gcc/arm-none-eabi/4.7.3/../../../../arm-none-eabi/lib/armv7e-m/softfp/libg_s.a(lib_a-fwalk.o)
 .debug_frame   0x00000000       0x54 /opt/gcc-arm-none-eabi/bin/../lib/gcc/arm-none-eabi/4.7.3/../../../../arm-none-eabi/lib/armv7e-m/softfp/libg_s.a(lib_a-fwalk.o)
 .text          0x00000000        0x0 /opt/gcc-arm-none-eabi/bin/../lib/gcc/arm-none-eabi/4.7.3/../../../../arm-none-eabi/lib/armv7e-m/softfp/libg_s.a(lib_a-impure.o)
 .data          0x00000000        0x0 /opt/gcc-arm-none-eabi/bin/../lib/gcc/arm-none-eabi/4.7.3/../../../../arm-none-eabi/lib/armv7e-m/softfp/libg_s.a(lib_a-impure.o)
 .bss           0x00000000        0x0 /opt/gcc-arm-none-eabi/bin/../lib/gcc/arm-none-eabi/4.7.3/../../../../arm-none-eabi/lib/armv7e-m/softfp/libg_s.a(lib_a-impure.o)
 .text          0x00000000        0x0 /opt/gcc-arm-none-eabi/bin/../lib/gcc/arm-none-eabi/4.7.3/../../../../arm-none-eabi/lib/armv7e-m/softfp/libg_s.a(lib_a-mallocr.o)
 .data          0x00000000        0x0 /opt/gcc-arm-none-eabi/bin/../lib/gcc/arm-none-eabi/4.7.3/../../../../arm-none-eabi/lib/armv7e-m/softfp/libg_s.a(lib_a-mallocr.o)
 .bss           0x00000000        0x0 /opt/gcc-arm-none-eabi/bin/../lib/gcc/arm-none-eabi/4.7.3/../../../../arm-none-eabi/lib/armv7e-m/softfp/libg_s.a(lib_a-mallocr.o)
 .text          0x00000000        0x0 /opt/gcc-arm-none-eabi/bin/../lib/gcc/arm-none-eabi/4.7.3/../../../../arm-none-eabi/lib/armv7e-m/softfp/libg_s.a(lib_a-memset.o)
 .data          0x00000000        0x0 /opt/gcc-arm-none-eabi/bin/../lib/gcc/arm-none-eabi/4.7.3/../../../../arm-none-eabi/lib/armv7e-m/softfp/libg_s.a(lib_a-memset.o)
 .bss           0x00000000        0x0 /opt/gcc-arm-none-eabi/bin/../lib/gcc/arm-none-eabi/4.7.3/../../../../arm-none-eabi/lib/armv7e-m/softfp/libg_s.a(lib_a-memset.o)
 .text          0x00000000        0x0 /opt/gcc-arm-none-eabi/bin/../lib/gcc/arm-none-eabi/4.7.3/../../../../arm-none-eabi/lib/armv7e-m/softfp/libg_s.a(lib_a-putc.o)
 .data          0x00000000        0x0 /opt/gcc-arm-none-eabi/bin/../lib/gcc/arm-none-eabi/4.7.3/../../../../arm-none-eabi/lib/armv7e-m/softfp/libg_s.a(lib_a-putc.o)
 .bss           0x00000000        0x0 /opt/gcc-arm-none-eabi/bin/../lib/gcc/arm-none-eabi/4.7.3/../../../../arm-none-eabi/lib/armv7e-m/softfp/libg_s.a(lib_a-putc.o)
 .text.putc     0x00000000       0x14 /opt/gcc-arm-none-eabi/bin/../lib/gcc/arm-none-eabi/4.7.3/../../../../arm-none-eabi/lib/armv7e-m/softfp/libg_s.a(lib_a-putc.o)
 .text          0x00000000        0x0 /opt/gcc-arm-none-eabi/bin/../lib/gcc/arm-none-eabi/4.7.3/../../../../arm-none-eabi/lib/armv7e-m/softfp/libg_s.a(lib_a-sbrkr.o)
 .data          0x00000000        0x0 /opt/gcc-arm-none-eabi/bin/../lib/gcc/arm-none-eabi/4.7.3/../../../../arm-none-eabi/lib/armv7e-m/softfp/libg_s.a(lib_a-sbrkr.o)
 .bss           0x00000000        0x0 /opt/gcc-arm-none-eabi/bin/../lib/gcc/arm-none-eabi/4.7.3/../../../../arm-none-eabi/lib/armv7e-m/softfp/libg_s.a(lib_a-sbrkr.o)
 .text          0x00000000        0x0 /opt/gcc-arm-none-eabi/bin/../lib/gcc/arm-none-eabi/4.7.3/../../../../arm-none-eabi/lib/armv7e-m/softfp/libg_s.a(lib_a-stdio.o)
 .data          0x00000000        0x0 /opt/gcc-arm-none-eabi/bin/../lib/gcc/arm-none-eabi/4.7.3/../../../../arm-none-eabi/lib/armv7e-m/softfp/libg_s.a(lib_a-stdio.o)
 .bss           0x00000000        0x0 /opt/gcc-arm-none-eabi/bin/../lib/gcc/arm-none-eabi/4.7.3/../../../../arm-none-eabi/lib/armv7e-m/softfp/libg_s.a(lib_a-stdio.o)
 .text.__seofread
                0x00000000        0x4 /opt/gcc-arm-none-eabi/bin/../lib/gcc/arm-none-eabi/4.7.3/../../../../arm-none-eabi/lib/armv7e-m/softfp/libg_s.a(lib_a-stdio.o)
 .text          0x00000000        0x0 /opt/gcc-arm-none-eabi/bin/../lib/gcc/arm-none-eabi/4.7.3/../../../../arm-none-eabi/lib/armv7e-m/softfp/libg_s.a(lib_a-wbuf.o)
 .data          0x00000000        0x0 /opt/gcc-arm-none-eabi/bin/../lib/gcc/arm-none-eabi/4.7.3/../../../../arm-none-eabi/lib/armv7e-m/softfp/libg_s.a(lib_a-wbuf.o)
 .bss           0x00000000        0x0 /opt/gcc-arm-none-eabi/bin/../lib/gcc/arm-none-eabi/4.7.3/../../../../arm-none-eabi/lib/armv7e-m/softfp/libg_s.a(lib_a-wbuf.o)
 .text.__swbuf  0x00000000       0x14 /opt/gcc-arm-none-eabi/bin/../lib/gcc/arm-none-eabi/4.7.3/../../../../arm-none-eabi/lib/armv7e-m/softfp/libg_s.a(lib_a-wbuf.o)
 .text          0x00000000        0x0 /opt/gcc-arm-none-eabi/bin/../lib/gcc/arm-none-eabi/4.7.3/../../../../arm-none-eabi/lib/armv7e-m/softfp/libg_s.a(lib_a-writer.o)
 .data          0x00000000        0x0 /opt/gcc-arm-none-eabi/bin/../lib/gcc/arm-none-eabi/4.7.3/../../../../arm-none-eabi/lib/armv7e-m/softfp/libg_s.a(lib_a-writer.o)
 .bss           0x00000000        0x0 /opt/gcc-arm-none-eabi/bin/../lib/gcc/arm-none-eabi/4.7.3/../../../../arm-none-eabi/lib/armv7e-m/softfp/libg_s.a(lib_a-writer.o)
 .text          0x00000000        0x0 /opt/gcc-arm-none-eabi/bin/../lib/gcc/arm-none-eabi/4.7.3/../../../../arm-none-eabi/lib/armv7e-m/softfp/libg_s.a(lib_a-wsetup.o)
 .data          0x00000000        0x0 /opt/gcc-arm-none-eabi/bin/../lib/gcc/arm-none-eabi/4.7.3/../../../../arm-none-eabi/lib/armv7e-m/softfp/libg_s.a(lib_a-wsetup.o)
 .bss           0x00000000        0x0 /opt/gcc-arm-none-eabi/bin/../lib/gcc/arm-none-eabi/4.7.3/../../../../arm-none-eabi/lib/armv7e-m/softfp/libg_s.a(lib_a-wsetup.o)
 .text          0x00000000        0x0 /opt/gcc-arm-none-eabi/bin/../lib/gcc/arm-none-eabi/4.7.3/../../../../arm-none-eabi/lib/armv7e-m/softfp/libg_s.a(lib_a-closer.o)
 .data          0x00000000        0x0 /opt/gcc-arm-none-eabi/bin/../lib/gcc/arm-none-eabi/4.7.3/../../../../arm-none-eabi/lib/armv7e-m/softfp/libg_s.a(lib_a-closer.o)
 .bss           0x00000000        0x0 /opt/gcc-arm-none-eabi/bin/../lib/gcc/arm-none-eabi/4.7.3/../../../../arm-none-eabi/lib/armv7e-m/softfp/libg_s.a(lib_a-closer.o)
 .text          0x00000000        0x0 /opt/gcc-arm-none-eabi/bin/../lib/gcc/arm-none-eabi/4.7.3/../../../../arm-none-eabi/lib/armv7e-m/softfp/libg_s.a(lib_a-fflush.o)
 .data          0x00000000        0x0 /opt/gcc-arm-none-eabi/bin/../lib/gcc/arm-none-eabi/4.7.3/../../../../arm-none-eabi/lib/armv7e-m/softfp/libg_s.a(lib_a-fflush.o)
 .bss           0x00000000        0x0 /opt/gcc-arm-none-eabi/bin/../lib/gcc/arm-none-eabi/4.7.3/../../../../arm-none-eabi/lib/armv7e-m/softfp/libg_s.a(lib_a-fflush.o)
 .text.fflush   0x00000000       0x24 /opt/gcc-arm-none-eabi/bin/../lib/gcc/arm-none-eabi/4.7.3/../../../../arm-none-eabi/lib/armv7e-m/softfp/libg_s.a(lib_a-fflush.o)
 .text          0x00000000        0x0 /opt/gcc-arm-none-eabi/bin/../lib/gcc/arm-none-eabi/4.7.3/../../../../arm-none-eabi/lib/armv7e-m/softfp/libg_s.a(lib_a-freer.o)
 .data          0x00000000        0x0 /opt/gcc-arm-none-eabi/bin/../lib/gcc/arm-none-eabi/4.7.3/../../../../arm-none-eabi/lib/armv7e-m/softfp/libg_s.a(lib_a-freer.o)
 .bss           0x00000000        0x0 /opt/gcc-arm-none-eabi/bin/../lib/gcc/arm-none-eabi/4.7.3/../../../../arm-none-eabi/lib/armv7e-m/softfp/libg_s.a(lib_a-freer.o)
 .text          0x00000000        0x0 /opt/gcc-arm-none-eabi/bin/../lib/gcc/arm-none-eabi/4.7.3/../../../../arm-none-eabi/lib/armv7e-m/softfp/libg_s.a(lib_a-lseekr.o)
 .data          0x00000000        0x0 /opt/gcc-arm-none-eabi/bin/../lib/gcc/arm-none-eabi/4.7.3/../../../../arm-none-eabi/lib/armv7e-m/softfp/libg_s.a(lib_a-lseekr.o)
 .bss           0x00000000        0x0 /opt/gcc-arm-none-eabi/bin/../lib/gcc/arm-none-eabi/4.7.3/../../../../arm-none-eabi/lib/armv7e-m/softfp/libg_s.a(lib_a-lseekr.o)
 .text          0x00000000        0x0 /opt/gcc-arm-none-eabi/bin/../lib/gcc/arm-none-eabi/4.7.3/../../../../arm-none-eabi/lib/armv7e-m/softfp/libg_s.a(lib_a-makebuf.o)
 .data          0x00000000        0x0 /opt/gcc-arm-none-eabi/bin/../lib/gcc/arm-none-eabi/4.7.3/../../../../arm-none-eabi/lib/armv7e-m/softfp/libg_s.a(lib_a-makebuf.o)
 .bss           0x00000000        0x0 /opt/gcc-arm-none-eabi/bin/../lib/gcc/arm-none-eabi/4.7.3/../../../../arm-none-eabi/lib/armv7e-m/softfp/libg_s.a(lib_a-makebuf.o)
 .text          0x00000000        0x0 /opt/gcc-arm-none-eabi/bin/../lib/gcc/arm-none-eabi/4.7.3/../../../../arm-none-eabi/lib/armv7e-m/softfp/libg_s.a(lib_a-readr.o)
 .data          0x00000000        0x0 /opt/gcc-arm-none-eabi/bin/../lib/gcc/arm-none-eabi/4.7.3/../../../../arm-none-eabi/lib/armv7e-m/softfp/libg_s.a(lib_a-readr.o)
 .bss           0x00000000        0x0 /opt/gcc-arm-none-eabi/bin/../lib/gcc/arm-none-eabi/4.7.3/../../../../arm-none-eabi/lib/armv7e-m/softfp/libg_s.a(lib_a-readr.o)
 .text          0x00000000        0x0 /opt/gcc-arm-none-eabi/bin/../lib/gcc/arm-none-eabi/4.7.3/../../../../arm-none-eabi/lib/armv7e-m/softfp/libg_s.a(lib_a-reent.o)
 .data          0x00000000        0x0 /opt/gcc-arm-none-eabi/bin/../lib/gcc/arm-none-eabi/4.7.3/../../../../arm-none-eabi/lib/armv7e-m/softfp/libg_s.a(lib_a-reent.o)
 .bss           0x00000000        0x0 /opt/gcc-arm-none-eabi/bin/../lib/gcc/arm-none-eabi/4.7.3/../../../../arm-none-eabi/lib/armv7e-m/softfp/libg_s.a(lib_a-reent.o)
 .text.cleanup_glue
                0x00000000       0x1a /opt/gcc-arm-none-eabi/bin/../lib/gcc/arm-none-eabi/4.7.3/../../../../arm-none-eabi/lib/armv7e-m/softfp/libg_s.a(lib_a-reent.o)
 .text._reclaim_reent
                0x00000000       0xac /opt/gcc-arm-none-eabi/bin/../lib/gcc/arm-none-eabi/4.7.3/../../../../arm-none-eabi/lib/armv7e-m/softfp/libg_s.a(lib_a-reent.o)
 .text._wrapup_reent
                0x00000000       0x30 /opt/gcc-arm-none-eabi/bin/../lib/gcc/arm-none-eabi/4.7.3/../../../../arm-none-eabi/lib/armv7e-m/softfp/libg_s.a(lib_a-reent.o)
 .text          0x00000000        0x0 /opt/gcc-arm-none-eabi/bin/../lib/gcc/arm-none-eabi/4.7.3/../../../../arm-none-eabi/lib/armv7e-m/softfp/libg_s.a(lib_a-fstatr.o)
 .data          0x00000000        0x0 /opt/gcc-arm-none-eabi/bin/../lib/gcc/arm-none-eabi/4.7.3/../../../../arm-none-eabi/lib/armv7e-m/softfp/libg_s.a(lib_a-fstatr.o)
 .bss           0x00000000        0x0 /opt/gcc-arm-none-eabi/bin/../lib/gcc/arm-none-eabi/4.7.3/../../../../arm-none-eabi/lib/armv7e-m/softfp/libg_s.a(lib_a-fstatr.o)
 .text          0x00000000        0x0 /opt/gcc-arm-none-eabi/bin/../lib/gcc/arm-none-eabi/4.7.3/../../../../arm-none-eabi/lib/armv7e-m/softfp/libg_s.a(lib_a-isattyr.o)
 .data          0x00000000        0x0 /opt/gcc-arm-none-eabi/bin/../lib/gcc/arm-none-eabi/4.7.3/../../../../arm-none-eabi/lib/armv7e-m/softfp/libg_s.a(lib_a-isattyr.o)
 .bss           0x00000000        0x0 /opt/gcc-arm-none-eabi/bin/../lib/gcc/arm-none-eabi/4.7.3/../../../../arm-none-eabi/lib/armv7e-m/softfp/libg_s.a(lib_a-isattyr.o)

Memory Configuration

Name             Origin             Length             Attributes
FLASH            0x00000000         0x00040000         xr
SRAM             0x20000000         0x00008000         xrw
*default*        0x00000000         0xffffffff

Linker script and memory map

                0x00001000                _stack_size = 0x1000

.text           0x00000000      0xf00
                0x00000000                _text = .
 *(.isr_vector)
 .isr_vector    0x00000000      0x26c .obj/startup.o
                0x00000000                g_pfnVectors
 *(.text*)
 .text.main     0x0000026c       0x14 .obj/proj0.o
                0x0000026c                main
 .text.SetupFPU
                0x00000280       0x28 .obj/stellariscommon.o
                0x00000280                SetupFPU
 .text.SetupClock
                0x000002a8       0x90 .obj/stellariscommon.o
                0x000002a8                SetupClock
 .text.SetupStdio
                0x00000338       0xb4 .obj/stellariscommon.o
                0x00000338                SetupStdio
 .text.HardwareInit
                0x000003ec       0x1c .obj/startup.o
                0x000003ec                HardwareInit
 .text.ResetISR
                0x00000408       0x6c .obj/startup.o
                0x00000408                ResetISR
 .text.NmiSR    0x00000474        0x8 .obj/startup.o
 .text.FaultISR
                0x0000047c        0x8 .obj/startup.o
 .text.IntDefaultHandler
                0x00000484        0x8 .obj/startup.o
 .text._sbrk    0x0000048c       0x8c .obj/syscalls.o
                0x0000048c                _sbrk
 .text._close   0x00000518       0x18 .obj/syscalls.o
                0x00000518                _close
 .text._fstat   0x00000530       0x18 .obj/syscalls.o
                0x00000530                _fstat
 .text._isatty  0x00000548       0x18 .obj/syscalls.o
                0x00000548                _isatty
 .text._lseek   0x00000560       0x1c .obj/syscalls.o
                0x00000560                _lseek
 .text._read    0x0000057c       0x58 .obj/syscalls.o
                0x0000057c                _read
 .text._write   0x000005d4       0x50 .obj/syscalls.o
                0x000005d4                _write
 .text.puts     0x00000624       0x3c /opt/gcc-arm-none-eabi/bin/../lib/gcc/arm-none-eabi/4.7.3/../../../../arm-none-eabi/lib/armv7e-m/softfp/libg_s.a(lib_a-puts.o)
                0x00000624                puts
 .text._cleanup_r
                0x00000660       0x32 /opt/gcc-arm-none-eabi/bin/../lib/gcc/arm-none-eabi/4.7.3/../../../../arm-none-eabi/lib/armv7e-m/softfp/libg_s.a(lib_a-findfp.o)
                0x00000660                _cleanup_r
 *fill*         0x00000692        0x2 00
 .text.std.isra.0
                0x00000694       0x48 /opt/gcc-arm-none-eabi/bin/../lib/gcc/arm-none-eabi/4.7.3/../../../../arm-none-eabi/lib/armv7e-m/softfp/libg_s.a(lib_a-findfp.o)
 .text.__sfmoreglue
                0x000006dc       0x2a /opt/gcc-arm-none-eabi/bin/../lib/gcc/arm-none-eabi/4.7.3/../../../../arm-none-eabi/lib/armv7e-m/softfp/libg_s.a(lib_a-findfp.o)
                0x000006dc                __sfmoreglue
 *fill*         0x00000706        0x2 00
 .text.__sinit  0x00000708       0x58 /opt/gcc-arm-none-eabi/bin/../lib/gcc/arm-none-eabi/4.7.3/../../../../arm-none-eabi/lib/armv7e-m/softfp/libg_s.a(lib_a-findfp.o)
                0x00000708                __sinit
 .text.__sfp    0x00000760       0x78 /opt/gcc-arm-none-eabi/bin/../lib/gcc/arm-none-eabi/4.7.3/../../../../arm-none-eabi/lib/armv7e-m/softfp/libg_s.a(lib_a-findfp.o)
                0x00000760                __sfp
 .text._malloc_r
                0x000007d8       0x94 /opt/gcc-arm-none-eabi/bin/../lib/gcc/arm-none-eabi/4.7.3/../../../../arm-none-eabi/lib/armv7e-m/softfp/libg_s.a(lib_a-mallocr.o)
                0x000007d8                _malloc_r
 .text.memset   0x0000086c       0x10 /opt/gcc-arm-none-eabi/bin/../lib/gcc/arm-none-eabi/4.7.3/../../../../arm-none-eabi/lib/armv7e-m/softfp/libg_s.a(lib_a-memset.o)
                0x0000086c                memset
 .text._putc_r  0x0000087c       0x7c /opt/gcc-arm-none-eabi/bin/../lib/gcc/arm-none-eabi/4.7.3/../../../../arm-none-eabi/lib/armv7e-m/softfp/libg_s.a(lib_a-putc.o)
                0x0000087c                _putc_r
 .text._sbrk_r  0x000008f8       0x20 /opt/gcc-arm-none-eabi/bin/../lib/gcc/arm-none-eabi/4.7.3/../../../../arm-none-eabi/lib/armv7e-m/softfp/libg_s.a(lib_a-sbrkr.o)
                0x000008f8                _sbrk_r
 .text.__sread  0x00000918       0x22 /opt/gcc-arm-none-eabi/bin/../lib/gcc/arm-none-eabi/4.7.3/../../../../arm-none-eabi/lib/armv7e-m/softfp/libg_s.a(lib_a-stdio.o)
                0x00000918                __sread
 .text.__swrite
                0x0000093a       0x3c /opt/gcc-arm-none-eabi/bin/../lib/gcc/arm-none-eabi/4.7.3/../../../../arm-none-eabi/lib/armv7e-m/softfp/libg_s.a(lib_a-stdio.o)
                0x0000093a                __swrite
 .text.__sseek  0x00000976       0x24 /opt/gcc-arm-none-eabi/bin/../lib/gcc/arm-none-eabi/4.7.3/../../../../arm-none-eabi/lib/armv7e-m/softfp/libg_s.a(lib_a-stdio.o)
                0x00000976                __sseek
 .text.__sclose
                0x0000099a        0x8 /opt/gcc-arm-none-eabi/bin/../lib/gcc/arm-none-eabi/4.7.3/../../../../arm-none-eabi/lib/armv7e-m/softfp/libg_s.a(lib_a-stdio.o)
                0x0000099a                __sclose
 *fill*         0x000009a2        0x2 00
 .text.__swbuf_r
                0x000009a4       0xb4 /opt/gcc-arm-none-eabi/bin/../lib/gcc/arm-none-eabi/4.7.3/../../../../arm-none-eabi/lib/armv7e-m/softfp/libg_s.a(lib_a-wbuf.o)
                0x000009a4                __swbuf_r
 .text._write_r
                0x00000a58       0x24 /opt/gcc-arm-none-eabi/bin/../lib/gcc/arm-none-eabi/4.7.3/../../../../arm-none-eabi/lib/armv7e-m/softfp/libg_s.a(lib_a-writer.o)
                0x00000a58                _write_r
 .text.__swsetup_r
                0x00000a7c       0xec /opt/gcc-arm-none-eabi/bin/../lib/gcc/arm-none-eabi/4.7.3/../../../../arm-none-eabi/lib/armv7e-m/softfp/libg_s.a(lib_a-wsetup.o)
                0x00000a7c                __swsetup_r
 .text._close_r
                0x00000b68       0x20 /opt/gcc-arm-none-eabi/bin/../lib/gcc/arm-none-eabi/4.7.3/../../../../arm-none-eabi/lib/armv7e-m/softfp/libg_s.a(lib_a-closer.o)
                0x00000b68                _close_r
 .text._fflush_r
                0x00000b88      0x14c /opt/gcc-arm-none-eabi/bin/../lib/gcc/arm-none-eabi/4.7.3/../../../../arm-none-eabi/lib/armv7e-m/softfp/libg_s.a(lib_a-fflush.o)
                0x00000b88                _fflush_r
 .text._free_r  0x00000cd4       0x88 /opt/gcc-arm-none-eabi/bin/../lib/gcc/arm-none-eabi/4.7.3/../../../../arm-none-eabi/lib/armv7e-m/softfp/libg_s.a(lib_a-freer.o)
                0x00000cd4                _free_r
 .text._lseek_r
                0x00000d5c       0x24 /opt/gcc-arm-none-eabi/bin/../lib/gcc/arm-none-eabi/4.7.3/../../../../arm-none-eabi/lib/armv7e-m/softfp/libg_s.a(lib_a-lseekr.o)
                0x00000d5c                _lseek_r
 .text.__smakebuf_r
                0x00000d80       0xa8 /opt/gcc-arm-none-eabi/bin/../lib/gcc/arm-none-eabi/4.7.3/../../../../arm-none-eabi/lib/armv7e-m/softfp/libg_s.a(lib_a-makebuf.o)
                0x00000d80                __smakebuf_r
 .text._read_r  0x00000e28       0x24 /opt/gcc-arm-none-eabi/bin/../lib/gcc/arm-none-eabi/4.7.3/../../../../arm-none-eabi/lib/armv7e-m/softfp/libg_s.a(lib_a-readr.o)
                0x00000e28                _read_r
 .text._fstat_r
                0x00000e4c       0x24 /opt/gcc-arm-none-eabi/bin/../lib/gcc/arm-none-eabi/4.7.3/../../../../arm-none-eabi/lib/armv7e-m/softfp/libg_s.a(lib_a-fstatr.o)
                0x00000e4c                _fstat_r
 .text._isatty_r
                0x00000e70       0x20 /opt/gcc-arm-none-eabi/bin/../lib/gcc/arm-none-eabi/4.7.3/../../../../arm-none-eabi/lib/armv7e-m/softfp/libg_s.a(lib_a-isattyr.o)
                0x00000e70                _isatty_r
 *(.init)
 *(.fini)
 *(.rodata*)
 .rodata        0x00000e90        0x8 .obj/proj0.o
 .rodata.__sf_fake_stdin
                0x00000e98       0x20 /opt/gcc-arm-none-eabi/bin/../lib/gcc/arm-none-eabi/4.7.3/../../../../arm-none-eabi/lib/armv7e-m/softfp/libg_s.a(lib_a-findfp.o)
                0x00000e98                __sf_fake_stdin
 .rodata.__sf_fake_stdout
                0x00000eb8       0x20 /opt/gcc-arm-none-eabi/bin/../lib/gcc/arm-none-eabi/4.7.3/../../../../arm-none-eabi/lib/armv7e-m/softfp/libg_s.a(lib_a-findfp.o)
                0x00000eb8                __sf_fake_stdout
 .rodata.__sf_fake_stderr
                0x00000ed8       0x20 /opt/gcc-arm-none-eabi/bin/../lib/gcc/arm-none-eabi/4.7.3/../../../../arm-none-eabi/lib/armv7e-m/softfp/libg_s.a(lib_a-findfp.o)
                0x00000ed8                __sf_fake_stderr
 .rodata.str1.1
                0x00000ef8        0x2 /opt/gcc-arm-none-eabi/bin/../lib/gcc/arm-none-eabi/4.7.3/../../../../arm-none-eabi/lib/armv7e-m/softfp/libg_s.a(lib_a-impure.o)
 *fill*         0x00000efa        0x2 00
 .rodata._global_impure_ptr
                0x00000efc        0x4 /opt/gcc-arm-none-eabi/bin/../lib/gcc/arm-none-eabi/4.7.3/../../../../arm-none-eabi/lib/armv7e-m/softfp/libg_s.a(lib_a-impure.o)
                0x00000efc                _global_impure_ptr
 *(.eh_frame*)

.glue_7         0x00000f00        0x0
 .glue_7        0x00000000        0x0 linker stubs

.glue_7t        0x00000f00        0x0
 .glue_7t       0x00000000        0x0 linker stubs

.vfp11_veneer   0x00000f00        0x0
 .vfp11_veneer  0x00000000        0x0 linker stubs

.v4_bx          0x00000f00        0x0
 .v4_bx         0x00000000        0x0 linker stubs

.iplt           0x00000f00        0x0
 .iplt          0x00000000        0x0 .obj/proj0.o

.rel.dyn        0x00000f00        0x0
 .rel.iplt      0x00000000        0x0 .obj/proj0.o

.ARM.extab
 *(.ARM.extab* .gnu.linkonce.armextab.*)
                0x00000f00                __exidx_start = .

.ARM.exidx
 *(.ARM.exidx* .gnu.linkonce.armexidx.*)
                0x00000f00                __exidx_end = .
                0x00000f00                __etext = .

.data           0x20000000       0x68 load address 0x00000f00
                0x20000000                __data_start__ = .
 *(vtable)
 *(.data*)
 .data.impure_data
                0x20000000       0x64 /opt/gcc-arm-none-eabi/bin/../lib/gcc/arm-none-eabi/4.7.3/../../../../arm-none-eabi/lib/armv7e-m/softfp/libg_s.a(lib_a-impure.o)
 .data._impure_ptr
                0x20000064        0x4 /opt/gcc-arm-none-eabi/bin/../lib/gcc/arm-none-eabi/4.7.3/../../../../arm-none-eabi/lib/armv7e-m/softfp/libg_s.a(lib_a-impure.o)
                0x20000064                _impure_ptr
                0x20000068                . = ALIGN (0x4)
                0x20000068                PROVIDE (__preinit_array_start, .)
 *(.preinit_array)
                0x20000068                PROVIDE (__preinit_array_end, .)
                0x20000068                . = ALIGN (0x4)
                0x20000068                PROVIDE (__init_array_start, .)
 *(SORT(.init_array.*))
 *(.init_array)
                0x20000068                PROVIDE (__init_array_end, .)
                0x20000068                . = ALIGN (0x4)
                0x20000068                PROVIDE (__fini_array_start, .)
 *(SORT(.fini_array.*))
 *(.fini_array)
                0x20000068                PROVIDE (__fini_array_end, .)
 *(.jcr)
                0x20000068                . = ALIGN (0x4)
                0x20000068                __data_end__ = .

.igot.plt       0x20000068        0x0 load address 0x00000f68
 .igot.plt      0x00000000        0x0 .obj/proj0.o

.bss            0x20000068       0x10 load address 0x00000f68
                0x20000068                . = ALIGN (0x4)
                0x20000068                __bss_start__ = .
 *(.bss*)
 .bss.heap_end  0x20000068        0x4 .obj/syscalls.o
                0x20000068                heap_end
 .bss.prev_heap_end.4031
                0x2000006c        0x4 .obj/syscalls.o
 .bss.__malloc_free_list
                0x20000070        0x4 /opt/gcc-arm-none-eabi/bin/../lib/gcc/arm-none-eabi/4.7.3/../../../../arm-none-eabi/lib/armv7e-m/softfp/libg_s.a(lib_a-mallocr.o)
                0x20000070                __malloc_free_list
 *(COMMON)
 COMMON         0x20000074        0x4 /opt/gcc-arm-none-eabi/bin/../lib/gcc/arm-none-eabi/4.7.3/../../../../arm-none-eabi/lib/armv7e-m/softfp/libg_s.a(lib_a-reent.o)
                0x20000074                errno
                0x20000078                . = ALIGN (0x4)
                0x20000078                __bss_end__ = .

.heap           0x20000078        0x0
                0x20000078                __end__ = .
                0x20000078                end = __end__
 *(.heap*)
                0x20000078                __HeapLimit = .
                0x20007000                PROVIDE (__heap_end__, ((ORIGIN (SRAM) + 0x8000) - _stack_size))

.stack_dummy    0x20000078        0x0
 *(.stack*)
                0x20008000                __StackTop = (ORIGIN (SRAM) + 0x8000)
                0x20008000                __StackLimit = (__StackTop - SIZEOF (.stack_dummy))
                0x20008000                PROVIDE (__stack, __StackTop)
                0x00000001                ASSERT ((__StackLimit >= __HeapLimit), region RAM overflowed with stack)
LOAD .obj/proj0.o
LOAD .obj/stellariscommon.o
LOAD .obj/startup.o
LOAD .obj/syscalls.o
LOAD /opt/gcc-arm-none-eabi/bin/../lib/gcc/arm-none-eabi/4.7.3/../../../../arm-none-eabi/lib/armv7e-m/softfp/libg_s.a
LOAD /opt/gcc-arm-none-eabi/bin/../lib/gcc/arm-none-eabi/4.7.3/armv7e-m/softfp/libgcc.a
LOAD /opt/tivaware//driverlib/gcc/libdriver.a
OUTPUT(.obj/proj0.out elf32-littlearm)

.debug_info     0x00000000      0x61b
 .debug_info    0x00000000       0x98 .obj/proj0.o
 .debug_info    0x00000098      0x11a .obj/stellariscommon.o
 .debug_info    0x000001b2      0x172 .obj/startup.o
 .debug_info    0x00000324      0x2f7 .obj/syscalls.o

.debug_abbrev   0x00000000      0x281
 .debug_abbrev  0x00000000       0x46 .obj/proj0.o
 .debug_abbrev  0x00000046       0x90 .obj/stellariscommon.o
 .debug_abbrev  0x000000d6       0xcc .obj/startup.o
 .debug_abbrev  0x000001a2       0xdf .obj/syscalls.o

.debug_loc      0x00000000      0x39c
 .debug_loc     0x00000000       0x2c .obj/proj0.o
 .debug_loc     0x0000002c       0xc8 .obj/stellariscommon.o
 .debug_loc     0x000000f4       0xe8 .obj/startup.o
 .debug_loc     0x000001dc      0x1c0 .obj/syscalls.o

.debug_aranges  0x00000000       0xf0
 .debug_aranges
                0x00000000       0x20 .obj/proj0.o
 .debug_aranges
                0x00000020       0x38 .obj/stellariscommon.o
 .debug_aranges
                0x00000058       0x40 .obj/startup.o
 .debug_aranges
                0x00000098       0x58 .obj/syscalls.o

.debug_ranges   0x00000000       0xb0
 .debug_ranges  0x00000000       0x10 .obj/proj0.o
 .debug_ranges  0x00000010       0x28 .obj/stellariscommon.o
 .debug_ranges  0x00000038       0x30 .obj/startup.o
 .debug_ranges  0x00000068       0x48 .obj/syscalls.o

.debug_line     0x00000000      0x38b
 .debug_line    0x00000000       0x41 .obj/proj0.o
 .debug_line    0x00000041       0xf5 .obj/stellariscommon.o
 .debug_line    0x00000136       0x9f .obj/startup.o
 .debug_line    0x000001d5      0x1b6 .obj/syscalls.o

.debug_str      0x00000000      0x250
 .debug_str     0x00000000       0xdd .obj/proj0.o
                                0x116 (size before relaxing)
 .debug_str     0x000000dd       0x59 .obj/stellariscommon.o
                                0x15e (size before relaxing)
 .debug_str     0x00000136       0x90 .obj/startup.o
                                0x195 (size before relaxing)
 .debug_str     0x000001c6       0x8a .obj/syscalls.o
                                0x1a9 (size before relaxing)

.comment        0x00000000       0x70
 .comment       0x00000000       0x70 .obj/proj0.o
                                 0x71 (size before relaxing)
 .comment       0x00000000       0x71 .obj/stellariscommon.o
 .comment       0x00000000       0x71 .obj/startup.o
 .comment       0x00000000       0x71 .obj/syscalls.o

.ARM.attributes
                0x00000000       0x39
 .ARM.attributes
                0x00000000       0x39 .obj/proj0.o
 .ARM.attributes
                0x00000039       0x39 .obj/stellariscommon.o
 .ARM.attributes
                0x00000072       0x39 .obj/startup.o
 .ARM.attributes
                0x000000ab       0x39 .obj/syscalls.o
 .ARM.attributes
                0x000000e4       0x34 /opt/gcc-arm-none-eabi/bin/../lib/gcc/arm-none-eabi/4.7.3/../../../../arm-none-eabi/lib/armv7e-m/softfp/libg_s.a(lib_a-puts.o)
 .ARM.attributes
                0x00000118       0x34 /opt/gcc-arm-none-eabi/bin/../lib/gcc/arm-none-eabi/4.7.3/../../../../arm-none-eabi/lib/armv7e-m/softfp/libg_s.a(lib_a-findfp.o)
 .ARM.attributes
                0x0000014c       0x34 /opt/gcc-arm-none-eabi/bin/../lib/gcc/arm-none-eabi/4.7.3/../../../../arm-none-eabi/lib/armv7e-m/softfp/libg_s.a(lib_a-impure.o)
 .ARM.attributes
                0x00000180       0x34 /opt/gcc-arm-none-eabi/bin/../lib/gcc/arm-none-eabi/4.7.3/../../../../arm-none-eabi/lib/armv7e-m/softfp/libg_s.a(lib_a-mallocr.o)
 .ARM.attributes
                0x000001b4       0x34 /opt/gcc-arm-none-eabi/bin/../lib/gcc/arm-none-eabi/4.7.3/../../../../arm-none-eabi/lib/armv7e-m/softfp/libg_s.a(lib_a-memset.o)
 .ARM.attributes
                0x000001e8       0x34 /opt/gcc-arm-none-eabi/bin/../lib/gcc/arm-none-eabi/4.7.3/../../../../arm-none-eabi/lib/armv7e-m/softfp/libg_s.a(lib_a-putc.o)
 .ARM.attributes
                0x0000021c       0x34 /opt/gcc-arm-none-eabi/bin/../lib/gcc/arm-none-eabi/4.7.3/../../../../arm-none-eabi/lib/armv7e-m/softfp/libg_s.a(lib_a-sbrkr.o)
 .ARM.attributes
                0x00000250       0x34 /opt/gcc-arm-none-eabi/bin/../lib/gcc/arm-none-eabi/4.7.3/../../../../arm-none-eabi/lib/armv7e-m/softfp/libg_s.a(lib_a-stdio.o)
 .ARM.attributes
                0x00000284       0x34 /opt/gcc-arm-none-eabi/bin/../lib/gcc/arm-none-eabi/4.7.3/../../../../arm-none-eabi/lib/armv7e-m/softfp/libg_s.a(lib_a-wbuf.o)
 .ARM.attributes
                0x000002b8       0x34 /opt/gcc-arm-none-eabi/bin/../lib/gcc/arm-none-eabi/4.7.3/../../../../arm-none-eabi/lib/armv7e-m/softfp/libg_s.a(lib_a-writer.o)
 .ARM.attributes
                0x000002ec       0x34 /opt/gcc-arm-none-eabi/bin/../lib/gcc/arm-none-eabi/4.7.3/../../../../arm-none-eabi/lib/armv7e-m/softfp/libg_s.a(lib_a-wsetup.o)
 .ARM.attributes
                0x00000320       0x34 /opt/gcc-arm-none-eabi/bin/../lib/gcc/arm-none-eabi/4.7.3/../../../../arm-none-eabi/lib/armv7e-m/softfp/libg_s.a(lib_a-closer.o)
 .ARM.attributes
                0x00000354       0x34 /opt/gcc-arm-none-eabi/bin/../lib/gcc/arm-none-eabi/4.7.3/../../../../arm-none-eabi/lib/armv7e-m/softfp/libg_s.a(lib_a-fflush.o)
 .ARM.attributes
                0x00000388       0x34 /opt/gcc-arm-none-eabi/bin/../lib/gcc/arm-none-eabi/4.7.3/../../../../arm-none-eabi/lib/armv7e-m/softfp/libg_s.a(lib_a-freer.o)
 .ARM.attributes
                0x000003bc       0x34 /opt/gcc-arm-none-eabi/bin/../lib/gcc/arm-none-eabi/4.7.3/../../../../arm-none-eabi/lib/armv7e-m/softfp/libg_s.a(lib_a-lseekr.o)
 .ARM.attributes
                0x000003f0       0x34 /opt/gcc-arm-none-eabi/bin/../lib/gcc/arm-none-eabi/4.7.3/../../../../arm-none-eabi/lib/armv7e-m/softfp/libg_s.a(lib_a-makebuf.o)
 .ARM.attributes
                0x00000424       0x34 /opt/gcc-arm-none-eabi/bin/../lib/gcc/arm-none-eabi/4.7.3/../../../../arm-none-eabi/lib/armv7e-m/softfp/libg_s.a(lib_a-readr.o)
 .ARM.attributes
                0x00000458       0x34 /opt/gcc-arm-none-eabi/bin/../lib/gcc/arm-none-eabi/4.7.3/../../../../arm-none-eabi/lib/armv7e-m/softfp/libg_s.a(lib_a-reent.o)
 .ARM.attributes
                0x0000048c       0x34 /opt/gcc-arm-none-eabi/bin/../lib/gcc/arm-none-eabi/4.7.3/../../../../arm-none-eabi/lib/armv7e-m/softfp/libg_s.a(lib_a-fstatr.o)
 .ARM.attributes
                0x000004c0       0x34 /opt/gcc-arm-none-eabi/bin/../lib/gcc/arm-none-eabi/4.7.3/../../../../arm-none-eabi/lib/armv7e-m/softfp/libg_s.a(lib_a-isattyr.o)

.debug_frame    0x00000000      0x75c
 .debug_frame   0x00000000       0x2c .obj/proj0.o
 .debug_frame   0x0000002c       0x8c .obj/stellariscommon.o
 .debug_frame   0x000000b8       0x94 .obj/startup.o
 .debug_frame   0x0000014c       0xf8 .obj/syscalls.o
 .debug_frame   0x00000244       0x44 /opt/gcc-arm-none-eabi/bin/../lib/gcc/arm-none-eabi/4.7.3/../../../../arm-none-eabi/lib/armv7e-m/softfp/libg_s.a(lib_a-puts.o)
 .debug_frame   0x00000288      0x130 /opt/gcc-arm-none-eabi/bin/../lib/gcc/arm-none-eabi/4.7.3/../../../../arm-none-eabi/lib/armv7e-m/softfp/libg_s.a(lib_a-findfp.o)
 .debug_frame   0x000003b8       0x2c /opt/gcc-arm-none-eabi/bin/../lib/gcc/arm-none-eabi/4.7.3/../../../../arm-none-eabi/lib/armv7e-m/softfp/libg_s.a(lib_a-mallocr.o)
 .debug_frame   0x000003e4       0x20 /opt/gcc-arm-none-eabi/bin/../lib/gcc/arm-none-eabi/4.7.3/../../../../arm-none-eabi/lib/armv7e-m/softfp/libg_s.a(lib_a-memset.o)
 .debug_frame   0x00000404       0x3c /opt/gcc-arm-none-eabi/bin/../lib/gcc/arm-none-eabi/4.7.3/../../../../arm-none-eabi/lib/armv7e-m/softfp/libg_s.a(lib_a-putc.o)
 .debug_frame   0x00000440       0x2c /opt/gcc-arm-none-eabi/bin/../lib/gcc/arm-none-eabi/4.7.3/../../../../arm-none-eabi/lib/armv7e-m/softfp/libg_s.a(lib_a-sbrkr.o)
 .debug_frame   0x0000046c       0x80 /opt/gcc-arm-none-eabi/bin/../lib/gcc/arm-none-eabi/4.7.3/../../../../arm-none-eabi/lib/armv7e-m/softfp/libg_s.a(lib_a-stdio.o)
 .debug_frame   0x000004ec       0x3c /opt/gcc-arm-none-eabi/bin/../lib/gcc/arm-none-eabi/4.7.3/../../../../arm-none-eabi/lib/armv7e-m/softfp/libg_s.a(lib_a-wbuf.o)
 .debug_frame   0x00000528       0x2c /opt/gcc-arm-none-eabi/bin/../lib/gcc/arm-none-eabi/4.7.3/../../../../arm-none-eabi/lib/armv7e-m/softfp/libg_s.a(lib_a-writer.o)
 .debug_frame   0x00000554       0x2c /opt/gcc-arm-none-eabi/bin/../lib/gcc/arm-none-eabi/4.7.3/../../../../arm-none-eabi/lib/armv7e-m/softfp/libg_s.a(lib_a-wsetup.o)
 .debug_frame   0x00000580       0x2c /opt/gcc-arm-none-eabi/bin/../lib/gcc/arm-none-eabi/4.7.3/../../../../arm-none-eabi/lib/armv7e-m/softfp/libg_s.a(lib_a-closer.o)
 .debug_frame   0x000005ac       0x40 /opt/gcc-arm-none-eabi/bin/../lib/gcc/arm-none-eabi/4.7.3/../../../../arm-none-eabi/lib/armv7e-m/softfp/libg_s.a(lib_a-fflush.o)
 .debug_frame   0x000005ec       0x2c /opt/gcc-arm-none-eabi/bin/../lib/gcc/arm-none-eabi/4.7.3/../../../../arm-none-eabi/lib/armv7e-m/softfp/libg_s.a(lib_a-freer.o)
 .debug_frame   0x00000618       0x2c /opt/gcc-arm-none-eabi/bin/../lib/gcc/arm-none-eabi/4.7.3/../../../../arm-none-eabi/lib/armv7e-m/softfp/libg_s.a(lib_a-lseekr.o)
 .debug_frame   0x00000644       0x30 /opt/gcc-arm-none-eabi/bin/../lib/gcc/arm-none-eabi/4.7.3/../../../../arm-none-eabi/lib/armv7e-m/softfp/libg_s.a(lib_a-makebuf.o)
 .debug_frame   0x00000674       0x2c /opt/gcc-arm-none-eabi/bin/../lib/gcc/arm-none-eabi/4.7.3/../../../../arm-none-eabi/lib/armv7e-m/softfp/libg_s.a(lib_a-readr.o)
 .debug_frame   0x000006a0       0x64 /opt/gcc-arm-none-eabi/bin/../lib/gcc/arm-none-eabi/4.7.3/../../../../arm-none-eabi/lib/armv7e-m/softfp/libg_s.a(lib_a-reent.o)
 .debug_frame   0x00000704       0x2c /opt/gcc-arm-none-eabi/bin/../lib/gcc/arm-none-eabi/4.7.3/../../../../arm-none-eabi/lib/armv7e-m/softfp/libg_s.a(lib_a-fstatr.o)
 .debug_frame   0x00000730       0x2c /opt/gcc-arm-none-eabi/bin/../lib/gcc/arm-none-eabi/4.7.3/../../../../arm-none-eabi/lib/armv7e-m/softfp/libg_s.a(lib_a-isattyr.o)

Cross Reference Table

Symbol                                            File
HardwareInit                                      .obj/startup.o
ResetISR                                          .obj/startup.o
SetupClock                                        .obj/stellariscommon.o
                                                  .obj/startup.o
SetupFPU                                          .obj/stellariscommon.o
                                                  .obj/startup.o
SetupStdio                                        .obj/stellariscommon.o
                                                  .obj/startup.o
SetupSysTick                                      .obj/stellariscommon.o
__StackTop                                        .obj/startup.o
__bss_end__                                       .obj/startup.o
__bss_start__                                     .obj/startup.o
__data_end__                                      .obj/startup.o
__data_start__                                    .obj/startup.o
__end__                                           .obj/syscalls.o
__etext                                           .obj/startup.o
__fp_lock_all                                     /opt/gcc-arm-none-eabi/bin/../lib/gcc/arm-none-eabi/4.7.3/../../../../arm-none-eabi/lib/armv7e-m/softfp/libg_s.a(lib_a-findfp.o)
__fp_unlock_all                                   /opt/gcc-arm-none-eabi/bin/../lib/gcc/arm-none-eabi/4.7.3/../../../../arm-none-eabi/lib/armv7e-m/softfp/libg_s.a(lib_a-findfp.o)
__heap_end__                                      .obj/syscalls.o
__malloc_free_list                                /opt/gcc-arm-none-eabi/bin/../lib/gcc/arm-none-eabi/4.7.3/../../../../arm-none-eabi/lib/armv7e-m/softfp/libg_s.a(lib_a-mallocr.o)
                                                  /opt/gcc-arm-none-eabi/bin/../lib/gcc/arm-none-eabi/4.7.3/../../../../arm-none-eabi/lib/armv7e-m/softfp/libg_s.a(lib_a-freer.o)
__sclose                                          /opt/gcc-arm-none-eabi/bin/../lib/gcc/arm-none-eabi/4.7.3/../../../../arm-none-eabi/lib/armv7e-m/softfp/libg_s.a(lib_a-stdio.o)
                                                  /opt/gcc-arm-none-eabi/bin/../lib/gcc/arm-none-eabi/4.7.3/../../../../arm-none-eabi/lib/armv7e-m/softfp/libg_s.a(lib_a-findfp.o)
__seofread                                        /opt/gcc-arm-none-eabi/bin/../lib/gcc/arm-none-eabi/4.7.3/../../../../arm-none-eabi/lib/armv7e-m/softfp/libg_s.a(lib_a-stdio.o)
__sf_fake_stderr                                  /opt/gcc-arm-none-eabi/bin/../lib/gcc/arm-none-eabi/4.7.3/../../../../arm-none-eabi/lib/armv7e-m/softfp/libg_s.a(lib_a-findfp.o)
                                                  /opt/gcc-arm-none-eabi/bin/../lib/gcc/arm-none-eabi/4.7.3/../../../../arm-none-eabi/lib/armv7e-m/softfp/libg_s.a(lib_a-fflush.o)
                                                  /opt/gcc-arm-none-eabi/bin/../lib/gcc/arm-none-eabi/4.7.3/../../../../arm-none-eabi/lib/armv7e-m/softfp/libg_s.a(lib_a-wsetup.o)
                                                  /opt/gcc-arm-none-eabi/bin/../lib/gcc/arm-none-eabi/4.7.3/../../../../arm-none-eabi/lib/armv7e-m/softfp/libg_s.a(lib_a-wbuf.o)
                                                  /opt/gcc-arm-none-eabi/bin/../lib/gcc/arm-none-eabi/4.7.3/../../../../arm-none-eabi/lib/armv7e-m/softfp/libg_s.a(lib_a-putc.o)
                                                  /opt/gcc-arm-none-eabi/bin/../lib/gcc/arm-none-eabi/4.7.3/../../../../arm-none-eabi/lib/armv7e-m/softfp/libg_s.a(lib_a-impure.o)
__sf_fake_stdin                                   /opt/gcc-arm-none-eabi/bin/../lib/gcc/arm-none-eabi/4.7.3/../../../../arm-none-eabi/lib/armv7e-m/softfp/libg_s.a(lib_a-findfp.o)
                                                  /opt/gcc-arm-none-eabi/bin/../lib/gcc/arm-none-eabi/4.7.3/../../../../arm-none-eabi/lib/armv7e-m/softfp/libg_s.a(lib_a-fflush.o)
                                                  /opt/gcc-arm-none-eabi/bin/../lib/gcc/arm-none-eabi/4.7.3/../../../../arm-none-eabi/lib/armv7e-m/softfp/libg_s.a(lib_a-wsetup.o)
                                                  /opt/gcc-arm-none-eabi/bin/../lib/gcc/arm-none-eabi/4.7.3/../../../../arm-none-eabi/lib/armv7e-m/softfp/libg_s.a(lib_a-wbuf.o)
                                                  /opt/gcc-arm-none-eabi/bin/../lib/gcc/arm-none-eabi/4.7.3/../../../../arm-none-eabi/lib/armv7e-m/softfp/libg_s.a(lib_a-putc.o)
                                                  /opt/gcc-arm-none-eabi/bin/../lib/gcc/arm-none-eabi/4.7.3/../../../../arm-none-eabi/lib/armv7e-m/softfp/libg_s.a(lib_a-impure.o)
__sf_fake_stdout                                  /opt/gcc-arm-none-eabi/bin/../lib/gcc/arm-none-eabi/4.7.3/../../../../arm-none-eabi/lib/armv7e-m/softfp/libg_s.a(lib_a-findfp.o)
                                                  /opt/gcc-arm-none-eabi/bin/../lib/gcc/arm-none-eabi/4.7.3/../../../../arm-none-eabi/lib/armv7e-m/softfp/libg_s.a(lib_a-fflush.o)
                                                  /opt/gcc-arm-none-eabi/bin/../lib/gcc/arm-none-eabi/4.7.3/../../../../arm-none-eabi/lib/armv7e-m/softfp/libg_s.a(lib_a-wsetup.o)
                                                  /opt/gcc-arm-none-eabi/bin/../lib/gcc/arm-none-eabi/4.7.3/../../../../arm-none-eabi/lib/armv7e-m/softfp/libg_s.a(lib_a-wbuf.o)
                                                  /opt/gcc-arm-none-eabi/bin/../lib/gcc/arm-none-eabi/4.7.3/../../../../arm-none-eabi/lib/armv7e-m/softfp/libg_s.a(lib_a-putc.o)
                                                  /opt/gcc-arm-none-eabi/bin/../lib/gcc/arm-none-eabi/4.7.3/../../../../arm-none-eabi/lib/armv7e-m/softfp/libg_s.a(lib_a-impure.o)
__sfmoreglue                                      /opt/gcc-arm-none-eabi/bin/../lib/gcc/arm-none-eabi/4.7.3/../../../../arm-none-eabi/lib/armv7e-m/softfp/libg_s.a(lib_a-findfp.o)
__sfp                                             /opt/gcc-arm-none-eabi/bin/../lib/gcc/arm-none-eabi/4.7.3/../../../../arm-none-eabi/lib/armv7e-m/softfp/libg_s.a(lib_a-findfp.o)
__sfp_lock_acquire                                /opt/gcc-arm-none-eabi/bin/../lib/gcc/arm-none-eabi/4.7.3/../../../../arm-none-eabi/lib/armv7e-m/softfp/libg_s.a(lib_a-findfp.o)
                                                  /opt/gcc-arm-none-eabi/bin/../lib/gcc/arm-none-eabi/4.7.3/../../../../arm-none-eabi/lib/armv7e-m/softfp/libg_s.a(lib_a-fwalk.o)
__sfp_lock_release                                /opt/gcc-arm-none-eabi/bin/../lib/gcc/arm-none-eabi/4.7.3/../../../../arm-none-eabi/lib/armv7e-m/softfp/libg_s.a(lib_a-findfp.o)
                                                  /opt/gcc-arm-none-eabi/bin/../lib/gcc/arm-none-eabi/4.7.3/../../../../arm-none-eabi/lib/armv7e-m/softfp/libg_s.a(lib_a-fwalk.o)
__sinit                                           /opt/gcc-arm-none-eabi/bin/../lib/gcc/arm-none-eabi/4.7.3/../../../../arm-none-eabi/lib/armv7e-m/softfp/libg_s.a(lib_a-findfp.o)
                                                  /opt/gcc-arm-none-eabi/bin/../lib/gcc/arm-none-eabi/4.7.3/../../../../arm-none-eabi/lib/armv7e-m/softfp/libg_s.a(lib_a-fflush.o)
                                                  /opt/gcc-arm-none-eabi/bin/../lib/gcc/arm-none-eabi/4.7.3/../../../../arm-none-eabi/lib/armv7e-m/softfp/libg_s.a(lib_a-wsetup.o)
                                                  /opt/gcc-arm-none-eabi/bin/../lib/gcc/arm-none-eabi/4.7.3/../../../../arm-none-eabi/lib/armv7e-m/softfp/libg_s.a(lib_a-wbuf.o)
                                                  /opt/gcc-arm-none-eabi/bin/../lib/gcc/arm-none-eabi/4.7.3/../../../../arm-none-eabi/lib/armv7e-m/softfp/libg_s.a(lib_a-putc.o)
                                                  /opt/gcc-arm-none-eabi/bin/../lib/gcc/arm-none-eabi/4.7.3/../../../../arm-none-eabi/lib/armv7e-m/softfp/libg_s.a(lib_a-puts.o)
__sinit_lock_acquire                              /opt/gcc-arm-none-eabi/bin/../lib/gcc/arm-none-eabi/4.7.3/../../../../arm-none-eabi/lib/armv7e-m/softfp/libg_s.a(lib_a-findfp.o)
__sinit_lock_release                              /opt/gcc-arm-none-eabi/bin/../lib/gcc/arm-none-eabi/4.7.3/../../../../arm-none-eabi/lib/armv7e-m/softfp/libg_s.a(lib_a-findfp.o)
__smakebuf_r                                      /opt/gcc-arm-none-eabi/bin/../lib/gcc/arm-none-eabi/4.7.3/../../../../arm-none-eabi/lib/armv7e-m/softfp/libg_s.a(lib_a-makebuf.o)
                                                  /opt/gcc-arm-none-eabi/bin/../lib/gcc/arm-none-eabi/4.7.3/../../../../arm-none-eabi/lib/armv7e-m/softfp/libg_s.a(lib_a-wsetup.o)
__sread                                           /opt/gcc-arm-none-eabi/bin/../lib/gcc/arm-none-eabi/4.7.3/../../../../arm-none-eabi/lib/armv7e-m/softfp/libg_s.a(lib_a-stdio.o)
                                                  /opt/gcc-arm-none-eabi/bin/../lib/gcc/arm-none-eabi/4.7.3/../../../../arm-none-eabi/lib/armv7e-m/softfp/libg_s.a(lib_a-findfp.o)
__sseek                                           /opt/gcc-arm-none-eabi/bin/../lib/gcc/arm-none-eabi/4.7.3/../../../../arm-none-eabi/lib/armv7e-m/softfp/libg_s.a(lib_a-stdio.o)
                                                  /opt/gcc-arm-none-eabi/bin/../lib/gcc/arm-none-eabi/4.7.3/../../../../arm-none-eabi/lib/armv7e-m/softfp/libg_s.a(lib_a-findfp.o)
__swbuf                                           /opt/gcc-arm-none-eabi/bin/../lib/gcc/arm-none-eabi/4.7.3/../../../../arm-none-eabi/lib/armv7e-m/softfp/libg_s.a(lib_a-wbuf.o)
__swbuf_r                                         /opt/gcc-arm-none-eabi/bin/../lib/gcc/arm-none-eabi/4.7.3/../../../../arm-none-eabi/lib/armv7e-m/softfp/libg_s.a(lib_a-wbuf.o)
                                                  /opt/gcc-arm-none-eabi/bin/../lib/gcc/arm-none-eabi/4.7.3/../../../../arm-none-eabi/lib/armv7e-m/softfp/libg_s.a(lib_a-putc.o)
__swrite                                          /opt/gcc-arm-none-eabi/bin/../lib/gcc/arm-none-eabi/4.7.3/../../../../arm-none-eabi/lib/armv7e-m/softfp/libg_s.a(lib_a-stdio.o)
                                                  /opt/gcc-arm-none-eabi/bin/../lib/gcc/arm-none-eabi/4.7.3/../../../../arm-none-eabi/lib/armv7e-m/softfp/libg_s.a(lib_a-findfp.o)
__swsetup_r                                       /opt/gcc-arm-none-eabi/bin/../lib/gcc/arm-none-eabi/4.7.3/../../../../arm-none-eabi/lib/armv7e-m/softfp/libg_s.a(lib_a-wsetup.o)
                                                  /opt/gcc-arm-none-eabi/bin/../lib/gcc/arm-none-eabi/4.7.3/../../../../arm-none-eabi/lib/armv7e-m/softfp/libg_s.a(lib_a-wbuf.o)
_cleanup                                          /opt/gcc-arm-none-eabi/bin/../lib/gcc/arm-none-eabi/4.7.3/../../../../arm-none-eabi/lib/armv7e-m/softfp/libg_s.a(lib_a-findfp.o)
_cleanup_r                                        /opt/gcc-arm-none-eabi/bin/../lib/gcc/arm-none-eabi/4.7.3/../../../../arm-none-eabi/lib/armv7e-m/softfp/libg_s.a(lib_a-findfp.o)
                                                  /opt/gcc-arm-none-eabi/bin/../lib/gcc/arm-none-eabi/4.7.3/../../../../arm-none-eabi/lib/armv7e-m/softfp/libg_s.a(lib_a-makebuf.o)
_close                                            .obj/syscalls.o
                                                  /opt/gcc-arm-none-eabi/bin/../lib/gcc/arm-none-eabi/4.7.3/../../../../arm-none-eabi/lib/armv7e-m/softfp/libg_s.a(lib_a-closer.o)
_close_r                                          /opt/gcc-arm-none-eabi/bin/../lib/gcc/arm-none-eabi/4.7.3/../../../../arm-none-eabi/lib/armv7e-m/softfp/libg_s.a(lib_a-closer.o)
                                                  /opt/gcc-arm-none-eabi/bin/../lib/gcc/arm-none-eabi/4.7.3/../../../../arm-none-eabi/lib/armv7e-m/softfp/libg_s.a(lib_a-stdio.o)
_fflush_r                                         /opt/gcc-arm-none-eabi/bin/../lib/gcc/arm-none-eabi/4.7.3/../../../../arm-none-eabi/lib/armv7e-m/softfp/libg_s.a(lib_a-fflush.o)
                                                  /opt/gcc-arm-none-eabi/bin/../lib/gcc/arm-none-eabi/4.7.3/../../../../arm-none-eabi/lib/armv7e-m/softfp/libg_s.a(lib_a-wbuf.o)
                                                  /opt/gcc-arm-none-eabi/bin/../lib/gcc/arm-none-eabi/4.7.3/../../../../arm-none-eabi/lib/armv7e-m/softfp/libg_s.a(lib_a-findfp.o)
_free_r                                           /opt/gcc-arm-none-eabi/bin/../lib/gcc/arm-none-eabi/4.7.3/../../../../arm-none-eabi/lib/armv7e-m/softfp/libg_s.a(lib_a-freer.o)
                                                  /opt/gcc-arm-none-eabi/bin/../lib/gcc/arm-none-eabi/4.7.3/../../../../arm-none-eabi/lib/armv7e-m/softfp/libg_s.a(lib_a-reent.o)
                                                  /opt/gcc-arm-none-eabi/bin/../lib/gcc/arm-none-eabi/4.7.3/../../../../arm-none-eabi/lib/armv7e-m/softfp/libg_s.a(lib_a-fflush.o)
                                                  /opt/gcc-arm-none-eabi/bin/../lib/gcc/arm-none-eabi/4.7.3/../../../../arm-none-eabi/lib/armv7e-m/softfp/libg_s.a(lib_a-wsetup.o)
_fstat                                            .obj/syscalls.o
                                                  /opt/gcc-arm-none-eabi/bin/../lib/gcc/arm-none-eabi/4.7.3/../../../../arm-none-eabi/lib/armv7e-m/softfp/libg_s.a(lib_a-fstatr.o)
_fstat_r                                          /opt/gcc-arm-none-eabi/bin/../lib/gcc/arm-none-eabi/4.7.3/../../../../arm-none-eabi/lib/armv7e-m/softfp/libg_s.a(lib_a-fstatr.o)
                                                  /opt/gcc-arm-none-eabi/bin/../lib/gcc/arm-none-eabi/4.7.3/../../../../arm-none-eabi/lib/armv7e-m/softfp/libg_s.a(lib_a-makebuf.o)
_fwalk                                            /opt/gcc-arm-none-eabi/bin/../lib/gcc/arm-none-eabi/4.7.3/../../../../arm-none-eabi/lib/armv7e-m/softfp/libg_s.a(lib_a-fwalk.o)
                                                  /opt/gcc-arm-none-eabi/bin/../lib/gcc/arm-none-eabi/4.7.3/../../../../arm-none-eabi/lib/armv7e-m/softfp/libg_s.a(lib_a-findfp.o)
_fwalk_reent                                      /opt/gcc-arm-none-eabi/bin/../lib/gcc/arm-none-eabi/4.7.3/../../../../arm-none-eabi/lib/armv7e-m/softfp/libg_s.a(lib_a-fwalk.o)
                                                  /opt/gcc-arm-none-eabi/bin/../lib/gcc/arm-none-eabi/4.7.3/../../../../arm-none-eabi/lib/armv7e-m/softfp/libg_s.a(lib_a-fflush.o)
_global_impure_ptr                                /opt/gcc-arm-none-eabi/bin/../lib/gcc/arm-none-eabi/4.7.3/../../../../arm-none-eabi/lib/armv7e-m/softfp/libg_s.a(lib_a-impure.o)
                                                  /opt/gcc-arm-none-eabi/bin/../lib/gcc/arm-none-eabi/4.7.3/../../../../arm-none-eabi/lib/armv7e-m/softfp/libg_s.a(lib_a-fflush.o)
                                                  /opt/gcc-arm-none-eabi/bin/../lib/gcc/arm-none-eabi/4.7.3/../../../../arm-none-eabi/lib/armv7e-m/softfp/libg_s.a(lib_a-findfp.o)
_impure_ptr                                       /opt/gcc-arm-none-eabi/bin/../lib/gcc/arm-none-eabi/4.7.3/../../../../arm-none-eabi/lib/armv7e-m/softfp/libg_s.a(lib_a-impure.o)
                                                  /opt/gcc-arm-none-eabi/bin/../lib/gcc/arm-none-eabi/4.7.3/../../../../arm-none-eabi/lib/armv7e-m/softfp/libg_s.a(lib_a-reent.o)
                                                  /opt/gcc-arm-none-eabi/bin/../lib/gcc/arm-none-eabi/4.7.3/../../../../arm-none-eabi/lib/armv7e-m/softfp/libg_s.a(lib_a-fflush.o)
                                                  /opt/gcc-arm-none-eabi/bin/../lib/gcc/arm-none-eabi/4.7.3/../../../../arm-none-eabi/lib/armv7e-m/softfp/libg_s.a(lib_a-wsetup.o)
                                                  /opt/gcc-arm-none-eabi/bin/../lib/gcc/arm-none-eabi/4.7.3/../../../../arm-none-eabi/lib/armv7e-m/softfp/libg_s.a(lib_a-wbuf.o)
                                                  /opt/gcc-arm-none-eabi/bin/../lib/gcc/arm-none-eabi/4.7.3/../../../../arm-none-eabi/lib/armv7e-m/softfp/libg_s.a(lib_a-putc.o)
                                                  /opt/gcc-arm-none-eabi/bin/../lib/gcc/arm-none-eabi/4.7.3/../../../../arm-none-eabi/lib/armv7e-m/softfp/libg_s.a(lib_a-findfp.o)
                                                  /opt/gcc-arm-none-eabi/bin/../lib/gcc/arm-none-eabi/4.7.3/../../../../arm-none-eabi/lib/armv7e-m/softfp/libg_s.a(lib_a-puts.o)
_isatty                                           .obj/syscalls.o
                                                  /opt/gcc-arm-none-eabi/bin/../lib/gcc/arm-none-eabi/4.7.3/../../../../arm-none-eabi/lib/armv7e-m/softfp/libg_s.a(lib_a-isattyr.o)
_isatty_r                                         /opt/gcc-arm-none-eabi/bin/../lib/gcc/arm-none-eabi/4.7.3/../../../../arm-none-eabi/lib/armv7e-m/softfp/libg_s.a(lib_a-isattyr.o)
                                                  /opt/gcc-arm-none-eabi/bin/../lib/gcc/arm-none-eabi/4.7.3/../../../../arm-none-eabi/lib/armv7e-m/softfp/libg_s.a(lib_a-makebuf.o)
_lseek                                            .obj/syscalls.o
                                                  /opt/gcc-arm-none-eabi/bin/../lib/gcc/arm-none-eabi/4.7.3/../../../../arm-none-eabi/lib/armv7e-m/softfp/libg_s.a(lib_a-lseekr.o)
_lseek_r                                          /opt/gcc-arm-none-eabi/bin/../lib/gcc/arm-none-eabi/4.7.3/../../../../arm-none-eabi/lib/armv7e-m/softfp/libg_s.a(lib_a-lseekr.o)
                                                  /opt/gcc-arm-none-eabi/bin/../lib/gcc/arm-none-eabi/4.7.3/../../../../arm-none-eabi/lib/armv7e-m/softfp/libg_s.a(lib_a-stdio.o)
_malloc_r                                         /opt/gcc-arm-none-eabi/bin/../lib/gcc/arm-none-eabi/4.7.3/../../../../arm-none-eabi/lib/armv7e-m/softfp/libg_s.a(lib_a-mallocr.o)
                                                  /opt/gcc-arm-none-eabi/bin/../lib/gcc/arm-none-eabi/4.7.3/../../../../arm-none-eabi/lib/armv7e-m/softfp/libg_s.a(lib_a-makebuf.o)
                                                  /opt/gcc-arm-none-eabi/bin/../lib/gcc/arm-none-eabi/4.7.3/../../../../arm-none-eabi/lib/armv7e-m/softfp/libg_s.a(lib_a-findfp.o)
_open                                             .obj/syscalls.o
_putc_r                                           /opt/gcc-arm-none-eabi/bin/../lib/gcc/arm-none-eabi/4.7.3/../../../../arm-none-eabi/lib/armv7e-m/softfp/libg_s.a(lib_a-putc.o)
                                                  /opt/gcc-arm-none-eabi/bin/../lib/gcc/arm-none-eabi/4.7.3/../../../../arm-none-eabi/lib/armv7e-m/softfp/libg_s.a(lib_a-puts.o)
_puts_r                                           /opt/gcc-arm-none-eabi/bin/../lib/gcc/arm-none-eabi/4.7.3/../../../../arm-none-eabi/lib/armv7e-m/softfp/libg_s.a(lib_a-puts.o)
_read                                             .obj/syscalls.o
                                                  /opt/gcc-arm-none-eabi/bin/../lib/gcc/arm-none-eabi/4.7.3/../../../../arm-none-eabi/lib/armv7e-m/softfp/libg_s.a(lib_a-readr.o)
_read_r                                           /opt/gcc-arm-none-eabi/bin/../lib/gcc/arm-none-eabi/4.7.3/../../../../arm-none-eabi/lib/armv7e-m/softfp/libg_s.a(lib_a-readr.o)
                                                  /opt/gcc-arm-none-eabi/bin/../lib/gcc/arm-none-eabi/4.7.3/../../../../arm-none-eabi/lib/armv7e-m/softfp/libg_s.a(lib_a-stdio.o)
_reclaim_reent                                    /opt/gcc-arm-none-eabi/bin/../lib/gcc/arm-none-eabi/4.7.3/../../../../arm-none-eabi/lib/armv7e-m/softfp/libg_s.a(lib_a-reent.o)
_sbrk                                             .obj/syscalls.o
                                                  /opt/gcc-arm-none-eabi/bin/../lib/gcc/arm-none-eabi/4.7.3/../../../../arm-none-eabi/lib/armv7e-m/softfp/libg_s.a(lib_a-sbrkr.o)
_sbrk_r                                           /opt/gcc-arm-none-eabi/bin/../lib/gcc/arm-none-eabi/4.7.3/../../../../arm-none-eabi/lib/armv7e-m/softfp/libg_s.a(lib_a-sbrkr.o)
                                                  /opt/gcc-arm-none-eabi/bin/../lib/gcc/arm-none-eabi/4.7.3/../../../../arm-none-eabi/lib/armv7e-m/softfp/libg_s.a(lib_a-mallocr.o)
_wrapup_reent                                     /opt/gcc-arm-none-eabi/bin/../lib/gcc/arm-none-eabi/4.7.3/../../../../arm-none-eabi/lib/armv7e-m/softfp/libg_s.a(lib_a-reent.o)
_write                                            .obj/syscalls.o
                                                  /opt/gcc-arm-none-eabi/bin/../lib/gcc/arm-none-eabi/4.7.3/../../../../arm-none-eabi/lib/armv7e-m/softfp/libg_s.a(lib_a-writer.o)
_write_r                                          /opt/gcc-arm-none-eabi/bin/../lib/gcc/arm-none-eabi/4.7.3/../../../../arm-none-eabi/lib/armv7e-m/softfp/libg_s.a(lib_a-writer.o)
                                                  /opt/gcc-arm-none-eabi/bin/../lib/gcc/arm-none-eabi/4.7.3/../../../../arm-none-eabi/lib/armv7e-m/softfp/libg_s.a(lib_a-stdio.o)
cleanup_glue                                      /opt/gcc-arm-none-eabi/bin/../lib/gcc/arm-none-eabi/4.7.3/../../../../arm-none-eabi/lib/armv7e-m/softfp/libg_s.a(lib_a-reent.o)
errno                                             /opt/gcc-arm-none-eabi/bin/../lib/gcc/arm-none-eabi/4.7.3/../../../../arm-none-eabi/lib/armv7e-m/softfp/libg_s.a(lib_a-isattyr.o)
                                                  /opt/gcc-arm-none-eabi/bin/../lib/gcc/arm-none-eabi/4.7.3/../../../../arm-none-eabi/lib/armv7e-m/softfp/libg_s.a(lib_a-fstatr.o)
                                                  /opt/gcc-arm-none-eabi/bin/../lib/gcc/arm-none-eabi/4.7.3/../../../../arm-none-eabi/lib/armv7e-m/softfp/libg_s.a(lib_a-reent.o)
                                                  /opt/gcc-arm-none-eabi/bin/../lib/gcc/arm-none-eabi/4.7.3/../../../../arm-none-eabi/lib/armv7e-m/softfp/libg_s.a(lib_a-readr.o)
                                                  /opt/gcc-arm-none-eabi/bin/../lib/gcc/arm-none-eabi/4.7.3/../../../../arm-none-eabi/lib/armv7e-m/softfp/libg_s.a(lib_a-lseekr.o)
                                                  /opt/gcc-arm-none-eabi/bin/../lib/gcc/arm-none-eabi/4.7.3/../../../../arm-none-eabi/lib/armv7e-m/softfp/libg_s.a(lib_a-closer.o)
                                                  /opt/gcc-arm-none-eabi/bin/../lib/gcc/arm-none-eabi/4.7.3/../../../../arm-none-eabi/lib/armv7e-m/softfp/libg_s.a(lib_a-writer.o)
                                                  /opt/gcc-arm-none-eabi/bin/../lib/gcc/arm-none-eabi/4.7.3/../../../../arm-none-eabi/lib/armv7e-m/softfp/libg_s.a(lib_a-sbrkr.o)
fflush                                            /opt/gcc-arm-none-eabi/bin/../lib/gcc/arm-none-eabi/4.7.3/../../../../arm-none-eabi/lib/armv7e-m/softfp/libg_s.a(lib_a-fflush.o)
g_pfnVectors                                      .obj/startup.o
heap_end                                          .obj/syscalls.o
main                                              .obj/proj0.o
                                                  .obj/startup.o
memset                                            /opt/gcc-arm-none-eabi/bin/../lib/gcc/arm-none-eabi/4.7.3/../../../../arm-none-eabi/lib/armv7e-m/softfp/libg_s.a(lib_a-memset.o)
                                                  /opt/gcc-arm-none-eabi/bin/../lib/gcc/arm-none-eabi/4.7.3/../../../../arm-none-eabi/lib/armv7e-m/softfp/libg_s.a(lib_a-findfp.o)
putc                                              /opt/gcc-arm-none-eabi/bin/../lib/gcc/arm-none-eabi/4.7.3/../../../../arm-none-eabi/lib/armv7e-m/softfp/libg_s.a(lib_a-putc.o)
puts                                              /opt/gcc-arm-none-eabi/bin/../lib/gcc/arm-none-eabi/4.7.3/../../../../arm-none-eabi/lib/armv7e-m/softfp/libg_s.a(lib_a-puts.o)
                                                  .obj/proj0.o
