Archive member included because of file (symbol)

/opt/gcc-arm-none-eabi/bin/../lib/gcc/arm-none-eabi/4.7.3/../../../../arm-none-eabi/lib/armv7e-m/softfp/libc_s.a(lib_a-printf.o)
                              .obj/proj0.o (printf)
/opt/gcc-arm-none-eabi/bin/../lib/gcc/arm-none-eabi/4.7.3/../../../../arm-none-eabi/lib/armv7e-m/softfp/libc_s.a(lib_a-puts.o)
                              .obj/proj0.o (puts)
/opt/gcc-arm-none-eabi/bin/../lib/gcc/arm-none-eabi/4.7.3/../../../../arm-none-eabi/lib/armv7e-m/softfp/libc_s.a(lib_a-vfprintf.o)
                              /opt/gcc-arm-none-eabi/bin/../lib/gcc/arm-none-eabi/4.7.3/../../../../arm-none-eabi/lib/armv7e-m/softfp/libc_s.a(lib_a-printf.o) (_vfprintf_r)
/opt/gcc-arm-none-eabi/bin/../lib/gcc/arm-none-eabi/4.7.3/../../../../arm-none-eabi/lib/armv7e-m/softfp/libc_s.a(lib_a-vfprintf_float.o)
                              (_printf_float)
/opt/gcc-arm-none-eabi/bin/../lib/gcc/arm-none-eabi/4.7.3/../../../../arm-none-eabi/lib/armv7e-m/softfp/libc_s.a(lib_a-vfprintf_i.o)
                              /opt/gcc-arm-none-eabi/bin/../lib/gcc/arm-none-eabi/4.7.3/../../../../arm-none-eabi/lib/armv7e-m/softfp/libc_s.a(lib_a-vfprintf_float.o) (_printf_common)
/opt/gcc-arm-none-eabi/bin/../lib/gcc/arm-none-eabi/4.7.3/../../../../arm-none-eabi/lib/armv7e-m/softfp/libc_s.a(lib_a-wbuf.o)
                              /opt/gcc-arm-none-eabi/bin/../lib/gcc/arm-none-eabi/4.7.3/../../../../arm-none-eabi/lib/armv7e-m/softfp/libc_s.a(lib_a-vfprintf.o) (__swbuf_r)
/opt/gcc-arm-none-eabi/bin/../lib/gcc/arm-none-eabi/4.7.3/../../../../arm-none-eabi/lib/armv7e-m/softfp/libc_s.a(lib_a-wsetup.o)
                              /opt/gcc-arm-none-eabi/bin/../lib/gcc/arm-none-eabi/4.7.3/../../../../arm-none-eabi/lib/armv7e-m/softfp/libc_s.a(lib_a-vfprintf.o) (__swsetup_r)
/opt/gcc-arm-none-eabi/bin/../lib/gcc/arm-none-eabi/4.7.3/../../../../arm-none-eabi/lib/armv7e-m/softfp/libc_s.a(lib_a-dtoa.o)
                              /opt/gcc-arm-none-eabi/bin/../lib/gcc/arm-none-eabi/4.7.3/../../../../arm-none-eabi/lib/armv7e-m/softfp/libc_s.a(lib_a-vfprintf_float.o) (_dtoa_r)
/opt/gcc-arm-none-eabi/bin/../lib/gcc/arm-none-eabi/4.7.3/../../../../arm-none-eabi/lib/armv7e-m/softfp/libc_s.a(lib_a-fflush.o)
                              /opt/gcc-arm-none-eabi/bin/../lib/gcc/arm-none-eabi/4.7.3/../../../../arm-none-eabi/lib/armv7e-m/softfp/libc_s.a(lib_a-wbuf.o) (_fflush_r)
/opt/gcc-arm-none-eabi/bin/../lib/gcc/arm-none-eabi/4.7.3/../../../../arm-none-eabi/lib/armv7e-m/softfp/libc_s.a(lib_a-findfp.o)
                              /opt/gcc-arm-none-eabi/bin/../lib/gcc/arm-none-eabi/4.7.3/../../../../arm-none-eabi/lib/armv7e-m/softfp/libc_s.a(lib_a-printf.o) (__sinit)
/opt/gcc-arm-none-eabi/bin/../lib/gcc/arm-none-eabi/4.7.3/../../../../arm-none-eabi/lib/armv7e-m/softfp/libc_s.a(lib_a-fputwc.o)
                              /opt/gcc-arm-none-eabi/bin/../lib/gcc/arm-none-eabi/4.7.3/../../../../arm-none-eabi/lib/armv7e-m/softfp/libc_s.a(lib_a-vfprintf.o) (_fputwc_r)
/opt/gcc-arm-none-eabi/bin/../lib/gcc/arm-none-eabi/4.7.3/../../../../arm-none-eabi/lib/armv7e-m/softfp/libc_s.a(lib_a-freer.o)
                              /opt/gcc-arm-none-eabi/bin/../lib/gcc/arm-none-eabi/4.7.3/../../../../arm-none-eabi/lib/armv7e-m/softfp/libc_s.a(lib_a-wsetup.o) (_free_r)
/opt/gcc-arm-none-eabi/bin/../lib/gcc/arm-none-eabi/4.7.3/../../../../arm-none-eabi/lib/armv7e-m/softfp/libc_s.a(lib_a-fvwrite.o)
                              /opt/gcc-arm-none-eabi/bin/../lib/gcc/arm-none-eabi/4.7.3/../../../../arm-none-eabi/lib/armv7e-m/softfp/libc_s.a(lib_a-vfprintf.o) (__sfvwrite_r)
/opt/gcc-arm-none-eabi/bin/../lib/gcc/arm-none-eabi/4.7.3/../../../../arm-none-eabi/lib/armv7e-m/softfp/libc_s.a(lib_a-fwalk.o)
                              /opt/gcc-arm-none-eabi/bin/../lib/gcc/arm-none-eabi/4.7.3/../../../../arm-none-eabi/lib/armv7e-m/softfp/libc_s.a(lib_a-findfp.o) (_fwalk)
/opt/gcc-arm-none-eabi/bin/../lib/gcc/arm-none-eabi/4.7.3/../../../../arm-none-eabi/lib/armv7e-m/softfp/libc_s.a(lib_a-impure.o)
                              /opt/gcc-arm-none-eabi/bin/../lib/gcc/arm-none-eabi/4.7.3/../../../../arm-none-eabi/lib/armv7e-m/softfp/libc_s.a(lib_a-fflush.o) (_global_impure_ptr)
/opt/gcc-arm-none-eabi/bin/../lib/gcc/arm-none-eabi/4.7.3/../../../../arm-none-eabi/lib/armv7e-m/softfp/libc_s.a(lib_a-locale.o)
                              /opt/gcc-arm-none-eabi/bin/../lib/gcc/arm-none-eabi/4.7.3/../../../../arm-none-eabi/lib/armv7e-m/softfp/libc_s.a(lib_a-fputwc.o) (__locale_mb_cur_max)
/opt/gcc-arm-none-eabi/bin/../lib/gcc/arm-none-eabi/4.7.3/../../../../arm-none-eabi/lib/armv7e-m/softfp/libc_s.a(lib_a-makebuf.o)
                              /opt/gcc-arm-none-eabi/bin/../lib/gcc/arm-none-eabi/4.7.3/../../../../arm-none-eabi/lib/armv7e-m/softfp/libc_s.a(lib_a-wsetup.o) (__smakebuf_r)
/opt/gcc-arm-none-eabi/bin/../lib/gcc/arm-none-eabi/4.7.3/../../../../arm-none-eabi/lib/armv7e-m/softfp/libc_s.a(lib_a-malloc.o)
[...]
Memory Configuration

Name             Origin             Length             Attributes
FLASH            0x00000000         0x00040000         xr
SRAM             0x20000000         0x00008000         xrw
*default*        0x00000000         0xffffffff

Linker script and memory map

                0x00001000                _stack_size = 0x1000

.text           0x00000000     0x3640
                0x00000000                _text = .
 *(.isr_vector)
 .isr_vector    0x00000000      0x26c .obj/startup.o
                0x00000000                g_pfnVectors
 *(.text*)
 *fill*         0x0000026c        0x4 00
 .text.startup.main
                0x00000270       0x58 .obj/proj0.o
                0x00000270                main
 .text.SetupFPU
                0x000002c8       0x18 .obj/stellariscommon.o
                0x000002c8                SetupFPU
 .text.SetupClock
                0x000002e0       0x34 .obj/stellariscommon.o
                0x000002e0                SetupClock
 .text.SetupStdio
                0x00000314       0x60 .obj/stellariscommon.o
                0x00000314                SetupStdio
 .text.NmiSR    0x00000374        0x2 .obj/startup.o
 .text.FaultISR
                0x00000376        0x2 .obj/startup.o
 .text.IntDefaultHandler
                0x00000378        0x2 .obj/startup.o
 .text.HardwareInit
                0x0000037a       0x18 .obj/startup.o
                0x0000037a                HardwareInit
 *fill*         0x00000392        0x2 00
 .text.ResetISR
                0x00000394       0x44 .obj/startup.o
                0x00000394                ResetISR
 .text._sbrk    0x000003d8       0x34 .obj/syscalls.o
                0x000003d8                _sbrk
 .text._close   0x0000040c        0x6 .obj/syscalls.o
                0x0000040c                _close
 .text._fstat   0x00000412        0x6 .obj/syscalls.o
                0x00000412                _fstat
 .text._isatty  0x00000418        0x6 .obj/syscalls.o
                0x00000418                _isatty
 .text._lseek   0x0000041e        0x6 .obj/syscalls.o
                0x0000041e                _lseek
 .text._read    0x00000424       0x28 .obj/syscalls.o
                0x00000424                _read
 .text._write   0x0000044c       0x28 .obj/syscalls.o
                0x0000044c                _write
 .text.printf   0x00000474       0x30 /opt/gcc-arm-none-eabi/bin/../lib/gcc/arm-none-eabi/4.7.3/../../../../arm-none-eabi/lib/armv7e-m/softfp/libc_s.a(lib_a-printf.o)
                0x00000474                printf
                0x00000474                iprintf
 .text.puts     0x000004a4       0x3c /opt/gcc-arm-none-eabi/bin/../lib/gcc/arm-none-eabi/4.7.3/../../../../arm-none-eabi/lib/armv7e-m/softfp/libc_s.a(lib_a-puts.o)
                0x000004a4                puts
 .text.__sfputc_r
                0x000004e0       0x2c /opt/gcc-arm-none-eabi/bin/../lib/gcc/arm-none-eabi/4.7.3/../../../../arm-none-eabi/lib/armv7e-m/softfp/libc_s.a(lib_a-vfprintf.o)
                0x000004e0                __sfputc_r
 .text._vfprintf_r
                0x0000050c      0x22c /opt/gcc-arm-none-eabi/bin/../lib/gcc/arm-none-eabi/4.7.3/../../../../arm-none-eabi/lib/armv7e-m/softfp/libc_s.a(lib_a-vfprintf.o)
                0x0000050c                _vfiprintf_r
                0x0000050c                _vfprintf_r
 .text.__cvt    0x00000738       0xd2 /opt/gcc-arm-none-eabi/bin/../lib/gcc/arm-none-eabi/4.7.3/../../../../arm-none-eabi/lib/armv7e-m/softfp/libc_s.a(lib_a-vfprintf_float.o)
                0x00000738                __cvt
 .text.__exponent
                0x0000080a       0x5e /opt/gcc-arm-none-eabi/bin/../lib/gcc/arm-none-eabi/4.7.3/../../../../arm-none-eabi/lib/armv7e-m/softfp/libc_s.a(lib_a-vfprintf_float.o)
                0x0000080a                __exponent
 .text._printf_float
                0x00000868      0x4a4 /opt/gcc-arm-none-eabi/bin/../lib/gcc/arm-none-eabi/4.7.3/../../../../arm-none-eabi/lib/armv7e-m/softfp/libc_s.a(lib_a-vfprintf_float.o)
                0x00000868                _printf_float
 .text._printf_common
                0x00000d0c       0xde /opt/gcc-arm-none-eabi/bin/../lib/gcc/arm-none-eabi/4.7.3/../../../../arm-none-eabi/lib/armv7e-m/softfp/libc_s.a(lib_a-vfprintf_i.o)
                0x00000d0c                _printf_common
 *fill*         0x00000dea        0x2 00
 .text._printf_i
                0x00000dec      0x248 /opt/gcc-arm-none-eabi/bin/../lib/gcc/arm-none-eabi/4.7.3/../../../../arm-none-eabi/lib/armv7e-m/softfp/libc_s.a(lib_a-vfprintf_i.o)
                0x00000dec                _printf_i
 .text.__swbuf_r
                0x00001034       0xb4 /opt/gcc-arm-none-eabi/bin/../lib/gcc/arm-none-eabi/4.7.3/../../../../arm-none-eabi/lib/armv7e-m/softfp/libc_s.a(lib_a-wbuf.o)
                0x00001034                __swbuf_r
 .text.__swsetup_r
                0x000010e8       0xec /opt/gcc-arm-none-eabi/bin/../lib/gcc/arm-none-eabi/4.7.3/../../../../arm-none-eabi/lib/armv7e-m/softfp/libc_s.a(lib_a-wsetup.o)
                0x000010e8                __swsetup_r
 .text.quorem   0x000011d4      0x112 /opt/gcc-arm-none-eabi/bin/../lib/gcc/arm-none-eabi/4.7.3/../../../../arm-none-eabi/lib/armv7e-m/softfp/libc_s.a(lib_a-dtoa.o)
 *fill*         0x000012e6        0x2 00
 .text._dtoa_r  0x000012e8      0xb40 /opt/gcc-arm-none-eabi/bin/../lib/gcc/arm-none-eabi/4.7.3/../../../../arm-none-eabi/lib/armv7e-m/softfp/libc_s.a(lib_a-dtoa.o)
                0x000012e8                _dtoa_r
 .text._fflush_r
                0x00001e28      0x14c /opt/gcc-arm-none-eabi/bin/../lib/gcc/arm-none-eabi/4.7.3/../../../../arm-none-eabi/lib/armv7e-m/softfp/libc_s.a(lib_a-fflush.o)
                0x00001e28                _fflush_r
 .text._cleanup_r
                0x00001f74       0x32 /opt/gcc-arm-none-eabi/bin/../lib/gcc/arm-none-eabi/4.7.3/../../../../arm-none-eabi/lib/armv7e-m/softfp/libc_s.a(lib_a-findfp.o)
                0x00001f74                _cleanup_r
 *fill*         0x00001fa6        0x2 00
 .text.std.isra.0
                0x00001fa8       0x48 /opt/gcc-arm-none-eabi/bin/../lib/gcc/arm-none-eabi/4.7.3/../../../../arm-none-eabi/lib/armv7e-m/softfp/libc_s.a(lib_a-findfp.o)
 .text.__sfmoreglue
                0x00001ff0       0x2a /opt/gcc-arm-none-eabi/bin/../lib/gcc/arm-none-eabi/4.7.3/../../../../arm-none-eabi/lib/armv7e-m/softfp/libc_s.a(lib_a-findfp.o)
                0x00001ff0                __sfmoreglue
 *fill*         0x0000201a        0x2 00
 .text.__sinit  0x0000201c       0x58 /opt/gcc-arm-none-eabi/bin/../lib/gcc/arm-none-eabi/4.7.3/../../../../arm-none-eabi/lib/armv7e-m/softfp/libc_s.a(lib_a-findfp.o)
                0x0000201c                __sinit
 .text.__sfp    0x00002074       0x78 /opt/gcc-arm-none-eabi/bin/../lib/gcc/arm-none-eabi/4.7.3/../../../../arm-none-eabi/lib/armv7e-m/softfp/libc_s.a(lib_a-findfp.o)
                0x00002074                __sfp
 .text._free_r  0x000020ec       0x88 /opt/gcc-arm-none-eabi/bin/../lib/gcc/arm-none-eabi/4.7.3/../../../../arm-none-eabi/lib/armv7e-m/softfp/libc_s.a(lib_a-freer.o)
                0x000020ec                _free_r
 .text._localeconv_r
                0x00002174        0x8 /opt/gcc-arm-none-eabi/bin/../lib/gcc/arm-none-eabi/4.7.3/../../../../arm-none-eabi/lib/armv7e-m/softfp/libc_s.a(lib_a-locale.o)
                0x00002174                _localeconv_r
 .text.__smakebuf_r
                0x0000217c       0xa8 /opt/gcc-arm-none-eabi/bin/../lib/gcc/arm-none-eabi/4.7.3/../../../../arm-none-eabi/lib/armv7e-m/softfp/libc_s.a(lib_a-makebuf.o)
                0x0000217c                __smakebuf_r
 .text.malloc   0x00002224       0x10 /opt/gcc-arm-none-eabi/bin/../lib/gcc/arm-none-eabi/4.7.3/../../../../arm-none-eabi/lib/armv7e-m/softfp/libc_s.a(lib_a-malloc.o)
                0x00002224                malloc
 .text._malloc_r
                0x00002234       0x94 /opt/gcc-arm-none-eabi/bin/../lib/gcc/arm-none-eabi/4.7.3/../../../../arm-none-eabi/lib/armv7e-m/softfp/libc_s.a(lib_a-mallocr.o)
                0x00002234                _malloc_r
 .text.memchr   0x000022c8       0x1c /opt/gcc-arm-none-eabi/bin/../lib/gcc/arm-none-eabi/4.7.3/../../../../arm-none-eabi/lib/armv7e-m/softfp/libc_s.a(lib_a-memchr.o)
                0x000022c8                memchr
 .text.memcpy   0x000022e4       0x12 /opt/gcc-arm-none-eabi/bin/../lib/gcc/arm-none-eabi/4.7.3/../../../../arm-none-eabi/lib/armv7e-m/softfp/libc_s.a(lib_a-memcpy.o)
                0x000022e4                memcpy
 .text.memset   0x000022f6       0x10 /opt/gcc-arm-none-eabi/bin/../lib/gcc/arm-none-eabi/4.7.3/../../../../arm-none-eabi/lib/armv7e-m/softfp/libc_s.a(lib_a-memset.o)
                0x000022f6                memset
 .text._Balloc  0x00002306       0x6a /opt/gcc-arm-none-eabi/bin/../lib/gcc/arm-none-eabi/4.7.3/../../../../arm-none-eabi/lib/armv7e-m/softfp/libc_s.a(lib_a-mprec.o)
                0x00002306                _Balloc
 .text._Bfree   0x00002370       0x2e /opt/gcc-arm-none-eabi/bin/../lib/gcc/arm-none-eabi/4.7.3/../../../../arm-none-eabi/lib/armv7e-m/softfp/libc_s.a(lib_a-mprec.o)
                0x00002370                _Bfree
 .text.__multadd
                0x0000239e       0x78 /opt/gcc-arm-none-eabi/bin/../lib/gcc/arm-none-eabi/4.7.3/../../../../arm-none-eabi/lib/armv7e-m/softfp/libc_s.a(lib_a-mprec.o)
                0x0000239e                __multadd
 .text.__hi0bits
                0x00002416       0x3e /opt/gcc-arm-none-eabi/bin/../lib/gcc/arm-none-eabi/4.7.3/../../../../arm-none-eabi/lib/armv7e-m/softfp/libc_s.a(lib_a-mprec.o)
                0x00002416                __hi0bits
 .text.__lo0bits
                0x00002454       0x5a /opt/gcc-arm-none-eabi/bin/../lib/gcc/arm-none-eabi/4.7.3/../../../../arm-none-eabi/lib/armv7e-m/softfp/libc_s.a(lib_a-mprec.o)
                0x00002454                __lo0bits
 .text.__i2b    0x000024ae       0x12 /opt/gcc-arm-none-eabi/bin/../lib/gcc/arm-none-eabi/4.7.3/../../../../arm-none-eabi/lib/armv7e-m/softfp/libc_s.a(lib_a-mprec.o)
                0x000024ae                __i2b
 .text.__multiply
                0x000024c0      0x122 /opt/gcc-arm-none-eabi/bin/../lib/gcc/arm-none-eabi/4.7.3/../../../../arm-none-eabi/lib/armv7e-m/softfp/libc_s.a(lib_a-mprec.o)
                0x000024c0                __multiply
 *fill*         0x000025e2        0x2 00
 .text.__pow5mult
                0x000025e4       0xa4 /opt/gcc-arm-none-eabi/bin/../lib/gcc/arm-none-eabi/4.7.3/../../../../arm-none-eabi/lib/armv7e-m/softfp/libc_s.a(lib_a-mprec.o)
                0x000025e4                __pow5mult
 .text.__lshift
                0x00002688       0xa8 /opt/gcc-arm-none-eabi/bin/../lib/gcc/arm-none-eabi/4.7.3/../../../../arm-none-eabi/lib/armv7e-m/softfp/libc_s.a(lib_a-mprec.o)
                0x00002688                __lshift
 .text.__mcmp   0x00002730       0x3a /opt/gcc-arm-none-eabi/bin/../lib/gcc/arm-none-eabi/4.7.3/../../../../arm-none-eabi/lib/armv7e-m/softfp/libc_s.a(lib_a-mprec.o)
                0x00002730                __mcmp
 .text.__mdiff  0x0000276a       0xc2 /opt/gcc-arm-none-eabi/bin/../lib/gcc/arm-none-eabi/4.7.3/../../../../arm-none-eabi/lib/armv7e-m/softfp/libc_s.a(lib_a-mprec.o)
                0x0000276a                __mdiff
 .text.__d2b    0x0000282c       0xa8 /opt/gcc-arm-none-eabi/bin/../lib/gcc/arm-none-eabi/4.7.3/../../../../arm-none-eabi/lib/armv7e-m/softfp/libc_s.a(lib_a-mprec.o)
                0x0000282c                __d2b
 .text._putc_r  0x000028d4       0x7c /opt/gcc-arm-none-eabi/bin/../lib/gcc/arm-none-eabi/4.7.3/../../../../arm-none-eabi/lib/armv7e-m/softfp/libc_s.a(lib_a-putc.o)
                0x000028d4                _putc_r
 .text.__fpclassifyd
                0x00002950       0x64 /opt/gcc-arm-none-eabi/bin/../lib/gcc/arm-none-eabi/4.7.3/../../../../arm-none-eabi/lib/armv7e-m/softfp/libc_s.a(lib_a-s_fpclassify.o)
                0x00002950                __fpclassifyd
 .text._sbrk_r  0x000029b4       0x20 /opt/gcc-arm-none-eabi/bin/../lib/gcc/arm-none-eabi/4.7.3/../../../../arm-none-eabi/lib/armv7e-m/softfp/libc_s.a(lib_a-sbrkr.o)
                0x000029b4                _sbrk_r
 .text.__sread  0x000029d4       0x22 /opt/gcc-arm-none-eabi/bin/../lib/gcc/arm-none-eabi/4.7.3/../../../../arm-none-eabi/lib/armv7e-m/softfp/libc_s.a(lib_a-stdio.o)
                0x000029d4                __sread
 .text.__swrite
                0x000029f6       0x3c /opt/gcc-arm-none-eabi/bin/../lib/gcc/arm-none-eabi/4.7.3/../../../../arm-none-eabi/lib/armv7e-m/softfp/libc_s.a(lib_a-stdio.o)
                0x000029f6                __swrite
 .text.__sseek  0x00002a32       0x24 /opt/gcc-arm-none-eabi/bin/../lib/gcc/arm-none-eabi/4.7.3/../../../../arm-none-eabi/lib/armv7e-m/softfp/libc_s.a(lib_a-stdio.o)
                0x00002a32                __sseek
 .text.__sclose
                0x00002a56        0x8 /opt/gcc-arm-none-eabi/bin/../lib/gcc/arm-none-eabi/4.7.3/../../../../arm-none-eabi/lib/armv7e-m/softfp/libc_s.a(lib_a-stdio.o)
                0x00002a56                __sclose
 .text.strlen   0x00002a5e       0x10 /opt/gcc-arm-none-eabi/bin/../lib/gcc/arm-none-eabi/4.7.3/../../../../arm-none-eabi/lib/armv7e-m/softfp/libc_s.a(lib_a-strlen.o)
                0x00002a5e                strlen
 *fill*         0x00002a6e        0x2 00
 .text._write_r
                0x00002a70       0x24 /opt/gcc-arm-none-eabi/bin/../lib/gcc/arm-none-eabi/4.7.3/../../../../arm-none-eabi/lib/armv7e-m/softfp/libc_s.a(lib_a-writer.o)
                0x00002a70                _write_r
 .text._calloc_r
                0x00002a94       0x1c /opt/gcc-arm-none-eabi/bin/../lib/gcc/arm-none-eabi/4.7.3/../../../../arm-none-eabi/lib/armv7e-m/softfp/libc_s.a(lib_a-callocr.o)
                0x00002a94                _calloc_r
 .text._close_r
                0x00002ab0       0x20 /opt/gcc-arm-none-eabi/bin/../lib/gcc/arm-none-eabi/4.7.3/../../../../arm-none-eabi/lib/armv7e-m/softfp/libc_s.a(lib_a-closer.o)
                0x00002ab0                _close_r
 .text._fstat_r
                0x00002ad0       0x24 /opt/gcc-arm-none-eabi/bin/../lib/gcc/arm-none-eabi/4.7.3/../../../../arm-none-eabi/lib/armv7e-m/softfp/libc_s.a(lib_a-fstatr.o)
                0x00002ad0                _fstat_r
 .text._isatty_r
                0x00002af4       0x20 /opt/gcc-arm-none-eabi/bin/../lib/gcc/arm-none-eabi/4.7.3/../../../../arm-none-eabi/lib/armv7e-m/softfp/libc_s.a(lib_a-isattyr.o)
                0x00002af4                _isatty_r
 .text._lseek_r
                0x00002b14       0x24 /opt/gcc-arm-none-eabi/bin/../lib/gcc/arm-none-eabi/4.7.3/../../../../arm-none-eabi/lib/armv7e-m/softfp/libc_s.a(lib_a-lseekr.o)
                0x00002b14                _lseek_r
 .text._read_r  0x00002b38       0x24 /opt/gcc-arm-none-eabi/bin/../lib/gcc/arm-none-eabi/4.7.3/../../../../arm-none-eabi/lib/armv7e-m/softfp/libc_s.a(lib_a-readr.o)
                0x00002b38                _read_r
 .text          0x00002b5c      0x370 /opt/gcc-arm-none-eabi/bin/../lib/gcc/arm-none-eabi/4.7.3/armv7e-m/softfp/libgcc.a(_arm_addsubdf3.o)
                0x00002b5c                __aeabi_drsub
                0x00002b64                __aeabi_dsub
                0x00002b64                __subdf3
                0x00002b68                __adddf3
                0x00002b68                __aeabi_dadd
                0x00002de0                __aeabi_ui2d
                0x00002de0                __floatunsidf
                0x00002e00                __floatsidf
                0x00002e00                __aeabi_i2d
                0x00002e24                __extendsfdf2
                0x00002e24                __aeabi_f2d
                0x00002e60                __aeabi_ul2d
                0x00002e60                __floatundidf
                0x00002e70                __floatdidf
                0x00002e70                __aeabi_l2d
 .text          0x00002ecc      0x424 /opt/gcc-arm-none-eabi/bin/../lib/gcc/arm-none-eabi/4.7.3/armv7e-m/softfp/libgcc.a(_arm_muldivdf3.o)
                0x00002ecc                __aeabi_dmul
                0x00002ecc                __muldf3
                0x00003120                __aeabi_ddiv
                0x00003120                __divdf3
 .text          0x000032f0      0x110 /opt/gcc-arm-none-eabi/bin/../lib/gcc/arm-none-eabi/4.7.3/armv7e-m/softfp/libgcc.a(_arm_cmpdf2.o)
                0x000032f0                __gtdf2
                0x000032f0                __gedf2
                0x000032f8                __ltdf2
                0x000032f8                __ledf2
                0x00003300                __cmpdf2
                0x00003300                __eqdf2
                0x00003300                __nedf2
                0x0000337c                __aeabi_cdrcmple
                0x0000338c                __aeabi_cdcmple
                0x0000338c                __aeabi_cdcmpeq
                0x0000339c                __aeabi_dcmpeq
                0x000033b0                __aeabi_dcmplt
                0x000033c4                __aeabi_dcmple
                0x000033d8                __aeabi_dcmpge
                0x000033ec                __aeabi_dcmpgt
 .text          0x00003400       0x50 /opt/gcc-arm-none-eabi/bin/../lib/gcc/arm-none-eabi/4.7.3/armv7e-m/softfp/libgcc.a(_arm_fixdfsi.o)
                0x00003400                __fixdfsi
                0x00003400                __aeabi_d2iz
 *(.init)
 *(.fini)
 *(.rodata*)
 .rodata.str1.1
                0x00003450       0x27 .obj/proj0.o
 .rodata.str1.1
                0x00003477       0x11 /opt/gcc-arm-none-eabi/bin/../lib/gcc/arm-none-eabi/4.7.3/../../../../arm-none-eabi/lib/armv7e-m/softfp/libc_s.a(lib_a-vfprintf.o)
 .rodata.str1.1
                0x00003488       0x10 /opt/gcc-arm-none-eabi/bin/../lib/gcc/arm-none-eabi/4.7.3/../../../../arm-none-eabi/lib/armv7e-m/softfp/libc_s.a(lib_a-vfprintf_float.o)
 .rodata.str1.1
                0x00003498       0x22 /opt/gcc-arm-none-eabi/bin/../lib/gcc/arm-none-eabi/4.7.3/../../../../arm-none-eabi/lib/armv7e-m/softfp/libc_s.a(lib_a-vfprintf_i.o)
 .rodata.str1.1
                0x000034ba        0xf /opt/gcc-arm-none-eabi/bin/../lib/gcc/arm-none-eabi/4.7.3/../../../../arm-none-eabi/lib/armv7e-m/softfp/libc_s.a(lib_a-dtoa.o)
 *fill*         0x000034c9        0x3 00
 .rodata.__sf_fake_stdin
                0x000034cc       0x20 /opt/gcc-arm-none-eabi/bin/../lib/gcc/arm-none-eabi/4.7.3/../../../../arm-none-eabi/lib/armv7e-m/softfp/libc_s.a(lib_a-findfp.o)
                0x000034cc                __sf_fake_stdin
 .rodata.__sf_fake_stdout
                0x000034ec       0x20 /opt/gcc-arm-none-eabi/bin/../lib/gcc/arm-none-eabi/4.7.3/../../../../arm-none-eabi/lib/armv7e-m/softfp/libc_s.a(lib_a-findfp.o)
                0x000034ec                __sf_fake_stdout
 .rodata.__sf_fake_stderr
                0x0000350c       0x20 /opt/gcc-arm-none-eabi/bin/../lib/gcc/arm-none-eabi/4.7.3/../../../../arm-none-eabi/lib/armv7e-m/softfp/libc_s.a(lib_a-findfp.o)
                0x0000350c                __sf_fake_stderr
 .rodata.str1.1
                0x0000352c        0x2 /opt/gcc-arm-none-eabi/bin/../lib/gcc/arm-none-eabi/4.7.3/../../../../arm-none-eabi/lib/armv7e-m/softfp/libc_s.a(lib_a-impure.o)
 *fill*         0x0000352e        0x2 00
 .rodata._global_impure_ptr
                0x00003530        0x4 /opt/gcc-arm-none-eabi/bin/../lib/gcc/arm-none-eabi/4.7.3/../../../../arm-none-eabi/lib/armv7e-m/softfp/libc_s.a(lib_a-impure.o)
                0x00003530                _global_impure_ptr
 .rodata.str1.1
                0x00003534        0x8 /opt/gcc-arm-none-eabi/bin/../lib/gcc/arm-none-eabi/4.7.3/../../../../arm-none-eabi/lib/armv7e-m/softfp/libc_s.a(lib_a-locale.o)
                                  0xb (size before relaxing)
 *fill*         0x0000353c        0x4 00
 .rodata.__mprec_tens
                0x00003540       0xc8 /opt/gcc-arm-none-eabi/bin/../lib/gcc/arm-none-eabi/4.7.3/../../../../arm-none-eabi/lib/armv7e-m/softfp/libc_s.a(lib_a-mprec.o)
                0x00003540                __mprec_tens
 .rodata.p05.5252
                0x00003608        0xc /opt/gcc-arm-none-eabi/bin/../lib/gcc/arm-none-eabi/4.7.3/../../../../arm-none-eabi/lib/armv7e-m/softfp/libc_s.a(lib_a-mprec.o)
 *fill*         0x00003614        0x4 00
 .rodata.__mprec_bigtens
                0x00003618       0x28 /opt/gcc-arm-none-eabi/bin/../lib/gcc/arm-none-eabi/4.7.3/../../../../arm-none-eabi/lib/armv7e-m/softfp/libc_s.a(lib_a-mprec.o)
                0x00003618                __mprec_bigtens
 *(.eh_frame*)

.glue_7         0x00003640        0x0
 .glue_7        0x00000000        0x0 linker stubs

.glue_7t        0x00003640        0x0
 .glue_7t       0x00000000        0x0 linker stubs

.vfp11_veneer   0x00003640        0x0
 .vfp11_veneer  0x00000000        0x0 linker stubs

.v4_bx          0x00003640        0x0
 .v4_bx         0x00000000        0x0 linker stubs

.iplt           0x00003640        0x0
 .iplt          0x00000000        0x0 .obj/proj0.o

.rel.dyn        0x00003640        0x0
 .rel.iplt      0x00000000        0x0 .obj/proj0.o

.ARM.extab
 *(.ARM.extab* .gnu.linkonce.armextab.*)
                0x00003640                __exidx_start = .

.ARM.exidx
 *(.ARM.exidx* .gnu.linkonce.armexidx.*)
                0x00003640                __exidx_end = .
                0x00003640                __etext = .

.data           0x20000000       0xa0 load address 0x00003640
                0x20000000                __data_start__ = .
 *(vtable)
 *(.data*)
 .data.impure_data
                0x20000000       0x64 /opt/gcc-arm-none-eabi/bin/../lib/gcc/arm-none-eabi/4.7.3/../../../../arm-none-eabi/lib/armv7e-m/softfp/libc_s.a(lib_a-impure.o)
 .data._impure_ptr
                0x20000064        0x4 /opt/gcc-arm-none-eabi/bin/../lib/gcc/arm-none-eabi/4.7.3/../../../../arm-none-eabi/lib/armv7e-m/softfp/libc_s.a(lib_a-impure.o)
                0x20000064                _impure_ptr
 .data.lconv    0x20000068       0x38 /opt/gcc-arm-none-eabi/bin/../lib/gcc/arm-none-eabi/4.7.3/../../../../arm-none-eabi/lib/armv7e-m/softfp/libc_s.a(lib_a-locale.o)
                0x200000a0                . = ALIGN (0x4)
                0x200000a0                PROVIDE (__preinit_array_start, .)
 *(.preinit_array)
                0x200000a0                PROVIDE (__preinit_array_end, .)
                0x200000a0                . = ALIGN (0x4)
                0x200000a0                PROVIDE (__init_array_start, .)
 *(SORT(.init_array.*))
 *(.init_array)
                0x200000a0                PROVIDE (__init_array_end, .)
                0x200000a0                . = ALIGN (0x4)
                0x200000a0                PROVIDE (__fini_array_start, .)
 *(SORT(.fini_array.*))
 *(.fini_array)
                0x200000a0                PROVIDE (__fini_array_end, .)
 *(.jcr)
                0x200000a0                . = ALIGN (0x4)
                0x200000a0                __data_end__ = .

.igot.plt       0x200000a0        0x0 load address 0x000036e0
 .igot.plt      0x00000000        0x0 .obj/proj0.o

.bss            0x200000a0       0x10 load address 0x000036e0
                0x200000a0                . = ALIGN (0x4)
                0x200000a0                __bss_start__ = .
 *(.bss*)
 .bss.heap_end  0x200000a0        0x4 .obj/syscalls.o
                0x200000a0                heap_end
 .bss.prev_heap_end.4031
                0x200000a4        0x4 .obj/syscalls.o
 .bss.__malloc_free_list
                0x200000a8        0x4 /opt/gcc-arm-none-eabi/bin/../lib/gcc/arm-none-eabi/4.7.3/../../../../arm-none-eabi/lib/armv7e-m/softfp/libc_s.a(lib_a-mallocr.o)
                0x200000a8                __malloc_free_list
 *(COMMON)
 COMMON         0x200000ac        0x4 /opt/gcc-arm-none-eabi/bin/../lib/gcc/arm-none-eabi/4.7.3/../../../../arm-none-eabi/lib/armv7e-m/softfp/libc_s.a(lib_a-reent.o)
                0x200000ac                errno
                0x200000b0                . = ALIGN (0x4)
                0x200000b0                __bss_end__ = .

.heap           0x200000b0        0x0
                0x200000b0                __end__ = .
                0x200000b0                end = __end__
 *(.heap*)
                0x200000b0                __HeapLimit = .
                0x20007000                PROVIDE (__heap_end__, ((ORIGIN (SRAM) + 0x8000) - _stack_size))

.stack_dummy    0x200000b0        0x0
 *(.stack*)
                0x20008000                __StackTop = (ORIGIN (SRAM) + 0x8000)
                0x20008000                __StackLimit = (__StackTop - SIZEOF (.stack_dummy))
                0x20008000                PROVIDE (__stack, __StackTop)
                0x00000001                ASSERT ((__StackLimit >= __HeapLimit), region RAM overflowed with stack)
LOAD .obj/proj0.o
LOAD .obj/stellariscommon.o
LOAD .obj/startup.o
LOAD .obj/syscalls.o
LOAD /opt/gcc-arm-none-eabi/bin/../lib/gcc/arm-none-eabi/4.7.3/../../../../arm-none-eabi/lib/armv7e-m/softfp/libc_s.a
LOAD /opt/gcc-arm-none-eabi/bin/../lib/gcc/arm-none-eabi/4.7.3/armv7e-m/softfp/libgcc.a
LOAD /opt/tivaware//driverlib/gcc/libdriver.a
OUTPUT(.obj/proj0.out elf32-littlearm)

.debug_info     0x00000000      0x83a
 .debug_info    0x00000000      0x1a9 .obj/proj0.o
 .debug_info    0x000001a9      0x19c .obj/stellariscommon.o
 .debug_info    0x00000345      0x1dc .obj/startup.o
 .debug_info    0x00000521      0x319 .obj/syscalls.o

.debug_abbrev   0x00000000      0x412
 .debug_abbrev  0x00000000       0xd3 .obj/proj0.o
 .debug_abbrev  0x000000d3       0xf1 .obj/stellariscommon.o
 .debug_abbrev  0x000001c4      0x13c .obj/startup.o
 .debug_abbrev  0x00000300      0x112 .obj/syscalls.o

.debug_loc      0x00000000      0x327
 .debug_loc     0x00000000       0x20 .obj/proj0.o
 .debug_loc     0x00000020       0xf1 .obj/stellariscommon.o
 .debug_loc     0x00000111       0x20 .obj/startup.o
 .debug_loc     0x00000131      0x1f6 .obj/syscalls.o

.debug_aranges  0x00000000       0xf0
 .debug_aranges
                0x00000000       0x20 .obj/proj0.o
 .debug_aranges
                0x00000020       0x38 .obj/stellariscommon.o
 .debug_aranges
                0x00000058       0x40 .obj/startup.o
 .debug_aranges
                0x00000098       0x58 .obj/syscalls.o

.debug_ranges   0x00000000       0xb0
 .debug_ranges  0x00000000       0x10 .obj/proj0.o
 .debug_ranges  0x00000010       0x28 .obj/stellariscommon.o
 .debug_ranges  0x00000038       0x30 .obj/startup.o
 .debug_ranges  0x00000068       0x48 .obj/syscalls.o

.debug_line     0x00000000      0x41f
 .debug_line    0x00000000       0xb4 .obj/proj0.o
 .debug_line    0x000000b4       0xf9 .obj/stellariscommon.o
 .debug_line    0x000001ad       0xc4 .obj/startup.o
 .debug_line    0x00000271      0x1ae .obj/syscalls.o

.debug_str      0x00000000      0x282
 .debug_str     0x00000000      0x10f .obj/proj0.o
                                0x154 (size before relaxing)
 .debug_str     0x0000010f       0x59 .obj/stellariscommon.o
                                0x15e (size before relaxing)
 .debug_str     0x00000168       0x90 .obj/startup.o
                                0x1b9 (size before relaxing)
 .debug_str     0x000001f8       0x8a .obj/syscalls.o
                                0x1a9 (size before relaxing)

.comment        0x00000000       0x70
 .comment       0x00000000       0x70 .obj/proj0.o
                                 0x71 (size before relaxing)
 .comment       0x00000000       0x71 .obj/stellariscommon.o
 .comment       0x00000000       0x71 .obj/startup.o
 .comment       0x00000000       0x71 .obj/syscalls.o

.ARM.attributes
                0x00000000       0x39
 .ARM.attributes
                0x00000000       0x39 .obj/proj0.o
 .ARM.attributes
                0x00000039       0x39 .obj/stellariscommon.o
 .ARM.attributes
                0x00000072       0x39 .obj/startup.o
 .ARM.attributes
                0x000000ab       0x39 .obj/syscalls.o
 .ARM.attributes
                0x000000e4       0x34 /opt/gcc-arm-none-eabi/bin/../lib/gcc/arm-none-eabi/4.7.3/../../../../arm-none-eabi/lib/armv7e-m/softfp/libc_s.a(lib_a-printf.o)
 .ARM.attributes
                0x00000118       0x34 /opt/gcc-arm-none-eabi/bin/../lib/gcc/arm-none-eabi/4.7.3/../../../../arm-none-eabi/lib/armv7e-m/softfp/libc_s.a(lib_a-puts.o)
 .ARM.attributes
                0x0000014c       0x34 /opt/gcc-arm-none-eabi/bin/../lib/gcc/arm-none-eabi/4.7.3/../../../../arm-none-eabi/lib/armv7e-m/softfp/libc_s.a(lib_a-vfprintf.o)
 .ARM.attributes
                0x00000180       0x34 /opt/gcc-arm-none-eabi/bin/../lib/gcc/arm-none-eabi/4.7.3/../../../../arm-none-eabi/lib/armv7e-m/softfp/libc_s.a(lib_a-vfprintf_float.o)
 .ARM.attributes
                0x000001b4       0x34 /opt/gcc-arm-none-eabi/bin/../lib/gcc/arm-none-eabi/4.7.3/../../../../arm-none-eabi/lib/armv7e-m/softfp/libc_s.a(lib_a-vfprintf_i.o)
 .ARM.attributes
                0x000001e8       0x34 /opt/gcc-arm-none-eabi/bin/../lib/gcc/arm-none-eabi/4.7.3/../../../../arm-none-eabi/lib/armv7e-m/softfp/libc_s.a(lib_a-wbuf.o)
 .ARM.attributes
                0x0000021c       0x34 /opt/gcc-arm-none-eabi/bin/../lib/gcc/arm-none-eabi/4.7.3/../../../../arm-none-eabi/lib/armv7e-m/softfp/libc_s.a(lib_a-wsetup.o)
 .ARM.attributes
                0x00000250       0x34 /opt/gcc-arm-none-eabi/bin/../lib/gcc/arm-none-eabi/4.7.3/../../../../arm-none-eabi/lib/armv7e-m/softfp/libc_s.a(lib_a-dtoa.o)
 .ARM.attributes
                0x00000284       0x34 /opt/gcc-arm-none-eabi/bin/../lib/gcc/arm-none-eabi/4.7.3/../../../../arm-none-eabi/lib/armv7e-m/softfp/libc_s.a(lib_a-fflush.o)
 .ARM.attributes
                0x000002b8       0x34 /opt/gcc-arm-none-eabi/bin/../lib/gcc/arm-none-eabi/4.7.3/../../../../arm-none-eabi/lib/armv7e-m/softfp/libc_s.a(lib_a-findfp.o)
 .ARM.attributes
                0x000002ec       0x34 /opt/gcc-arm-none-eabi/bin/../lib/gcc/arm-none-eabi/4.7.3/../../../../arm-none-eabi/lib/armv7e-m/softfp/libc_s.a(lib_a-freer.o)
 .ARM.attributes
                0x00000320       0x34 /opt/gcc-arm-none-eabi/bin/../lib/gcc/arm-none-eabi/4.7.3/../../../../arm-none-eabi/lib/armv7e-m/softfp/libc_s.a(lib_a-impure.o)
 .ARM.attributes
                0x00000354       0x34 /opt/gcc-arm-none-eabi/bin/../lib/gcc/arm-none-eabi/4.7.3/../../../../arm-none-eabi/lib/armv7e-m/softfp/libc_s.a(lib_a-locale.o)
 .ARM.attributes
                0x00000388       0x34 /opt/gcc-arm-none-eabi/bin/../lib/gcc/arm-none-eabi/4.7.3/../../../../arm-none-eabi/lib/armv7e-m/softfp/libc_s.a(lib_a-makebuf.o)
 .ARM.attributes
                0x000003bc       0x34 /opt/gcc-arm-none-eabi/bin/../lib/gcc/arm-none-eabi/4.7.3/../../../../arm-none-eabi/lib/armv7e-m/softfp/libc_s.a(lib_a-malloc.o)
 .ARM.attributes
                0x000003f0       0x34 /opt/gcc-arm-none-eabi/bin/../lib/gcc/arm-none-eabi/4.7.3/../../../../arm-none-eabi/lib/armv7e-m/softfp/libc_s.a(lib_a-mallocr.o)
 .ARM.attributes
                0x00000424       0x34 /opt/gcc-arm-none-eabi/bin/../lib/gcc/arm-none-eabi/4.7.3/../../../../arm-none-eabi/lib/armv7e-m/softfp/libc_s.a(lib_a-memchr.o)
 .ARM.attributes
                0x00000458       0x34 /opt/gcc-arm-none-eabi/bin/../lib/gcc/arm-none-eabi/4.7.3/../../../../arm-none-eabi/lib/armv7e-m/softfp/libc_s.a(lib_a-memcpy.o)
 .ARM.attributes
                0x0000048c       0x34 /opt/gcc-arm-none-eabi/bin/../lib/gcc/arm-none-eabi/4.7.3/../../../../arm-none-eabi/lib/armv7e-m/softfp/libc_s.a(lib_a-memset.o)
 .ARM.attributes
                0x000004c0       0x34 /opt/gcc-arm-none-eabi/bin/../lib/gcc/arm-none-eabi/4.7.3/../../../../arm-none-eabi/lib/armv7e-m/softfp/libc_s.a(lib_a-mprec.o)
 .ARM.attributes
                0x000004f4       0x34 /opt/gcc-arm-none-eabi/bin/../lib/gcc/arm-none-eabi/4.7.3/../../../../arm-none-eabi/lib/armv7e-m/softfp/libc_s.a(lib_a-putc.o)
 .ARM.attributes
                0x00000528       0x34 /opt/gcc-arm-none-eabi/bin/../lib/gcc/arm-none-eabi/4.7.3/../../../../arm-none-eabi/lib/armv7e-m/softfp/libc_s.a(lib_a-s_fpclassify.o)
 .ARM.attributes
                0x0000055c       0x34 /opt/gcc-arm-none-eabi/bin/../lib/gcc/arm-none-eabi/4.7.3/../../../../arm-none-eabi/lib/armv7e-m/softfp/libc_s.a(lib_a-sbrkr.o)
 .ARM.attributes
                0x00000590       0x34 /opt/gcc-arm-none-eabi/bin/../lib/gcc/arm-none-eabi/4.7.3/../../../../arm-none-eabi/lib/armv7e-m/softfp/libc_s.a(lib_a-stdio.o)
 .ARM.attributes
                0x000005c4       0x34 /opt/gcc-arm-none-eabi/bin/../lib/gcc/arm-none-eabi/4.7.3/../../../../arm-none-eabi/lib/armv7e-m/softfp/libc_s.a(lib_a-strlen.o)
 .ARM.attributes
                0x000005f8       0x34 /opt/gcc-arm-none-eabi/bin/../lib/gcc/arm-none-eabi/4.7.3/../../../../arm-none-eabi/lib/armv7e-m/softfp/libc_s.a(lib_a-writer.o)
 .ARM.attributes
                0x0000062c       0x34 /opt/gcc-arm-none-eabi/bin/../lib/gcc/arm-none-eabi/4.7.3/../../../../arm-none-eabi/lib/armv7e-m/softfp/libc_s.a(lib_a-callocr.o)
 .ARM.attributes
                0x00000660       0x34 /opt/gcc-arm-none-eabi/bin/../lib/gcc/arm-none-eabi/4.7.3/../../../../arm-none-eabi/lib/armv7e-m/softfp/libc_s.a(lib_a-closer.o)
 .ARM.attributes
                0x00000694       0x34 /opt/gcc-arm-none-eabi/bin/../lib/gcc/arm-none-eabi/4.7.3/../../../../arm-none-eabi/lib/armv7e-m/softfp/libc_s.a(lib_a-fstatr.o)
 .ARM.attributes
                0x000006c8       0x34 /opt/gcc-arm-none-eabi/bin/../lib/gcc/arm-none-eabi/4.7.3/../../../../arm-none-eabi/lib/armv7e-m/softfp/libc_s.a(lib_a-isattyr.o)
 .ARM.attributes
                0x000006fc       0x34 /opt/gcc-arm-none-eabi/bin/../lib/gcc/arm-none-eabi/4.7.3/../../../../arm-none-eabi/lib/armv7e-m/softfp/libc_s.a(lib_a-lseekr.o)
 .ARM.attributes
                0x00000730       0x34 /opt/gcc-arm-none-eabi/bin/../lib/gcc/arm-none-eabi/4.7.3/../../../../arm-none-eabi/lib/armv7e-m/softfp/libc_s.a(lib_a-readr.o)
 .ARM.attributes
                0x00000764       0x34 /opt/gcc-arm-none-eabi/bin/../lib/gcc/arm-none-eabi/4.7.3/../../../../arm-none-eabi/lib/armv7e-m/softfp/libc_s.a(lib_a-reent.o)
 .ARM.attributes
                0x00000798       0x24 /opt/gcc-arm-none-eabi/bin/../lib/gcc/arm-none-eabi/4.7.3/armv7e-m/softfp/libgcc.a(_arm_addsubdf3.o)
 .ARM.attributes
                0x000007bc       0x24 /opt/gcc-arm-none-eabi/bin/../lib/gcc/arm-none-eabi/4.7.3/armv7e-m/softfp/libgcc.a(_arm_muldivdf3.o)
 .ARM.attributes
                0x000007e0       0x24 /opt/gcc-arm-none-eabi/bin/../lib/gcc/arm-none-eabi/4.7.3/armv7e-m/softfp/libgcc.a(_arm_cmpdf2.o)
 .ARM.attributes
                0x00000804       0x24 /opt/gcc-arm-none-eabi/bin/../lib/gcc/arm-none-eabi/4.7.3/armv7e-m/softfp/libgcc.a(_arm_fixdfsi.o)

.debug_frame    0x00000000      0xcb8
 .debug_frame   0x00000000       0x28 .obj/proj0.o
 .debug_frame   0x00000028       0x7c .obj/stellariscommon.o
 .debug_frame   0x000000a4       0x68 .obj/startup.o
 .debug_frame   0x0000010c       0xa8 .obj/syscalls.o
 .debug_frame   0x000001b4       0x60 /opt/gcc-arm-none-eabi/bin/../lib/gcc/arm-none-eabi/4.7.3/../../../../arm-none-eabi/lib/armv7e-m/softfp/libc_s.a(lib_a-printf.o)
 .debug_frame   0x00000214       0x44 /opt/gcc-arm-none-eabi/bin/../lib/gcc/arm-none-eabi/4.7.3/../../../../arm-none-eabi/lib/armv7e-m/softfp/libc_s.a(lib_a-puts.o)
 .debug_frame   0x00000258       0x90 /opt/gcc-arm-none-eabi/bin/../lib/gcc/arm-none-eabi/4.7.3/../../../../arm-none-eabi/lib/armv7e-m/softfp/libc_s.a(lib_a-vfprintf.o)
 .debug_frame   0x000002e8       0x80 /opt/gcc-arm-none-eabi/bin/../lib/gcc/arm-none-eabi/4.7.3/../../../../arm-none-eabi/lib/armv7e-m/softfp/libc_s.a(lib_a-vfprintf_float.o)
 .debug_frame   0x00000368       0x58 /opt/gcc-arm-none-eabi/bin/../lib/gcc/arm-none-eabi/4.7.3/../../../../arm-none-eabi/lib/armv7e-m/softfp/libc_s.a(lib_a-vfprintf_i.o)
 .debug_frame   0x000003c0       0x3c /opt/gcc-arm-none-eabi/bin/../lib/gcc/arm-none-eabi/4.7.3/../../../../arm-none-eabi/lib/armv7e-m/softfp/libc_s.a(lib_a-wbuf.o)
 .debug_frame   0x000003fc       0x2c /opt/gcc-arm-none-eabi/bin/../lib/gcc/arm-none-eabi/4.7.3/../../../../arm-none-eabi/lib/armv7e-m/softfp/libc_s.a(lib_a-wsetup.o)
 .debug_frame   0x00000428       0x64 /opt/gcc-arm-none-eabi/bin/../lib/gcc/arm-none-eabi/4.7.3/../../../../arm-none-eabi/lib/armv7e-m/softfp/libc_s.a(lib_a-dtoa.o)
 .debug_frame   0x0000048c       0x40 /opt/gcc-arm-none-eabi/bin/../lib/gcc/arm-none-eabi/4.7.3/../../../../arm-none-eabi/lib/armv7e-m/softfp/libc_s.a(lib_a-fflush.o)
 .debug_frame   0x000004cc      0x130 /opt/gcc-arm-none-eabi/bin/../lib/gcc/arm-none-eabi/4.7.3/../../../../arm-none-eabi/lib/armv7e-m/softfp/libc_s.a(lib_a-findfp.o)
 .debug_frame   0x000005fc       0x2c /opt/gcc-arm-none-eabi/bin/../lib/gcc/arm-none-eabi/4.7.3/../../../../arm-none-eabi/lib/armv7e-m/softfp/libc_s.a(lib_a-freer.o)
 .debug_frame   0x00000628       0x98 /opt/gcc-arm-none-eabi/bin/../lib/gcc/arm-none-eabi/4.7.3/../../../../arm-none-eabi/lib/armv7e-m/softfp/libc_s.a(lib_a-locale.o)
 .debug_frame   0x000006c0       0x30 /opt/gcc-arm-none-eabi/bin/../lib/gcc/arm-none-eabi/4.7.3/../../../../arm-none-eabi/lib/armv7e-m/softfp/libc_s.a(lib_a-makebuf.o)
 .debug_frame   0x000006f0       0x30 /opt/gcc-arm-none-eabi/bin/../lib/gcc/arm-none-eabi/4.7.3/../../../../arm-none-eabi/lib/armv7e-m/softfp/libc_s.a(lib_a-malloc.o)
 .debug_frame   0x00000720       0x2c /opt/gcc-arm-none-eabi/bin/../lib/gcc/arm-none-eabi/4.7.3/../../../../arm-none-eabi/lib/armv7e-m/softfp/libc_s.a(lib_a-mallocr.o)
 .debug_frame   0x0000074c       0x28 /opt/gcc-arm-none-eabi/bin/../lib/gcc/arm-none-eabi/4.7.3/../../../../arm-none-eabi/lib/armv7e-m/softfp/libc_s.a(lib_a-memchr.o)
 .debug_frame   0x00000774       0x28 /opt/gcc-arm-none-eabi/bin/../lib/gcc/arm-none-eabi/4.7.3/../../../../arm-none-eabi/lib/armv7e-m/softfp/libc_s.a(lib_a-memcpy.o)
 .debug_frame   0x0000079c       0x20 /opt/gcc-arm-none-eabi/bin/../lib/gcc/arm-none-eabi/4.7.3/../../../../arm-none-eabi/lib/armv7e-m/softfp/libc_s.a(lib_a-memset.o)
 .debug_frame   0x000007bc      0x23c /opt/gcc-arm-none-eabi/bin/../lib/gcc/arm-none-eabi/4.7.3/../../../../arm-none-eabi/lib/armv7e-m/softfp/libc_s.a(lib_a-mprec.o)
 .debug_frame   0x000009f8       0x3c /opt/gcc-arm-none-eabi/bin/../lib/gcc/arm-none-eabi/4.7.3/../../../../arm-none-eabi/lib/armv7e-m/softfp/libc_s.a(lib_a-putc.o)
 .debug_frame   0x00000a34       0x20 /opt/gcc-arm-none-eabi/bin/../lib/gcc/arm-none-eabi/4.7.3/../../../../arm-none-eabi/lib/armv7e-m/softfp/libc_s.a(lib_a-s_fpclassify.o)
 .debug_frame   0x00000a54       0x2c /opt/gcc-arm-none-eabi/bin/../lib/gcc/arm-none-eabi/4.7.3/../../../../arm-none-eabi/lib/armv7e-m/softfp/libc_s.a(lib_a-sbrkr.o)
 .debug_frame   0x00000a80       0x80 /opt/gcc-arm-none-eabi/bin/../lib/gcc/arm-none-eabi/4.7.3/../../../../arm-none-eabi/lib/armv7e-m/softfp/libc_s.a(lib_a-stdio.o)
 .debug_frame   0x00000b00       0x20 /opt/gcc-arm-none-eabi/bin/../lib/gcc/arm-none-eabi/4.7.3/../../../../arm-none-eabi/lib/armv7e-m/softfp/libc_s.a(lib_a-strlen.o)
 .debug_frame   0x00000b20       0x2c /opt/gcc-arm-none-eabi/bin/../lib/gcc/arm-none-eabi/4.7.3/../../../../arm-none-eabi/lib/armv7e-m/softfp/libc_s.a(lib_a-writer.o)
 .debug_frame   0x00000b4c       0x2c /opt/gcc-arm-none-eabi/bin/../lib/gcc/arm-none-eabi/4.7.3/../../../../arm-none-eabi/lib/armv7e-m/softfp/libc_s.a(lib_a-callocr.o)
 .debug_frame   0x00000b78       0x2c /opt/gcc-arm-none-eabi/bin/../lib/gcc/arm-none-eabi/4.7.3/../../../../arm-none-eabi/lib/armv7e-m/softfp/libc_s.a(lib_a-closer.o)
 .debug_frame   0x00000ba4       0x2c /opt/gcc-arm-none-eabi/bin/../lib/gcc/arm-none-eabi/4.7.3/../../../../arm-none-eabi/lib/armv7e-m/softfp/libc_s.a(lib_a-fstatr.o)
 .debug_frame   0x00000bd0       0x2c /opt/gcc-arm-none-eabi/bin/../lib/gcc/arm-none-eabi/4.7.3/../../../../arm-none-eabi/lib/armv7e-m/softfp/libc_s.a(lib_a-isattyr.o)
 .debug_frame   0x00000bfc       0x2c /opt/gcc-arm-none-eabi/bin/../lib/gcc/arm-none-eabi/4.7.3/../../../../arm-none-eabi/lib/armv7e-m/softfp/libc_s.a(lib_a-lseekr.o)
 .debug_frame   0x00000c28       0x2c /opt/gcc-arm-none-eabi/bin/../lib/gcc/arm-none-eabi/4.7.3/../../../../arm-none-eabi/lib/armv7e-m/softfp/libc_s.a(lib_a-readr.o)
 .debug_frame   0x00000c54       0x64 /opt/gcc-arm-none-eabi/bin/../lib/gcc/arm-none-eabi/4.7.3/../../../../arm-none-eabi/lib/armv7e-m/softfp/libc_s.a(lib_a-reent.o)

Cross Reference Table

Symbol                                            File
HardwareInit                                      .obj/startup.o
PI_F                                              .obj/proj0.o
ResetISR                                          .obj/startup.o
SetupClock                                        .obj/stellariscommon.o
                                                  .obj/startup.o
SetupFPU                                          .obj/stellariscommon.o
                                                  .obj/startup.o
SetupStdio                                        .obj/stellariscommon.o
                                                  .obj/startup.o
SetupSysTick                                      .obj/stellariscommon.o
_Balloc                                           /opt/gcc-arm-none-eabi/bin/../lib/gcc/arm-none-eabi/4.7.3/../../../../arm-none-eabi/lib/armv7e-m/softfp/libc_s.a(lib_a-mprec.o)
                                                  /opt/gcc-arm-none-eabi/bin/../lib/gcc/arm-none-eabi/4.7.3/../../../../arm-none-eabi/lib/armv7e-m/softfp/libc_s.a(lib_a-dtoa.o)
_Bfree                                            /opt/gcc-arm-none-eabi/bin/../lib/gcc/arm-none-eabi/4.7.3/../../../../arm-none-eabi/lib/armv7e-m/softfp/libc_s.a(lib_a-mprec.o)
                                                  /opt/gcc-arm-none-eabi/bin/../lib/gcc/arm-none-eabi/4.7.3/../../../../arm-none-eabi/lib/armv7e-m/softfp/libc_s.a(lib_a-dtoa.o)
_PathLocale                                       /opt/gcc-arm-none-eabi/bin/../lib/gcc/arm-none-eabi/4.7.3/../../../../arm-none-eabi/lib/armv7e-m/softfp/libc_s.a(lib_a-locale.o)
__StackTop                                        .obj/startup.o
__adddf3                                          /opt/gcc-arm-none-eabi/bin/../lib/gcc/arm-none-eabi/4.7.3/armv7e-m/softfp/libgcc.a(_arm_addsubdf3.o)
__aeabi_cdcmpeq                                   /opt/gcc-arm-none-eabi/bin/../lib/gcc/arm-none-eabi/4.7.3/armv7e-m/softfp/libgcc.a(_arm_cmpdf2.o)
__aeabi_cdcmple                                   /opt/gcc-arm-none-eabi/bin/../lib/gcc/arm-none-eabi/4.7.3/armv7e-m/softfp/libgcc.a(_arm_cmpdf2.o)
__aeabi_cdrcmple                                  /opt/gcc-arm-none-eabi/bin/../lib/gcc/arm-none-eabi/4.7.3/armv7e-m/softfp/libgcc.a(_arm_cmpdf2.o)
__aeabi_d2iz                                      /opt/gcc-arm-none-eabi/bin/../lib/gcc/arm-none-eabi/4.7.3/armv7e-m/softfp/libgcc.a(_arm_fixdfsi.o)
                                                  /opt/gcc-arm-none-eabi/bin/../lib/gcc/arm-none-eabi/4.7.3/../../../../arm-none-eabi/lib/armv7e-m/softfp/libc_s.a(lib_a-dtoa.o)
__aeabi_dadd                                      /opt/gcc-arm-none-eabi/bin/../lib/gcc/arm-none-eabi/4.7.3/armv7e-m/softfp/libgcc.a(_arm_addsubdf3.o)
                                                  /opt/gcc-arm-none-eabi/bin/../lib/gcc/arm-none-eabi/4.7.3/../../../../arm-none-eabi/lib/armv7e-m/softfp/libc_s.a(lib_a-dtoa.o)
__aeabi_dcmpeq                                    /opt/gcc-arm-none-eabi/bin/../lib/gcc/arm-none-eabi/4.7.3/armv7e-m/softfp/libgcc.a(_arm_cmpdf2.o)
                                                  /opt/gcc-arm-none-eabi/bin/../lib/gcc/arm-none-eabi/4.7.3/../../../../arm-none-eabi/lib/armv7e-m/softfp/libc_s.a(lib_a-dtoa.o)
                                                  /opt/gcc-arm-none-eabi/bin/../lib/gcc/arm-none-eabi/4.7.3/../../../../arm-none-eabi/lib/armv7e-m/softfp/libc_s.a(lib_a-vfprintf_float.o)
__aeabi_dcmpge                                    /opt/gcc-arm-none-eabi/bin/../lib/gcc/arm-none-eabi/4.7.3/armv7e-m/softfp/libgcc.a(_arm_cmpdf2.o)
                                                  /opt/gcc-arm-none-eabi/bin/../lib/gcc/arm-none-eabi/4.7.3/../../../../arm-none-eabi/lib/armv7e-m/softfp/libc_s.a(lib_a-dtoa.o)
__aeabi_dcmpgt                                    /opt/gcc-arm-none-eabi/bin/../lib/gcc/arm-none-eabi/4.7.3/armv7e-m/softfp/libgcc.a(_arm_cmpdf2.o)
                                                  /opt/gcc-arm-none-eabi/bin/../lib/gcc/arm-none-eabi/4.7.3/../../../../arm-none-eabi/lib/armv7e-m/softfp/libc_s.a(lib_a-dtoa.o)
__aeabi_dcmple                                    /opt/gcc-arm-none-eabi/bin/../lib/gcc/arm-none-eabi/4.7.3/armv7e-m/softfp/libgcc.a(_arm_cmpdf2.o)
__aeabi_dcmplt                                    /opt/gcc-arm-none-eabi/bin/../lib/gcc/arm-none-eabi/4.7.3/armv7e-m/softfp/libgcc.a(_arm_cmpdf2.o)
                                                  /opt/gcc-arm-none-eabi/bin/../lib/gcc/arm-none-eabi/4.7.3/../../../../arm-none-eabi/lib/armv7e-m/softfp/libc_s.a(lib_a-dtoa.o)
                                                  /opt/gcc-arm-none-eabi/bin/../lib/gcc/arm-none-eabi/4.7.3/../../../../arm-none-eabi/lib/armv7e-m/softfp/libc_s.a(lib_a-vfprintf_float.o)
__aeabi_ddiv                                      /opt/gcc-arm-none-eabi/bin/../lib/gcc/arm-none-eabi/4.7.3/armv7e-m/softfp/libgcc.a(_arm_muldivdf3.o)
                                                  /opt/gcc-arm-none-eabi/bin/../lib/gcc/arm-none-eabi/4.7.3/../../../../arm-none-eabi/lib/armv7e-m/softfp/libc_s.a(lib_a-mprec.o)
                                                  /opt/gcc-arm-none-eabi/bin/../lib/gcc/arm-none-eabi/4.7.3/../../../../arm-none-eabi/lib/armv7e-m/softfp/libc_s.a(lib_a-dtoa.o)
__aeabi_dmul                                      /opt/gcc-arm-none-eabi/bin/../lib/gcc/arm-none-eabi/4.7.3/armv7e-m/softfp/libgcc.a(_arm_muldivdf3.o)
                                                  /opt/gcc-arm-none-eabi/bin/../lib/gcc/arm-none-eabi/4.7.3/../../../../arm-none-eabi/lib/armv7e-m/softfp/libc_s.a(lib_a-mprec.o)
                                                  /opt/gcc-arm-none-eabi/bin/../lib/gcc/arm-none-eabi/4.7.3/../../../../arm-none-eabi/lib/armv7e-m/softfp/libc_s.a(lib_a-dtoa.o)
__aeabi_drsub                                     /opt/gcc-arm-none-eabi/bin/../lib/gcc/arm-none-eabi/4.7.3/armv7e-m/softfp/libgcc.a(_arm_addsubdf3.o)
__aeabi_dsub                                      /opt/gcc-arm-none-eabi/bin/../lib/gcc/arm-none-eabi/4.7.3/armv7e-m/softfp/libgcc.a(_arm_addsubdf3.o)
                                                  /opt/gcc-arm-none-eabi/bin/../lib/gcc/arm-none-eabi/4.7.3/../../../../arm-none-eabi/lib/armv7e-m/softfp/libc_s.a(lib_a-dtoa.o)
__aeabi_f2d                                       /opt/gcc-arm-none-eabi/bin/../lib/gcc/arm-none-eabi/4.7.3/armv7e-m/softfp/libgcc.a(_arm_addsubdf3.o)
__aeabi_i2d                                       /opt/gcc-arm-none-eabi/bin/../lib/gcc/arm-none-eabi/4.7.3/armv7e-m/softfp/libgcc.a(_arm_addsubdf3.o)
                                                  /opt/gcc-arm-none-eabi/bin/../lib/gcc/arm-none-eabi/4.7.3/../../../../arm-none-eabi/lib/armv7e-m/softfp/libc_s.a(lib_a-dtoa.o)
__aeabi_l2d                                       /opt/gcc-arm-none-eabi/bin/../lib/gcc/arm-none-eabi/4.7.3/armv7e-m/softfp/libgcc.a(_arm_addsubdf3.o)
__aeabi_ui2d                                      /opt/gcc-arm-none-eabi/bin/../lib/gcc/arm-none-eabi/4.7.3/armv7e-m/softfp/libgcc.a(_arm_addsubdf3.o)
                                                  /opt/gcc-arm-none-eabi/bin/../lib/gcc/arm-none-eabi/4.7.3/../../../../arm-none-eabi/lib/armv7e-m/softfp/libc_s.a(lib_a-dtoa.o)
__aeabi_ul2d                                      /opt/gcc-arm-none-eabi/bin/../lib/gcc/arm-none-eabi/4.7.3/armv7e-m/softfp/libgcc.a(_arm_addsubdf3.o)
__any_on                                          /opt/gcc-arm-none-eabi/bin/../lib/gcc/arm-none-eabi/4.7.3/../../../../arm-none-eabi/lib/armv7e-m/softfp/libc_s.a(lib_a-mprec.o)
__ascii_wctomb                                    /opt/gcc-arm-none-eabi/bin/../lib/gcc/arm-none-eabi/4.7.3/../../../../arm-none-eabi/lib/armv7e-m/softfp/libc_s.a(lib_a-wctomb_r.o)
__b2d                                             /opt/gcc-arm-none-eabi/bin/../lib/gcc/arm-none-eabi/4.7.3/../../../../arm-none-eabi/lib/armv7e-m/softfp/libc_s.a(lib_a-mprec.o)
__bss_end__                                       .obj/startup.o
__bss_start__                                     .obj/startup.o
__cmpdf2                                          /opt/gcc-arm-none-eabi/bin/../lib/gcc/arm-none-eabi/4.7.3/armv7e-m/softfp/libgcc.a(_arm_cmpdf2.o)
__copybits                                        /opt/gcc-arm-none-eabi/bin/../lib/gcc/arm-none-eabi/4.7.3/../../../../arm-none-eabi/lib/armv7e-m/softfp/libc_s.a(lib_a-mprec.o)
__cvt                                             /opt/gcc-arm-none-eabi/bin/../lib/gcc/arm-none-eabi/4.7.3/../../../../arm-none-eabi/lib/armv7e-m/softfp/libc_s.a(lib_a-vfprintf_float.o)
__d2b                                             /opt/gcc-arm-none-eabi/bin/../lib/gcc/arm-none-eabi/4.7.3/../../../../arm-none-eabi/lib/armv7e-m/softfp/libc_s.a(lib_a-mprec.o)
                                                  /opt/gcc-arm-none-eabi/bin/../lib/gcc/arm-none-eabi/4.7.3/../../../../arm-none-eabi/lib/armv7e-m/softfp/libc_s.a(lib_a-dtoa.o)
__data_end__                                      .obj/startup.o
__data_start__                                    .obj/startup.o
__divdf3                                          /opt/gcc-arm-none-eabi/bin/../lib/gcc/arm-none-eabi/4.7.3/armv7e-m/softfp/libgcc.a(_arm_muldivdf3.o)
__end__                                           .obj/syscalls.o
__eqdf2                                           /opt/gcc-arm-none-eabi/bin/../lib/gcc/arm-none-eabi/4.7.3/armv7e-m/softfp/libgcc.a(_arm_cmpdf2.o)
__etext                                           .obj/startup.o
__exponent                                        /opt/gcc-arm-none-eabi/bin/../lib/gcc/arm-none-eabi/4.7.3/../../../../arm-none-eabi/lib/armv7e-m/softfp/libc_s.a(lib_a-vfprintf_float.o)
__extendsfdf2                                     /opt/gcc-arm-none-eabi/bin/../lib/gcc/arm-none-eabi/4.7.3/armv7e-m/softfp/libgcc.a(_arm_addsubdf3.o)
__fixdfsi                                         /opt/gcc-arm-none-eabi/bin/../lib/gcc/arm-none-eabi/4.7.3/armv7e-m/softfp/libgcc.a(_arm_fixdfsi.o)
__floatdidf                                       /opt/gcc-arm-none-eabi/bin/../lib/gcc/arm-none-eabi/4.7.3/armv7e-m/softfp/libgcc.a(_arm_addsubdf3.o)
__floatsidf                                       /opt/gcc-arm-none-eabi/bin/../lib/gcc/arm-none-eabi/4.7.3/armv7e-m/softfp/libgcc.a(_arm_addsubdf3.o)
__floatundidf                                     /opt/gcc-arm-none-eabi/bin/../lib/gcc/arm-none-eabi/4.7.3/armv7e-m/softfp/libgcc.a(_arm_addsubdf3.o)
__floatunsidf                                     /opt/gcc-arm-none-eabi/bin/../lib/gcc/arm-none-eabi/4.7.3/armv7e-m/softfp/libgcc.a(_arm_addsubdf3.o)
__fp_lock_all                                     /opt/gcc-arm-none-eabi/bin/../lib/gcc/arm-none-eabi/4.7.3/../../../../arm-none-eabi/lib/armv7e-m/softfp/libc_s.a(lib_a-findfp.o)
__fp_unlock_all                                   /opt/gcc-arm-none-eabi/bin/../lib/gcc/arm-none-eabi/4.7.3/../../../../arm-none-eabi/lib/armv7e-m/softfp/libc_s.a(lib_a-findfp.o)
__fpclassifyd                                     /opt/gcc-arm-none-eabi/bin/../lib/gcc/arm-none-eabi/4.7.3/../../../../arm-none-eabi/lib/armv7e-m/softfp/libc_s.a(lib_a-s_fpclassify.o)
                                                  /opt/gcc-arm-none-eabi/bin/../lib/gcc/arm-none-eabi/4.7.3/../../../../arm-none-eabi/lib/armv7e-m/softfp/libc_s.a(lib_a-vfprintf_float.o)
__gedf2                                           /opt/gcc-arm-none-eabi/bin/../lib/gcc/arm-none-eabi/4.7.3/armv7e-m/softfp/libgcc.a(_arm_cmpdf2.o)
__gtdf2                                           /opt/gcc-arm-none-eabi/bin/../lib/gcc/arm-none-eabi/4.7.3/armv7e-m/softfp/libgcc.a(_arm_cmpdf2.o)
__heap_end__                                      .obj/syscalls.o
__hi0bits                                         /opt/gcc-arm-none-eabi/bin/../lib/gcc/arm-none-eabi/4.7.3/../../../../arm-none-eabi/lib/armv7e-m/softfp/libc_s.a(lib_a-mprec.o)
                                                  /opt/gcc-arm-none-eabi/bin/../lib/gcc/arm-none-eabi/4.7.3/../../../../arm-none-eabi/lib/armv7e-m/softfp/libc_s.a(lib_a-dtoa.o)
__i2b                                             /opt/gcc-arm-none-eabi/bin/../lib/gcc/arm-none-eabi/4.7.3/../../../../arm-none-eabi/lib/armv7e-m/softfp/libc_s.a(lib_a-mprec.o)
                                                  /opt/gcc-arm-none-eabi/bin/../lib/gcc/arm-none-eabi/4.7.3/../../../../arm-none-eabi/lib/armv7e-m/softfp/libc_s.a(lib_a-dtoa.o)
__ledf2                                           /opt/gcc-arm-none-eabi/bin/../lib/gcc/arm-none-eabi/4.7.3/armv7e-m/softfp/libgcc.a(_arm_cmpdf2.o)
__lo0bits                                         /opt/gcc-arm-none-eabi/bin/../lib/gcc/arm-none-eabi/4.7.3/../../../../arm-none-eabi/lib/armv7e-m/softfp/libc_s.a(lib_a-mprec.o)
__locale_charset                                  /opt/gcc-arm-none-eabi/bin/../lib/gcc/arm-none-eabi/4.7.3/../../../../arm-none-eabi/lib/armv7e-m/softfp/libc_s.a(lib_a-locale.o)
                                                  /opt/gcc-arm-none-eabi/bin/../lib/gcc/arm-none-eabi/4.7.3/../../../../arm-none-eabi/lib/armv7e-m/softfp/libc_s.a(lib_a-wctomb_r.o)
                                                  /opt/gcc-arm-none-eabi/bin/../lib/gcc/arm-none-eabi/4.7.3/../../../../arm-none-eabi/lib/armv7e-m/softfp/libc_s.a(lib_a-wcrtomb.o)
__locale_cjk_lang                                 /opt/gcc-arm-none-eabi/bin/../lib/gcc/arm-none-eabi/4.7.3/../../../../arm-none-eabi/lib/armv7e-m/softfp/libc_s.a(lib_a-locale.o)
__locale_mb_cur_max                               /opt/gcc-arm-none-eabi/bin/../lib/gcc/arm-none-eabi/4.7.3/../../../../arm-none-eabi/lib/armv7e-m/softfp/libc_s.a(lib_a-locale.o)
                                                  /opt/gcc-arm-none-eabi/bin/../lib/gcc/arm-none-eabi/4.7.3/../../../../arm-none-eabi/lib/armv7e-m/softfp/libc_s.a(lib_a-fputwc.o)
__locale_msgcharset                               /opt/gcc-arm-none-eabi/bin/../lib/gcc/arm-none-eabi/4.7.3/../../../../arm-none-eabi/lib/armv7e-m/softfp/libc_s.a(lib_a-locale.o)
__lshift                                          /opt/gcc-arm-none-eabi/bin/../lib/gcc/arm-none-eabi/4.7.3/../../../../arm-none-eabi/lib/armv7e-m/softfp/libc_s.a(lib_a-mprec.o)
                                                  /opt/gcc-arm-none-eabi/bin/../lib/gcc/arm-none-eabi/4.7.3/../../../../arm-none-eabi/lib/armv7e-m/softfp/libc_s.a(lib_a-dtoa.o)
__ltdf2                                           /opt/gcc-arm-none-eabi/bin/../lib/gcc/arm-none-eabi/4.7.3/armv7e-m/softfp/libgcc.a(_arm_cmpdf2.o)
__malloc_free_list                                /opt/gcc-arm-none-eabi/bin/../lib/gcc/arm-none-eabi/4.7.3/../../../../arm-none-eabi/lib/armv7e-m/softfp/libc_s.a(lib_a-mallocr.o)
                                                  /opt/gcc-arm-none-eabi/bin/../lib/gcc/arm-none-eabi/4.7.3/../../../../arm-none-eabi/lib/armv7e-m/softfp/libc_s.a(lib_a-freer.o)
__mb_cur_max                                      /opt/gcc-arm-none-eabi/bin/../lib/gcc/arm-none-eabi/4.7.3/../../../../arm-none-eabi/lib/armv7e-m/softfp/libc_s.a(lib_a-locale.o)
__mcmp                                            /opt/gcc-arm-none-eabi/bin/../lib/gcc/arm-none-eabi/4.7.3/../../../../arm-none-eabi/lib/armv7e-m/softfp/libc_s.a(lib_a-mprec.o)
                                                  /opt/gcc-arm-none-eabi/bin/../lib/gcc/arm-none-eabi/4.7.3/../../../../arm-none-eabi/lib/armv7e-m/softfp/libc_s.a(lib_a-dtoa.o)
__mdiff                                           /opt/gcc-arm-none-eabi/bin/../lib/gcc/arm-none-eabi/4.7.3/../../../../arm-none-eabi/lib/armv7e-m/softfp/libc_s.a(lib_a-mprec.o)
                                                  /opt/gcc-arm-none-eabi/bin/../lib/gcc/arm-none-eabi/4.7.3/../../../../arm-none-eabi/lib/armv7e-m/softfp/libc_s.a(lib_a-dtoa.o)
__mlocale_changed                                 /opt/gcc-arm-none-eabi/bin/../lib/gcc/arm-none-eabi/4.7.3/../../../../arm-none-eabi/lib/armv7e-m/softfp/libc_s.a(lib_a-locale.o)
__mprec_bigtens                                   /opt/gcc-arm-none-eabi/bin/../lib/gcc/arm-none-eabi/4.7.3/../../../../arm-none-eabi/lib/armv7e-m/softfp/libc_s.a(lib_a-mprec.o)
                                                  /opt/gcc-arm-none-eabi/bin/../lib/gcc/arm-none-eabi/4.7.3/../../../../arm-none-eabi/lib/armv7e-m/softfp/libc_s.a(lib_a-dtoa.o)
__mprec_tens                                      /opt/gcc-arm-none-eabi/bin/../lib/gcc/arm-none-eabi/4.7.3/../../../../arm-none-eabi/lib/armv7e-m/softfp/libc_s.a(lib_a-mprec.o)
                                                  /opt/gcc-arm-none-eabi/bin/../lib/gcc/arm-none-eabi/4.7.3/../../../../arm-none-eabi/lib/armv7e-m/softfp/libc_s.a(lib_a-dtoa.o)
__mprec_tinytens                                  /opt/gcc-arm-none-eabi/bin/../lib/gcc/arm-none-eabi/4.7.3/../../../../arm-none-eabi/lib/armv7e-m/softfp/libc_s.a(lib_a-mprec.o)
__muldf3                                          /opt/gcc-arm-none-eabi/bin/../lib/gcc/arm-none-eabi/4.7.3/armv7e-m/softfp/libgcc.a(_arm_muldivdf3.o)
__multadd                                         /opt/gcc-arm-none-eabi/bin/../lib/gcc/arm-none-eabi/4.7.3/../../../../arm-none-eabi/lib/armv7e-m/softfp/libc_s.a(lib_a-mprec.o)
                                                  /opt/gcc-arm-none-eabi/bin/../lib/gcc/arm-none-eabi/4.7.3/../../../../arm-none-eabi/lib/armv7e-m/softfp/libc_s.a(lib_a-dtoa.o)
__multiply                                        /opt/gcc-arm-none-eabi/bin/../lib/gcc/arm-none-eabi/4.7.3/../../../../arm-none-eabi/lib/armv7e-m/softfp/libc_s.a(lib_a-mprec.o)
                                                  /opt/gcc-arm-none-eabi/bin/../lib/gcc/arm-none-eabi/4.7.3/../../../../arm-none-eabi/lib/armv7e-m/softfp/libc_s.a(lib_a-dtoa.o)
__nedf2                                           /opt/gcc-arm-none-eabi/bin/../lib/gcc/arm-none-eabi/4.7.3/armv7e-m/softfp/libgcc.a(_arm_cmpdf2.o)
__nlocale_changed                                 /opt/gcc-arm-none-eabi/bin/../lib/gcc/arm-none-eabi/4.7.3/../../../../arm-none-eabi/lib/armv7e-m/softfp/libc_s.a(lib_a-locale.o)
__pow5mult                                        /opt/gcc-arm-none-eabi/bin/../lib/gcc/arm-none-eabi/4.7.3/../../../../arm-none-eabi/lib/armv7e-m/softfp/libc_s.a(lib_a-mprec.o)
                                                  /opt/gcc-arm-none-eabi/bin/../lib/gcc/arm-none-eabi/4.7.3/../../../../arm-none-eabi/lib/armv7e-m/softfp/libc_s.a(lib_a-dtoa.o)
__ratio                                           /opt/gcc-arm-none-eabi/bin/../lib/gcc/arm-none-eabi/4.7.3/../../../../arm-none-eabi/lib/armv7e-m/softfp/libc_s.a(lib_a-mprec.o)
__s2b                                             /opt/gcc-arm-none-eabi/bin/../lib/gcc/arm-none-eabi/4.7.3/../../../../arm-none-eabi/lib/armv7e-m/softfp/libc_s.a(lib_a-mprec.o)
__sclose                                          /opt/gcc-arm-none-eabi/bin/../lib/gcc/arm-none-eabi/4.7.3/../../../../arm-none-eabi/lib/armv7e-m/softfp/libc_s.a(lib_a-stdio.o)
                                                  /opt/gcc-arm-none-eabi/bin/../lib/gcc/arm-none-eabi/4.7.3/../../../../arm-none-eabi/lib/armv7e-m/softfp/libc_s.a(lib_a-findfp.o)
__seofread                                        /opt/gcc-arm-none-eabi/bin/../lib/gcc/arm-none-eabi/4.7.3/../../../../arm-none-eabi/lib/armv7e-m/softfp/libc_s.a(lib_a-stdio.o)
__sf_fake_stderr                                  /opt/gcc-arm-none-eabi/bin/../lib/gcc/arm-none-eabi/4.7.3/../../../../arm-none-eabi/lib/armv7e-m/softfp/libc_s.a(lib_a-findfp.o)
                                                  /opt/gcc-arm-none-eabi/bin/../lib/gcc/arm-none-eabi/4.7.3/../../../../arm-none-eabi/lib/armv7e-m/softfp/libc_s.a(lib_a-putc.o)
                                                  /opt/gcc-arm-none-eabi/bin/../lib/gcc/arm-none-eabi/4.7.3/../../../../arm-none-eabi/lib/armv7e-m/softfp/libc_s.a(lib_a-impure.o)
                                                  /opt/gcc-arm-none-eabi/bin/../lib/gcc/arm-none-eabi/4.7.3/../../../../arm-none-eabi/lib/armv7e-m/softfp/libc_s.a(lib_a-fputwc.o)
                                                  /opt/gcc-arm-none-eabi/bin/../lib/gcc/arm-none-eabi/4.7.3/../../../../arm-none-eabi/lib/armv7e-m/softfp/libc_s.a(lib_a-fflush.o)
                                                  /opt/gcc-arm-none-eabi/bin/../lib/gcc/arm-none-eabi/4.7.3/../../../../arm-none-eabi/lib/armv7e-m/softfp/libc_s.a(lib_a-wsetup.o)
                                                  /opt/gcc-arm-none-eabi/bin/../lib/gcc/arm-none-eabi/4.7.3/../../../../arm-none-eabi/lib/armv7e-m/softfp/libc_s.a(lib_a-wbuf.o)
                                                  /opt/gcc-arm-none-eabi/bin/../lib/gcc/arm-none-eabi/4.7.3/../../../../arm-none-eabi/lib/armv7e-m/softfp/libc_s.a(lib_a-vfprintf.o)
__sf_fake_stdin                                   /opt/gcc-arm-none-eabi/bin/../lib/gcc/arm-none-eabi/4.7.3/../../../../arm-none-eabi/lib/armv7e-m/softfp/libc_s.a(lib_a-findfp.o)
                                                  /opt/gcc-arm-none-eabi/bin/../lib/gcc/arm-none-eabi/4.7.3/../../../../arm-none-eabi/lib/armv7e-m/softfp/libc_s.a(lib_a-putc.o)
                                                  /opt/gcc-arm-none-eabi/bin/../lib/gcc/arm-none-eabi/4.7.3/../../../../arm-none-eabi/lib/armv7e-m/softfp/libc_s.a(lib_a-impure.o)
                                                  /opt/gcc-arm-none-eabi/bin/../lib/gcc/arm-none-eabi/4.7.3/../../../../arm-none-eabi/lib/armv7e-m/softfp/libc_s.a(lib_a-fputwc.o)
                                                  /opt/gcc-arm-none-eabi/bin/../lib/gcc/arm-none-eabi/4.7.3/../../../../arm-none-eabi/lib/armv7e-m/softfp/libc_s.a(lib_a-fflush.o)
                                                  /opt/gcc-arm-none-eabi/bin/../lib/gcc/arm-none-eabi/4.7.3/../../../../arm-none-eabi/lib/armv7e-m/softfp/libc_s.a(lib_a-wsetup.o)
                                                  /opt/gcc-arm-none-eabi/bin/../lib/gcc/arm-none-eabi/4.7.3/../../../../arm-none-eabi/lib/armv7e-m/softfp/libc_s.a(lib_a-wbuf.o)
                                                  /opt/gcc-arm-none-eabi/bin/../lib/gcc/arm-none-eabi/4.7.3/../../../../arm-none-eabi/lib/armv7e-m/softfp/libc_s.a(lib_a-vfprintf.o)
__sf_fake_stdout                                  /opt/gcc-arm-none-eabi/bin/../lib/gcc/arm-none-eabi/4.7.3/../../../../arm-none-eabi/lib/armv7e-m/softfp/libc_s.a(lib_a-findfp.o)
                                                  /opt/gcc-arm-none-eabi/bin/../lib/gcc/arm-none-eabi/4.7.3/../../../../arm-none-eabi/lib/armv7e-m/softfp/libc_s.a(lib_a-putc.o)
                                                  /opt/gcc-arm-none-eabi/bin/../lib/gcc/arm-none-eabi/4.7.3/../../../../arm-none-eabi/lib/armv7e-m/softfp/libc_s.a(lib_a-impure.o)
                                                  /opt/gcc-arm-none-eabi/bin/../lib/gcc/arm-none-eabi/4.7.3/../../../../arm-none-eabi/lib/armv7e-m/softfp/libc_s.a(lib_a-fputwc.o)
                                                  /opt/gcc-arm-none-eabi/bin/../lib/gcc/arm-none-eabi/4.7.3/../../../../arm-none-eabi/lib/armv7e-m/softfp/libc_s.a(lib_a-fflush.o)
                                                  /opt/gcc-arm-none-eabi/bin/../lib/gcc/arm-none-eabi/4.7.3/../../../../arm-none-eabi/lib/armv7e-m/softfp/libc_s.a(lib_a-wsetup.o)
                                                  /opt/gcc-arm-none-eabi/bin/../lib/gcc/arm-none-eabi/4.7.3/../../../../arm-none-eabi/lib/armv7e-m/softfp/libc_s.a(lib_a-wbuf.o)
                                                  /opt/gcc-arm-none-eabi/bin/../lib/gcc/arm-none-eabi/4.7.3/../../../../arm-none-eabi/lib/armv7e-m/softfp/libc_s.a(lib_a-vfprintf.o)
__sfmoreglue                                      /opt/gcc-arm-none-eabi/bin/../lib/gcc/arm-none-eabi/4.7.3/../../../../arm-none-eabi/lib/armv7e-m/softfp/libc_s.a(lib_a-findfp.o)
__sfp                                             /opt/gcc-arm-none-eabi/bin/../lib/gcc/arm-none-eabi/4.7.3/../../../../arm-none-eabi/lib/armv7e-m/softfp/libc_s.a(lib_a-findfp.o)
__sfp_lock_acquire                                /opt/gcc-arm-none-eabi/bin/../lib/gcc/arm-none-eabi/4.7.3/../../../../arm-none-eabi/lib/armv7e-m/softfp/libc_s.a(lib_a-findfp.o)
                                                  /opt/gcc-arm-none-eabi/bin/../lib/gcc/arm-none-eabi/4.7.3/../../../../arm-none-eabi/lib/armv7e-m/softfp/libc_s.a(lib_a-fwalk.o)
__sfp_lock_release                                /opt/gcc-arm-none-eabi/bin/../lib/gcc/arm-none-eabi/4.7.3/../../../../arm-none-eabi/lib/armv7e-m/softfp/libc_s.a(lib_a-findfp.o)
                                                  /opt/gcc-arm-none-eabi/bin/../lib/gcc/arm-none-eabi/4.7.3/../../../../arm-none-eabi/lib/armv7e-m/softfp/libc_s.a(lib_a-fwalk.o)
__sfputc_r                                        /opt/gcc-arm-none-eabi/bin/../lib/gcc/arm-none-eabi/4.7.3/../../../../arm-none-eabi/lib/armv7e-m/softfp/libc_s.a(lib_a-vfprintf.o)
__sfvwrite_r                                      /opt/gcc-arm-none-eabi/bin/../lib/gcc/arm-none-eabi/4.7.3/../../../../arm-none-eabi/lib/armv7e-m/softfp/libc_s.a(lib_a-fvwrite.o)
                                                  /opt/gcc-arm-none-eabi/bin/../lib/gcc/arm-none-eabi/4.7.3/../../../../arm-none-eabi/lib/armv7e-m/softfp/libc_s.a(lib_a-vfprintf.o)
__sinit                                           /opt/gcc-arm-none-eabi/bin/../lib/gcc/arm-none-eabi/4.7.3/../../../../arm-none-eabi/lib/armv7e-m/softfp/libc_s.a(lib_a-findfp.o)
                                                  /opt/gcc-arm-none-eabi/bin/../lib/gcc/arm-none-eabi/4.7.3/../../../../arm-none-eabi/lib/armv7e-m/softfp/libc_s.a(lib_a-putc.o)
                                                  /opt/gcc-arm-none-eabi/bin/../lib/gcc/arm-none-eabi/4.7.3/../../../../arm-none-eabi/lib/armv7e-m/softfp/libc_s.a(lib_a-fputwc.o)
                                                  /opt/gcc-arm-none-eabi/bin/../lib/gcc/arm-none-eabi/4.7.3/../../../../arm-none-eabi/lib/armv7e-m/softfp/libc_s.a(lib_a-fflush.o)
                                                  /opt/gcc-arm-none-eabi/bin/../lib/gcc/arm-none-eabi/4.7.3/../../../../arm-none-eabi/lib/armv7e-m/softfp/libc_s.a(lib_a-wsetup.o)
                                                  /opt/gcc-arm-none-eabi/bin/../lib/gcc/arm-none-eabi/4.7.3/../../../../arm-none-eabi/lib/armv7e-m/softfp/libc_s.a(lib_a-wbuf.o)
                                                  /opt/gcc-arm-none-eabi/bin/../lib/gcc/arm-none-eabi/4.7.3/../../../../arm-none-eabi/lib/armv7e-m/softfp/libc_s.a(lib_a-vfprintf.o)
                                                  /opt/gcc-arm-none-eabi/bin/../lib/gcc/arm-none-eabi/4.7.3/../../../../arm-none-eabi/lib/armv7e-m/softfp/libc_s.a(lib_a-puts.o)
                                                  /opt/gcc-arm-none-eabi/bin/../lib/gcc/arm-none-eabi/4.7.3/../../../../arm-none-eabi/lib/armv7e-m/softfp/libc_s.a(lib_a-printf.o)
__sinit_lock_acquire                              /opt/gcc-arm-none-eabi/bin/../lib/gcc/arm-none-eabi/4.7.3/../../../../arm-none-eabi/lib/armv7e-m/softfp/libc_s.a(lib_a-findfp.o)
__sinit_lock_release                              /opt/gcc-arm-none-eabi/bin/../lib/gcc/arm-none-eabi/4.7.3/../../../../arm-none-eabi/lib/armv7e-m/softfp/libc_s.a(lib_a-findfp.o)
__smakebuf_r                                      /opt/gcc-arm-none-eabi/bin/../lib/gcc/arm-none-eabi/4.7.3/../../../../arm-none-eabi/lib/armv7e-m/softfp/libc_s.a(lib_a-makebuf.o)
                                                  /opt/gcc-arm-none-eabi/bin/../lib/gcc/arm-none-eabi/4.7.3/../../../../arm-none-eabi/lib/armv7e-m/softfp/libc_s.a(lib_a-wsetup.o)
__sprint_r                                        /opt/gcc-arm-none-eabi/bin/../lib/gcc/arm-none-eabi/4.7.3/../../../../arm-none-eabi/lib/armv7e-m/softfp/libc_s.a(lib_a-vfprintf.o)
__sread                                           /opt/gcc-arm-none-eabi/bin/../lib/gcc/arm-none-eabi/4.7.3/../../../../arm-none-eabi/lib/armv7e-m/softfp/libc_s.a(lib_a-stdio.o)
                                                  /opt/gcc-arm-none-eabi/bin/../lib/gcc/arm-none-eabi/4.7.3/../../../../arm-none-eabi/lib/armv7e-m/softfp/libc_s.a(lib_a-findfp.o)
__sseek                                           /opt/gcc-arm-none-eabi/bin/../lib/gcc/arm-none-eabi/4.7.3/../../../../arm-none-eabi/lib/armv7e-m/softfp/libc_s.a(lib_a-stdio.o)
                                                  /opt/gcc-arm-none-eabi/bin/../lib/gcc/arm-none-eabi/4.7.3/../../../../arm-none-eabi/lib/armv7e-m/softfp/libc_s.a(lib_a-findfp.o)
__subdf3                                          /opt/gcc-arm-none-eabi/bin/../lib/gcc/arm-none-eabi/4.7.3/armv7e-m/softfp/libgcc.a(_arm_addsubdf3.o)
__swbuf                                           /opt/gcc-arm-none-eabi/bin/../lib/gcc/arm-none-eabi/4.7.3/../../../../arm-none-eabi/lib/armv7e-m/softfp/libc_s.a(lib_a-wbuf.o)
__swbuf_r                                         /opt/gcc-arm-none-eabi/bin/../lib/gcc/arm-none-eabi/4.7.3/../../../../arm-none-eabi/lib/armv7e-m/softfp/libc_s.a(lib_a-wbuf.o)
                                                  /opt/gcc-arm-none-eabi/bin/../lib/gcc/arm-none-eabi/4.7.3/../../../../arm-none-eabi/lib/armv7e-m/softfp/libc_s.a(lib_a-putc.o)
                                                  /opt/gcc-arm-none-eabi/bin/../lib/gcc/arm-none-eabi/4.7.3/../../../../arm-none-eabi/lib/armv7e-m/softfp/libc_s.a(lib_a-fputwc.o)
                                                  /opt/gcc-arm-none-eabi/bin/../lib/gcc/arm-none-eabi/4.7.3/../../../../arm-none-eabi/lib/armv7e-m/softfp/libc_s.a(lib_a-vfprintf.o)
__swrite                                          /opt/gcc-arm-none-eabi/bin/../lib/gcc/arm-none-eabi/4.7.3/../../../../arm-none-eabi/lib/armv7e-m/softfp/libc_s.a(lib_a-stdio.o)
                                                  /opt/gcc-arm-none-eabi/bin/../lib/gcc/arm-none-eabi/4.7.3/../../../../arm-none-eabi/lib/armv7e-m/softfp/libc_s.a(lib_a-findfp.o)
__swsetup_r                                       /opt/gcc-arm-none-eabi/bin/../lib/gcc/arm-none-eabi/4.7.3/../../../../arm-none-eabi/lib/armv7e-m/softfp/libc_s.a(lib_a-wsetup.o)
                                                  /opt/gcc-arm-none-eabi/bin/../lib/gcc/arm-none-eabi/4.7.3/../../../../arm-none-eabi/lib/armv7e-m/softfp/libc_s.a(lib_a-fvwrite.o)
                                                  /opt/gcc-arm-none-eabi/bin/../lib/gcc/arm-none-eabi/4.7.3/../../../../arm-none-eabi/lib/armv7e-m/softfp/libc_s.a(lib_a-wbuf.o)
                                                  /opt/gcc-arm-none-eabi/bin/../lib/gcc/arm-none-eabi/4.7.3/../../../../arm-none-eabi/lib/armv7e-m/softfp/libc_s.a(lib_a-vfprintf.o)
__ulp                                             /opt/gcc-arm-none-eabi/bin/../lib/gcc/arm-none-eabi/4.7.3/../../../../arm-none-eabi/lib/armv7e-m/softfp/libc_s.a(lib_a-mprec.o)
__wctomb                                          /opt/gcc-arm-none-eabi/bin/../lib/gcc/arm-none-eabi/4.7.3/../../../../arm-none-eabi/lib/armv7e-m/softfp/libc_s.a(lib_a-wctomb_r.o)
                                                  /opt/gcc-arm-none-eabi/bin/../lib/gcc/arm-none-eabi/4.7.3/../../../../arm-none-eabi/lib/armv7e-m/softfp/libc_s.a(lib_a-wcrtomb.o)
_calloc_r                                         /opt/gcc-arm-none-eabi/bin/../lib/gcc/arm-none-eabi/4.7.3/../../../../arm-none-eabi/lib/armv7e-m/softfp/libc_s.a(lib_a-callocr.o)
                                                  /opt/gcc-arm-none-eabi/bin/../lib/gcc/arm-none-eabi/4.7.3/../../../../arm-none-eabi/lib/armv7e-m/softfp/libc_s.a(lib_a-mprec.o)
_cleanup                                          /opt/gcc-arm-none-eabi/bin/../lib/gcc/arm-none-eabi/4.7.3/../../../../arm-none-eabi/lib/armv7e-m/softfp/libc_s.a(lib_a-findfp.o)
_cleanup_r                                        /opt/gcc-arm-none-eabi/bin/../lib/gcc/arm-none-eabi/4.7.3/../../../../arm-none-eabi/lib/armv7e-m/softfp/libc_s.a(lib_a-findfp.o)
                                                  /opt/gcc-arm-none-eabi/bin/../lib/gcc/arm-none-eabi/4.7.3/../../../../arm-none-eabi/lib/armv7e-m/softfp/libc_s.a(lib_a-makebuf.o)
_close                                            .obj/syscalls.o
                                                  /opt/gcc-arm-none-eabi/bin/../lib/gcc/arm-none-eabi/4.7.3/../../../../arm-none-eabi/lib/armv7e-m/softfp/libc_s.a(lib_a-closer.o)
_close_r                                          /opt/gcc-arm-none-eabi/bin/../lib/gcc/arm-none-eabi/4.7.3/../../../../arm-none-eabi/lib/armv7e-m/softfp/libc_s.a(lib_a-closer.o)
                                                  /opt/gcc-arm-none-eabi/bin/../lib/gcc/arm-none-eabi/4.7.3/../../../../arm-none-eabi/lib/armv7e-m/softfp/libc_s.a(lib_a-stdio.o)
_dtoa_r                                           /opt/gcc-arm-none-eabi/bin/../lib/gcc/arm-none-eabi/4.7.3/../../../../arm-none-eabi/lib/armv7e-m/softfp/libc_s.a(lib_a-dtoa.o)
                                                  /opt/gcc-arm-none-eabi/bin/../lib/gcc/arm-none-eabi/4.7.3/../../../../arm-none-eabi/lib/armv7e-m/softfp/libc_s.a(lib_a-vfprintf_float.o)
_fflush_r                                         /opt/gcc-arm-none-eabi/bin/../lib/gcc/arm-none-eabi/4.7.3/../../../../arm-none-eabi/lib/armv7e-m/softfp/libc_s.a(lib_a-fflush.o)
                                                  /opt/gcc-arm-none-eabi/bin/../lib/gcc/arm-none-eabi/4.7.3/../../../../arm-none-eabi/lib/armv7e-m/softfp/libc_s.a(lib_a-fvwrite.o)
                                                  /opt/gcc-arm-none-eabi/bin/../lib/gcc/arm-none-eabi/4.7.3/../../../../arm-none-eabi/lib/armv7e-m/softfp/libc_s.a(lib_a-findfp.o)
                                                  /opt/gcc-arm-none-eabi/bin/../lib/gcc/arm-none-eabi/4.7.3/../../../../arm-none-eabi/lib/armv7e-m/softfp/libc_s.a(lib_a-wbuf.o)
_fputwc_r                                         /opt/gcc-arm-none-eabi/bin/../lib/gcc/arm-none-eabi/4.7.3/../../../../arm-none-eabi/lib/armv7e-m/softfp/libc_s.a(lib_a-fputwc.o)
                                                  /opt/gcc-arm-none-eabi/bin/../lib/gcc/arm-none-eabi/4.7.3/../../../../arm-none-eabi/lib/armv7e-m/softfp/libc_s.a(lib_a-vfprintf.o)
_free_r                                           /opt/gcc-arm-none-eabi/bin/../lib/gcc/arm-none-eabi/4.7.3/../../../../arm-none-eabi/lib/armv7e-m/softfp/libc_s.a(lib_a-freer.o)
                                                  /opt/gcc-arm-none-eabi/bin/../lib/gcc/arm-none-eabi/4.7.3/../../../../arm-none-eabi/lib/armv7e-m/softfp/libc_s.a(lib_a-reent.o)
                                                  /opt/gcc-arm-none-eabi/bin/../lib/gcc/arm-none-eabi/4.7.3/../../../../arm-none-eabi/lib/armv7e-m/softfp/libc_s.a(lib_a-reallocr.o)
                                                  /opt/gcc-arm-none-eabi/bin/../lib/gcc/arm-none-eabi/4.7.3/../../../../arm-none-eabi/lib/armv7e-m/softfp/libc_s.a(lib_a-malloc.o)
                                                  /opt/gcc-arm-none-eabi/bin/../lib/gcc/arm-none-eabi/4.7.3/../../../../arm-none-eabi/lib/armv7e-m/softfp/libc_s.a(lib_a-fvwrite.o)
                                                  /opt/gcc-arm-none-eabi/bin/../lib/gcc/arm-none-eabi/4.7.3/../../../../arm-none-eabi/lib/armv7e-m/softfp/libc_s.a(lib_a-fflush.o)
                                                  /opt/gcc-arm-none-eabi/bin/../lib/gcc/arm-none-eabi/4.7.3/../../../../arm-none-eabi/lib/armv7e-m/softfp/libc_s.a(lib_a-wsetup.o)
_fstat                                            .obj/syscalls.o
                                                  /opt/gcc-arm-none-eabi/bin/../lib/gcc/arm-none-eabi/4.7.3/../../../../arm-none-eabi/lib/armv7e-m/softfp/libc_s.a(lib_a-fstatr.o)
_fstat_r                                          /opt/gcc-arm-none-eabi/bin/../lib/gcc/arm-none-eabi/4.7.3/../../../../arm-none-eabi/lib/armv7e-m/softfp/libc_s.a(lib_a-fstatr.o)
                                                  /opt/gcc-arm-none-eabi/bin/../lib/gcc/arm-none-eabi/4.7.3/../../../../arm-none-eabi/lib/armv7e-m/softfp/libc_s.a(lib_a-makebuf.o)
_fwalk                                            /opt/gcc-arm-none-eabi/bin/../lib/gcc/arm-none-eabi/4.7.3/../../../../arm-none-eabi/lib/armv7e-m/softfp/libc_s.a(lib_a-fwalk.o)
                                                  /opt/gcc-arm-none-eabi/bin/../lib/gcc/arm-none-eabi/4.7.3/../../../../arm-none-eabi/lib/armv7e-m/softfp/libc_s.a(lib_a-findfp.o)
_fwalk_reent                                      /opt/gcc-arm-none-eabi/bin/../lib/gcc/arm-none-eabi/4.7.3/../../../../arm-none-eabi/lib/armv7e-m/softfp/libc_s.a(lib_a-fwalk.o)
                                                  /opt/gcc-arm-none-eabi/bin/../lib/gcc/arm-none-eabi/4.7.3/../../../../arm-none-eabi/lib/armv7e-m/softfp/libc_s.a(lib_a-fflush.o)
_global_impure_ptr                                /opt/gcc-arm-none-eabi/bin/../lib/gcc/arm-none-eabi/4.7.3/../../../../arm-none-eabi/lib/armv7e-m/softfp/libc_s.a(lib_a-impure.o)
                                                  /opt/gcc-arm-none-eabi/bin/../lib/gcc/arm-none-eabi/4.7.3/../../../../arm-none-eabi/lib/armv7e-m/softfp/libc_s.a(lib_a-findfp.o)
                                                  /opt/gcc-arm-none-eabi/bin/../lib/gcc/arm-none-eabi/4.7.3/../../../../arm-none-eabi/lib/armv7e-m/softfp/libc_s.a(lib_a-fflush.o)
_impure_ptr                                       /opt/gcc-arm-none-eabi/bin/../lib/gcc/arm-none-eabi/4.7.3/../../../../arm-none-eabi/lib/armv7e-m/softfp/libc_s.a(lib_a-impure.o)
                                                  /opt/gcc-arm-none-eabi/bin/../lib/gcc/arm-none-eabi/4.7.3/../../../../arm-none-eabi/lib/armv7e-m/softfp/libc_s.a(lib_a-reent.o)
                                                  /opt/gcc-arm-none-eabi/bin/../lib/gcc/arm-none-eabi/4.7.3/../../../../arm-none-eabi/lib/armv7e-m/softfp/libc_s.a(lib_a-wcrtomb.o)
                                                  /opt/gcc-arm-none-eabi/bin/../lib/gcc/arm-none-eabi/4.7.3/../../../../arm-none-eabi/lib/armv7e-m/softfp/libc_s.a(lib_a-putc.o)
                                                  /opt/gcc-arm-none-eabi/bin/../lib/gcc/arm-none-eabi/4.7.3/../../../../arm-none-eabi/lib/armv7e-m/softfp/libc_s.a(lib_a-malloc.o)
                                                  /opt/gcc-arm-none-eabi/bin/../lib/gcc/arm-none-eabi/4.7.3/../../../../arm-none-eabi/lib/armv7e-m/softfp/libc_s.a(lib_a-locale.o)
                                                  /opt/gcc-arm-none-eabi/bin/../lib/gcc/arm-none-eabi/4.7.3/../../../../arm-none-eabi/lib/armv7e-m/softfp/libc_s.a(lib_a-fputwc.o)
                                                  /opt/gcc-arm-none-eabi/bin/../lib/gcc/arm-none-eabi/4.7.3/../../../../arm-none-eabi/lib/armv7e-m/softfp/libc_s.a(lib_a-findfp.o)
                                                  /opt/gcc-arm-none-eabi/bin/../lib/gcc/arm-none-eabi/4.7.3/../../../../arm-none-eabi/lib/armv7e-m/softfp/libc_s.a(lib_a-fflush.o)
                                                  /opt/gcc-arm-none-eabi/bin/../lib/gcc/arm-none-eabi/4.7.3/../../../../arm-none-eabi/lib/armv7e-m/softfp/libc_s.a(lib_a-wsetup.o)
                                                  /opt/gcc-arm-none-eabi/bin/../lib/gcc/arm-none-eabi/4.7.3/../../../../arm-none-eabi/lib/armv7e-m/softfp/libc_s.a(lib_a-wbuf.o)
                                                  /opt/gcc-arm-none-eabi/bin/../lib/gcc/arm-none-eabi/4.7.3/../../../../arm-none-eabi/lib/armv7e-m/softfp/libc_s.a(lib_a-vfprintf.o)
                                                  /opt/gcc-arm-none-eabi/bin/../lib/gcc/arm-none-eabi/4.7.3/../../../../arm-none-eabi/lib/armv7e-m/softfp/libc_s.a(lib_a-puts.o)
                                                  /opt/gcc-arm-none-eabi/bin/../lib/gcc/arm-none-eabi/4.7.3/../../../../arm-none-eabi/lib/armv7e-m/softfp/libc_s.a(lib_a-printf.o)
_iprintf_r                                        /opt/gcc-arm-none-eabi/bin/../lib/gcc/arm-none-eabi/4.7.3/../../../../arm-none-eabi/lib/armv7e-m/softfp/libc_s.a(lib_a-printf.o)
_isatty                                           .obj/syscalls.o
                                                  /opt/gcc-arm-none-eabi/bin/../lib/gcc/arm-none-eabi/4.7.3/../../../../arm-none-eabi/lib/armv7e-m/softfp/libc_s.a(lib_a-isattyr.o)
_isatty_r                                         /opt/gcc-arm-none-eabi/bin/../lib/gcc/arm-none-eabi/4.7.3/../../../../arm-none-eabi/lib/armv7e-m/softfp/libc_s.a(lib_a-isattyr.o)
                                                  /opt/gcc-arm-none-eabi/bin/../lib/gcc/arm-none-eabi/4.7.3/../../../../arm-none-eabi/lib/armv7e-m/softfp/libc_s.a(lib_a-makebuf.o)
_localeconv_r                                     /opt/gcc-arm-none-eabi/bin/../lib/gcc/arm-none-eabi/4.7.3/../../../../arm-none-eabi/lib/armv7e-m/softfp/libc_s.a(lib_a-locale.o)
                                                  /opt/gcc-arm-none-eabi/bin/../lib/gcc/arm-none-eabi/4.7.3/../../../../arm-none-eabi/lib/armv7e-m/softfp/libc_s.a(lib_a-vfprintf_float.o)
_lseek                                            .obj/syscalls.o
                                                  /opt/gcc-arm-none-eabi/bin/../lib/gcc/arm-none-eabi/4.7.3/../../../../arm-none-eabi/lib/armv7e-m/softfp/libc_s.a(lib_a-lseekr.o)
_lseek_r                                          /opt/gcc-arm-none-eabi/bin/../lib/gcc/arm-none-eabi/4.7.3/../../../../arm-none-eabi/lib/armv7e-m/softfp/libc_s.a(lib_a-lseekr.o)
                                                  /opt/gcc-arm-none-eabi/bin/../lib/gcc/arm-none-eabi/4.7.3/../../../../arm-none-eabi/lib/armv7e-m/softfp/libc_s.a(lib_a-stdio.o)
_malloc_r                                         /opt/gcc-arm-none-eabi/bin/../lib/gcc/arm-none-eabi/4.7.3/../../../../arm-none-eabi/lib/armv7e-m/softfp/libc_s.a(lib_a-mallocr.o)
                                                  /opt/gcc-arm-none-eabi/bin/../lib/gcc/arm-none-eabi/4.7.3/../../../../arm-none-eabi/lib/armv7e-m/softfp/libc_s.a(lib_a-callocr.o)
                                                  /opt/gcc-arm-none-eabi/bin/../lib/gcc/arm-none-eabi/4.7.3/../../../../arm-none-eabi/lib/armv7e-m/softfp/libc_s.a(lib_a-reallocr.o)
                                                  /opt/gcc-arm-none-eabi/bin/../lib/gcc/arm-none-eabi/4.7.3/../../../../arm-none-eabi/lib/armv7e-m/softfp/libc_s.a(lib_a-malloc.o)
                                                  /opt/gcc-arm-none-eabi/bin/../lib/gcc/arm-none-eabi/4.7.3/../../../../arm-none-eabi/lib/armv7e-m/softfp/libc_s.a(lib_a-makebuf.o)
                                                  /opt/gcc-arm-none-eabi/bin/../lib/gcc/arm-none-eabi/4.7.3/../../../../arm-none-eabi/lib/armv7e-m/softfp/libc_s.a(lib_a-fvwrite.o)
                                                  /opt/gcc-arm-none-eabi/bin/../lib/gcc/arm-none-eabi/4.7.3/../../../../arm-none-eabi/lib/armv7e-m/softfp/libc_s.a(lib_a-findfp.o)
_malloc_usable_size_r                             /opt/gcc-arm-none-eabi/bin/../lib/gcc/arm-none-eabi/4.7.3/../../../../arm-none-eabi/lib/armv7e-m/softfp/libc_s.a(lib_a-msizer.o)
                                                  /opt/gcc-arm-none-eabi/bin/../lib/gcc/arm-none-eabi/4.7.3/../../../../arm-none-eabi/lib/armv7e-m/softfp/libc_s.a(lib_a-reallocr.o)
_mprec_log10                                      /opt/gcc-arm-none-eabi/bin/../lib/gcc/arm-none-eabi/4.7.3/../../../../arm-none-eabi/lib/armv7e-m/softfp/libc_s.a(lib_a-mprec.o)
_open                                             .obj/syscalls.o
_printf_common                                    /opt/gcc-arm-none-eabi/bin/../lib/gcc/arm-none-eabi/4.7.3/../../../../arm-none-eabi/lib/armv7e-m/softfp/libc_s.a(lib_a-vfprintf_i.o)
                                                  /opt/gcc-arm-none-eabi/bin/../lib/gcc/arm-none-eabi/4.7.3/../../../../arm-none-eabi/lib/armv7e-m/softfp/libc_s.a(lib_a-vfprintf_float.o)
_printf_float                                     /opt/gcc-arm-none-eabi/bin/../lib/gcc/arm-none-eabi/4.7.3/../../../../arm-none-eabi/lib/armv7e-m/softfp/libc_s.a(lib_a-vfprintf_float.o)
                                                  /opt/gcc-arm-none-eabi/bin/../lib/gcc/arm-none-eabi/4.7.3/../../../../arm-none-eabi/lib/armv7e-m/softfp/libc_s.a(lib_a-vfprintf.o)
_printf_i                                         /opt/gcc-arm-none-eabi/bin/../lib/gcc/arm-none-eabi/4.7.3/../../../../arm-none-eabi/lib/armv7e-m/softfp/libc_s.a(lib_a-vfprintf_i.o)
                                                  /opt/gcc-arm-none-eabi/bin/../lib/gcc/arm-none-eabi/4.7.3/../../../../arm-none-eabi/lib/armv7e-m/softfp/libc_s.a(lib_a-vfprintf.o)
_printf_r                                         /opt/gcc-arm-none-eabi/bin/../lib/gcc/arm-none-eabi/4.7.3/../../../../arm-none-eabi/lib/armv7e-m/softfp/libc_s.a(lib_a-printf.o)
_putc_r                                           /opt/gcc-arm-none-eabi/bin/../lib/gcc/arm-none-eabi/4.7.3/../../../../arm-none-eabi/lib/armv7e-m/softfp/libc_s.a(lib_a-putc.o)
                                                  /opt/gcc-arm-none-eabi/bin/../lib/gcc/arm-none-eabi/4.7.3/../../../../arm-none-eabi/lib/armv7e-m/softfp/libc_s.a(lib_a-puts.o)
_puts_r                                           /opt/gcc-arm-none-eabi/bin/../lib/gcc/arm-none-eabi/4.7.3/../../../../arm-none-eabi/lib/armv7e-m/softfp/libc_s.a(lib_a-puts.o)
_read                                             .obj/syscalls.o
                                                  /opt/gcc-arm-none-eabi/bin/../lib/gcc/arm-none-eabi/4.7.3/../../../../arm-none-eabi/lib/armv7e-m/softfp/libc_s.a(lib_a-readr.o)
_read_r                                           /opt/gcc-arm-none-eabi/bin/../lib/gcc/arm-none-eabi/4.7.3/../../../../arm-none-eabi/lib/armv7e-m/softfp/libc_s.a(lib_a-readr.o)
                                                  /opt/gcc-arm-none-eabi/bin/../lib/gcc/arm-none-eabi/4.7.3/../../../../arm-none-eabi/lib/armv7e-m/softfp/libc_s.a(lib_a-stdio.o)
_realloc_r                                        /opt/gcc-arm-none-eabi/bin/../lib/gcc/arm-none-eabi/4.7.3/../../../../arm-none-eabi/lib/armv7e-m/softfp/libc_s.a(lib_a-reallocr.o)
                                                  /opt/gcc-arm-none-eabi/bin/../lib/gcc/arm-none-eabi/4.7.3/../../../../arm-none-eabi/lib/armv7e-m/softfp/libc_s.a(lib_a-fvwrite.o)
_reclaim_reent                                    /opt/gcc-arm-none-eabi/bin/../lib/gcc/arm-none-eabi/4.7.3/../../../../arm-none-eabi/lib/armv7e-m/softfp/libc_s.a(lib_a-reent.o)
_sbrk                                             .obj/syscalls.o
                                                  /opt/gcc-arm-none-eabi/bin/../lib/gcc/arm-none-eabi/4.7.3/../../../../arm-none-eabi/lib/armv7e-m/softfp/libc_s.a(lib_a-sbrkr.o)
_sbrk_r                                           /opt/gcc-arm-none-eabi/bin/../lib/gcc/arm-none-eabi/4.7.3/../../../../arm-none-eabi/lib/armv7e-m/softfp/libc_s.a(lib_a-sbrkr.o)
                                                  /opt/gcc-arm-none-eabi/bin/../lib/gcc/arm-none-eabi/4.7.3/../../../../arm-none-eabi/lib/armv7e-m/softfp/libc_s.a(lib_a-mallocr.o)
_setlocale_r                                      /opt/gcc-arm-none-eabi/bin/../lib/gcc/arm-none-eabi/4.7.3/../../../../arm-none-eabi/lib/armv7e-m/softfp/libc_s.a(lib_a-locale.o)
_vfiprintf_r                                      /opt/gcc-arm-none-eabi/bin/../lib/gcc/arm-none-eabi/4.7.3/../../../../arm-none-eabi/lib/armv7e-m/softfp/libc_s.a(lib_a-vfprintf.o)
_vfprintf_r                                       /opt/gcc-arm-none-eabi/bin/../lib/gcc/arm-none-eabi/4.7.3/../../../../arm-none-eabi/lib/armv7e-m/softfp/libc_s.a(lib_a-vfprintf.o)
                                                  /opt/gcc-arm-none-eabi/bin/../lib/gcc/arm-none-eabi/4.7.3/../../../../arm-none-eabi/lib/armv7e-m/softfp/libc_s.a(lib_a-printf.o)
_wcrtomb_r                                        /opt/gcc-arm-none-eabi/bin/../lib/gcc/arm-none-eabi/4.7.3/../../../../arm-none-eabi/lib/armv7e-m/softfp/libc_s.a(lib_a-wcrtomb.o)
                                                  /opt/gcc-arm-none-eabi/bin/../lib/gcc/arm-none-eabi/4.7.3/../../../../arm-none-eabi/lib/armv7e-m/softfp/libc_s.a(lib_a-fputwc.o)
_wctomb_r                                         /opt/gcc-arm-none-eabi/bin/../lib/gcc/arm-none-eabi/4.7.3/../../../../arm-none-eabi/lib/armv7e-m/softfp/libc_s.a(lib_a-wctomb_r.o)
_wrapup_reent                                     /opt/gcc-arm-none-eabi/bin/../lib/gcc/arm-none-eabi/4.7.3/../../../../arm-none-eabi/lib/armv7e-m/softfp/libc_s.a(lib_a-reent.o)
_write                                            .obj/syscalls.o
                                                  /opt/gcc-arm-none-eabi/bin/../lib/gcc/arm-none-eabi/4.7.3/../../../../arm-none-eabi/lib/armv7e-m/softfp/libc_s.a(lib_a-writer.o)
_write_r                                          /opt/gcc-arm-none-eabi/bin/../lib/gcc/arm-none-eabi/4.7.3/../../../../arm-none-eabi/lib/armv7e-m/softfp/libc_s.a(lib_a-writer.o)
                                                  /opt/gcc-arm-none-eabi/bin/../lib/gcc/arm-none-eabi/4.7.3/../../../../arm-none-eabi/lib/armv7e-m/softfp/libc_s.a(lib_a-stdio.o)
cleanup_glue                                      /opt/gcc-arm-none-eabi/bin/../lib/gcc/arm-none-eabi/4.7.3/../../../../arm-none-eabi/lib/armv7e-m/softfp/libc_s.a(lib_a-reent.o)
errno                                             /opt/gcc-arm-none-eabi/bin/../lib/gcc/arm-none-eabi/4.7.3/../../../../arm-none-eabi/lib/armv7e-m/softfp/libc_s.a(lib_a-reent.o)
                                                  /opt/gcc-arm-none-eabi/bin/../lib/gcc/arm-none-eabi/4.7.3/../../../../arm-none-eabi/lib/armv7e-m/softfp/libc_s.a(lib_a-readr.o)
                                                  /opt/gcc-arm-none-eabi/bin/../lib/gcc/arm-none-eabi/4.7.3/../../../../arm-none-eabi/lib/armv7e-m/softfp/libc_s.a(lib_a-lseekr.o)
                                                  /opt/gcc-arm-none-eabi/bin/../lib/gcc/arm-none-eabi/4.7.3/../../../../arm-none-eabi/lib/armv7e-m/softfp/libc_s.a(lib_a-isattyr.o)
                                                  /opt/gcc-arm-none-eabi/bin/../lib/gcc/arm-none-eabi/4.7.3/../../../../arm-none-eabi/lib/armv7e-m/softfp/libc_s.a(lib_a-fstatr.o)
                                                  /opt/gcc-arm-none-eabi/bin/../lib/gcc/arm-none-eabi/4.7.3/../../../../arm-none-eabi/lib/armv7e-m/softfp/libc_s.a(lib_a-closer.o)
                                                  /opt/gcc-arm-none-eabi/bin/../lib/gcc/arm-none-eabi/4.7.3/../../../../arm-none-eabi/lib/armv7e-m/softfp/libc_s.a(lib_a-writer.o)
                                                  /opt/gcc-arm-none-eabi/bin/../lib/gcc/arm-none-eabi/4.7.3/../../../../arm-none-eabi/lib/armv7e-m/softfp/libc_s.a(lib_a-sbrkr.o)
fflush                                            /opt/gcc-arm-none-eabi/bin/../lib/gcc/arm-none-eabi/4.7.3/../../../../arm-none-eabi/lib/armv7e-m/softfp/libc_s.a(lib_a-fflush.o)
fputwc                                            /opt/gcc-arm-none-eabi/bin/../lib/gcc/arm-none-eabi/4.7.3/../../../../arm-none-eabi/lib/armv7e-m/softfp/libc_s.a(lib_a-fputwc.o)
free                                              /opt/gcc-arm-none-eabi/bin/../lib/gcc/arm-none-eabi/4.7.3/../../../../arm-none-eabi/lib/armv7e-m/softfp/libc_s.a(lib_a-malloc.o)
g_pfnVectors                                      .obj/startup.o
heap_end                                          .obj/syscalls.o
iprintf                                           /opt/gcc-arm-none-eabi/bin/../lib/gcc/arm-none-eabi/4.7.3/../../../../arm-none-eabi/lib/armv7e-m/softfp/libc_s.a(lib_a-printf.o)
localeconv                                        /opt/gcc-arm-none-eabi/bin/../lib/gcc/arm-none-eabi/4.7.3/../../../../arm-none-eabi/lib/armv7e-m/softfp/libc_s.a(lib_a-locale.o)
main                                              .obj/proj0.o
                                                  .obj/startup.o
malloc                                            /opt/gcc-arm-none-eabi/bin/../lib/gcc/arm-none-eabi/4.7.3/../../../../arm-none-eabi/lib/armv7e-m/softfp/libc_s.a(lib_a-malloc.o)
                                                  /opt/gcc-arm-none-eabi/bin/../lib/gcc/arm-none-eabi/4.7.3/../../../../arm-none-eabi/lib/armv7e-m/softfp/libc_s.a(lib_a-mprec.o)
                                                  /opt/gcc-arm-none-eabi/bin/../lib/gcc/arm-none-eabi/4.7.3/../../../../arm-none-eabi/lib/armv7e-m/softfp/libc_s.a(lib_a-dtoa.o)
memchr                                            /opt/gcc-arm-none-eabi/bin/../lib/gcc/arm-none-eabi/4.7.3/../../../../arm-none-eabi/lib/armv7e-m/softfp/libc_s.a(lib_a-memchr.o)
                                                  /opt/gcc-arm-none-eabi/bin/../lib/gcc/arm-none-eabi/4.7.3/../../../../arm-none-eabi/lib/armv7e-m/softfp/libc_s.a(lib_a-fvwrite.o)
                                                  /opt/gcc-arm-none-eabi/bin/../lib/gcc/arm-none-eabi/4.7.3/../../../../arm-none-eabi/lib/armv7e-m/softfp/libc_s.a(lib_a-vfprintf.o)
memcpy                                            /opt/gcc-arm-none-eabi/bin/../lib/gcc/arm-none-eabi/4.7.3/../../../../arm-none-eabi/lib/armv7e-m/softfp/libc_s.a(lib_a-memcpy.o)
                                                  /opt/gcc-arm-none-eabi/bin/../lib/gcc/arm-none-eabi/4.7.3/../../../../arm-none-eabi/lib/armv7e-m/softfp/libc_s.a(lib_a-reallocr.o)
                                                  /opt/gcc-arm-none-eabi/bin/../lib/gcc/arm-none-eabi/4.7.3/../../../../arm-none-eabi/lib/armv7e-m/softfp/libc_s.a(lib_a-mprec.o)
                                                  /opt/gcc-arm-none-eabi/bin/../lib/gcc/arm-none-eabi/4.7.3/../../../../arm-none-eabi/lib/armv7e-m/softfp/libc_s.a(lib_a-fvwrite.o)
                                                  /opt/gcc-arm-none-eabi/bin/../lib/gcc/arm-none-eabi/4.7.3/../../../../arm-none-eabi/lib/armv7e-m/softfp/libc_s.a(lib_a-dtoa.o)
memmove                                           /opt/gcc-arm-none-eabi/bin/../lib/gcc/arm-none-eabi/4.7.3/../../../../arm-none-eabi/lib/armv7e-m/softfp/libc_s.a(lib_a-memmove.o)
                                                  /opt/gcc-arm-none-eabi/bin/../lib/gcc/arm-none-eabi/4.7.3/../../../../arm-none-eabi/lib/armv7e-m/softfp/libc_s.a(lib_a-fvwrite.o)
memset                                            /opt/gcc-arm-none-eabi/bin/../lib/gcc/arm-none-eabi/4.7.3/../../../../arm-none-eabi/lib/armv7e-m/softfp/libc_s.a(lib_a-memset.o)
                                                  /opt/gcc-arm-none-eabi/bin/../lib/gcc/arm-none-eabi/4.7.3/../../../../arm-none-eabi/lib/armv7e-m/softfp/libc_s.a(lib_a-callocr.o)
                                                  /opt/gcc-arm-none-eabi/bin/../lib/gcc/arm-none-eabi/4.7.3/../../../../arm-none-eabi/lib/armv7e-m/softfp/libc_s.a(lib_a-findfp.o)
printf                                            /opt/gcc-arm-none-eabi/bin/../lib/gcc/arm-none-eabi/4.7.3/../../../../arm-none-eabi/lib/armv7e-m/softfp/libc_s.a(lib_a-printf.o)
                                                  .obj/proj0.o